	         0 Reset : 1
	         0 t.go.a : 0
	         0 t.go.r : 0
	         0 _Reset : 0
	        10 t.var_d.v.t : 0  [by Reset:=1]
	        10 t.var_w.v.t : 0  [by Reset:=1]
	        10 t.var_b.v.t : 0  [by Reset:=1]
	        10 t.var_x.v.t : 0  [by Reset:=1]
	        10 t.var_a.v.t : 0  [by Reset:=1]
	        10 t.var_c.v.t : 0  [by Reset:=1]
	        10 t.var_y.v.t : 0  [by Reset:=1]
	        10 t.var_z.v.t : 0  [by Reset:=1]
	        30 t.var_w.v.f : 1  [by t.c_40.a:=0]
	        30 t.var_d.v.f : 1  [by t.c_18.a:=0]
	        30 t.var_b.v.f : 1  [by t.c_29.a:=0]
	        30 t.var_a.v.f : 1  [by t.c_87.a:=0]
	        30 t.var_c.v.f : 1  [by t.c_16.a:=0]
	        30 t.var_y.v.f : 1  [by t.var_y.v.t:=0]
	        50 t.var_x.v.f : 1  [by t.s_6.in.t:=0]
	        50 t.var_z.v.f : 1  [by t.s_60.in.t:=0]
	       170 Reset : 0
	       170 _Reset : 1
	       170 t.go.r : 1
	       390 t.var_x.v.f : 0  [by t.s_6.in.t:=1]
	       410 t.var_x.v.t : 1  [by t.var_x.v.f:=0]
	       530 t.var_y.v.f : 0  [by t.s_9.in.t:=1]
	       550 t.var_y.v.t : 1  [by t.var_y.v.f:=0]
	       890 t.var_z.v.f : 0  [by t.e_6.out.t:=1]
	       910 t.var_z.v.t : 1  [by t.var_z.v.f:=0]
	      1030 t.var_w.v.f : 0  [by t.e_8.out.t:=1]
	      1050 t.var_w.v.t : 1  [by t.var_w.v.f:=0]
	      1170 t.var_a.v.f : 0  [by t.s_18.in.t:=1]
	      1190 t.var_a.v.t : 1  [by t.var_a.v.f:=0]
	      1310 t.var_b.v.f : 0  [by t.s_21.in.t:=1]
	      1330 t.var_b.v.t : 1  [by t.var_b.v.f:=0]
	      1450 t.var_c.v.f : 0  [by t.s_24.in.t:=1]
	      1470 t.var_c.v.t : 1  [by t.var_c.v.f:=0]
	      1590 t.var_d.v.f : 0  [by t.s_27.in.t:=1]
	      1610 t.var_d.v.t : 1  [by t.var_d.v.f:=0]
	      1700 t.var_x.v.t : 0  [by t.s_30.in.f:=1]
	      1720 t.var_x.v.f : 1  [by t.var_x.v.t:=0]
	      1810 t.var_y.v.t : 0  [by t.s_33.in.f:=1]
	      1830 t.var_y.v.f : 1  [by t.var_y.v.t:=0]
	      2660 t.var_z.v.t : 0  [by t.s_36.in.f:=1]
	      2680 t.var_z.v.f : 1  [by t.var_z.v.t:=0]
	      2770 t.var_w.v.t : 0  [by t.s_39.in.f:=1]
	      2790 t.var_w.v.f : 1  [by t.var_w.v.t:=0]
	      2880 t.var_a.v.t : 0  [by t.s_42.in.f:=1]
	      2900 t.var_a.v.f : 1  [by t.var_a.v.t:=0]
	      2990 t.var_b.v.t : 0  [by t.s_45.in.f:=1]
	      3010 t.var_b.v.f : 1  [by t.var_b.v.t:=0]
	      3100 t.var_c.v.t : 0  [by t.s_48.in.f:=1]
	      3120 t.var_c.v.f : 1  [by t.var_c.v.t:=0]
	      3210 t.var_d.v.t : 0  [by t.s_51.in.f:=1]
	      3230 t.var_d.v.f : 1  [by t.var_d.v.t:=0]
	      3350 t.var_x.v.f : 0  [by t.s_54.in.t:=1]
	      3370 t.var_x.v.t : 1  [by t.var_x.v.f:=0]
	      3490 t.var_y.v.f : 0  [by t.s_57.in.t:=1]
	      3510 t.var_y.v.t : 1  [by t.var_y.v.f:=0]
	      4370 t.var_z.v.f : 0  [by t.s_60.in.t:=1]
	      4390 t.var_z.v.t : 1  [by t.var_z.v.f:=0]
	      4510 t.var_w.v.f : 0  [by t.s_63.in.t:=1]
	      4530 t.var_w.v.t : 1  [by t.var_w.v.f:=0]
	      4650 t.var_a.v.f : 0  [by t.s_66.in.t:=1]
	      4670 t.var_a.v.t : 1  [by t.var_a.v.f:=0]
	      4790 t.var_b.v.f : 0  [by t.s_69.in.t:=1]
	      4810 t.var_b.v.t : 1  [by t.var_b.v.f:=0]
	      4930 t.var_c.v.f : 0  [by t.s_72.in.t:=1]
	      4950 t.var_c.v.t : 1  [by t.var_c.v.f:=0]
	      5070 t.var_d.v.f : 0  [by t.s_75.in.t:=1]
	      5090 t.var_d.v.t : 1  [by t.var_d.v.f:=0]
	      5180 t.var_x.v.t : 0  [by t.s_78.in.f:=1]
	      5200 t.var_x.v.f : 1  [by t.var_x.v.t:=0]
	      5290 t.var_y.v.t : 0  [by t.s_81.in.f:=1]
	      5310 t.var_y.v.f : 1  [by t.var_y.v.t:=0]
	      6140 t.var_z.v.t : 0  [by t.s_84.in.f:=1]
	      6160 t.var_z.v.f : 1  [by t.var_z.v.t:=0]
	      6250 t.var_w.v.t : 0  [by t.s_87.in.f:=1]
	      6270 t.var_w.v.f : 1  [by t.var_w.v.t:=0]
	      6360 t.var_a.v.t : 0  [by t.s_90.in.f:=1]
	      6380 t.var_a.v.f : 1  [by t.var_a.v.t:=0]
	      6470 t.var_b.v.t : 0  [by t.s_93.in.f:=1]
	      6490 t.var_b.v.f : 1  [by t.var_b.v.t:=0]
	      6580 t.var_c.v.t : 0  [by t.s_96.in.f:=1]
	      6600 t.var_c.v.f : 1  [by t.var_c.v.t:=0]
	      6690 t.var_d.v.t : 0  [by t.s_99.in.f:=1]
	      6710 t.var_d.v.f : 1  [by t.var_d.v.t:=0]
	      6830 t.var_x.v.f : 0  [by t.e_66.out.t:=1]
	      6850 t.var_x.v.t : 1  [by t.var_x.v.f:=0]
	      6970 t.var_y.v.f : 0  [by t.e_68.out.t:=1]
	      6990 t.var_y.v.t : 1  [by t.var_y.v.f:=0]
	      7850 t.var_z.v.f : 0  [by t.e_70.out.t:=1]
	      7870 t.var_z.v.t : 1  [by t.var_z.v.f:=0]
	      7990 t.var_w.v.f : 0  [by t.e_72.out.t:=1]
	      8010 t.var_w.v.t : 1  [by t.var_w.v.f:=0]
	      8130 t.var_a.v.f : 0  [by t.e_74.out.t:=1]
	      8150 t.var_a.v.t : 1  [by t.var_a.v.f:=0]
	      8270 t.var_b.v.f : 0  [by t.e_76.out.t:=1]
	      8290 t.var_b.v.t : 1  [by t.var_b.v.f:=0]
	      8410 t.var_c.v.f : 0  [by t.e_78.out.t:=1]
	      8430 t.var_c.v.t : 1  [by t.var_c.v.f:=0]
	      8550 t.var_d.v.f : 0  [by t.e_80.out.t:=1]
	      8570 t.var_d.v.t : 1  [by t.var_d.v.f:=0]
	      8660 t.var_x.v.t : 0  [by t.e_82.out.f:=1]
	      8680 t.var_x.v.f : 1  [by t.var_x.v.t:=0]
	      8770 t.var_y.v.t : 0  [by t.e_84.out.f:=1]
	      8790 t.var_y.v.f : 1  [by t.var_y.v.t:=0]
	      9620 t.var_z.v.t : 0  [by t.e_86.out.f:=1]
	      9640 t.var_z.v.f : 1  [by t.var_z.v.t:=0]
	      9730 t.var_w.v.t : 0  [by t.e_88.out.f:=1]
	      9750 t.var_w.v.f : 1  [by t.var_w.v.t:=0]
	      9840 t.var_a.v.t : 0  [by t.e_90.out.f:=1]
	      9860 t.var_a.v.f : 1  [by t.var_a.v.t:=0]
	      9950 t.var_b.v.t : 0  [by t.e_92.out.f:=1]
	      9970 t.var_b.v.f : 1  [by t.var_b.v.t:=0]
	     10060 t.var_c.v.t : 0  [by t.e_94.out.f:=1]
	     10080 t.var_c.v.f : 1  [by t.var_c.v.t:=0]
	     10170 t.var_d.v.t : 0  [by t.e_96.out.f:=1]
	     10190 t.var_d.v.f : 1  [by t.var_d.v.t:=0]
	     10210 t.go.a : 1  [by t.s_147._goa:=0]
