	         0 Reset : 1
	         0 t.go.a : 0
	         0 t.go.r : 0
	         0 _Reset : 0
	        10 t.var_x.v.t : 0  [by Reset:=1]
	        50 t.var_x.v.f : 1  [by t.s_23.in.t:=0]
	       270 Reset : 0
	       270 _Reset : 1
	       270 t.go.r : 1
	       590 t.var_x.v.f : 0  [by t.e_2.out.t:=1]
	       610 t.var_x.v.t : 1  [by t.var_x.v.f:=0]
	       840 t.var_x.v.t : 0  [by t.e_4.out.f:=1]
	       860 t.var_x.v.f : 1  [by t.var_x.v.t:=0]
	      1160 t.var_x.v.f : 0  [by t.e_6.out.t:=1]
	      1180 t.var_x.v.t : 1  [by t.var_x.v.f:=0]
	      1450 t.var_x.v.t : 0  [by t.e_8.out.f:=1]
	      1470 t.var_x.v.f : 1  [by t.var_x.v.t:=0]
	      1770 t.var_x.v.f : 0  [by t.s_23.in.t:=1]
	      1790 t.var_x.v.t : 1  [by t.var_x.v.f:=0]
	      2060 t.var_x.v.t : 0  [by t.s_26.in.f:=1]
	      2080 t.var_x.v.f : 1  [by t.var_x.v.t:=0]
	      2380 t.var_x.v.f : 0  [by t.s_29.in.t:=1]
	      2400 t.var_x.v.t : 1  [by t.var_x.v.f:=0]
	      2670 t.var_x.v.t : 0  [by t.s_32.in.f:=1]
	      2690 t.var_x.v.f : 1  [by t.var_x.v.t:=0]
	      2990 t.var_x.v.f : 0  [by t.s_35.in.t:=1]
	      3010 t.var_x.v.t : 1  [by t.var_x.v.f:=0]
	      3280 t.var_x.v.t : 0  [by t.s_38.in.f:=1]
	      3300 t.var_x.v.f : 1  [by t.var_x.v.t:=0]
	      3600 t.var_x.v.f : 0  [by t.s_41.in.t:=1]
	      3620 t.var_x.v.t : 1  [by t.var_x.v.f:=0]
	      3890 t.var_x.v.t : 0  [by t.s_44.in.f:=1]
	      3910 t.var_x.v.f : 1  [by t.var_x.v.t:=0]
	      3930 t.go.a : 1  [by t.s_44._goa:=0]
