	         0 Reset : 1
	         0 t.go.a : 0
	         0 t.go.r : 0
	         0 _Reset : 0
	        10 t.var_y.v.t : 0  [by Reset:=1]
	        10 t.var_w.v.t : 0  [by Reset:=1]
	        10 t.var_a.v.t : 0  [by Reset:=1]
	        10 t.var_z.v.t : 0  [by Reset:=1]
	        10 t.var_d.v.t : 0  [by Reset:=1]
	        10 t.var_b.v.t : 0  [by Reset:=1]
	        10 t.var_x.v.t : 0  [by Reset:=1]
	        10 t.var_c.v.t : 0  [by Reset:=1]
	        30 t.var_b.v.f : 1  [by t.c_126.a:=0]
	        30 t.var_d.v.f : 1  [by t.c_87.a:=0]
	        50 t.var_z.v.f : 1  [by t.s_188.in.t:=0]
	        50 t.var_w.v.f : 1  [by t.s_287.in.t:=0]
	        50 t.var_a.v.f : 1  [by t.s_242.in.t:=0]
	        50 t.var_y.v.f : 1  [by t.s_161.in.t:=0]
	        50 t.var_x.v.f : 1  [by t.e_2.out.t:=0]
	        50 t.var_c.v.f : 1  [by t.s_176.in.t:=0]
	       330 Reset : 0
	       330 _Reset : 1
	       330 t.go.r : 1
	       710 t.var_x.v.f : 0  [by t.e_2.out.t:=1]
	       730 t.var_x.v.t : 1  [by t.var_x.v.f:=0]
	       850 t.var_y.v.f : 0  [by t.e_4.out.t:=1]
	       870 t.var_y.v.t : 1  [by t.var_y.v.f:=0]
	       990 t.var_z.v.f : 0  [by t.e_6.out.t:=1]
	      1010 t.var_z.v.t : 1  [by t.var_z.v.f:=0]
	      1130 t.var_w.v.f : 0  [by t.e_8.out.t:=1]
	      1150 t.var_w.v.t : 1  [by t.var_w.v.f:=0]
	      1270 t.var_a.v.f : 0  [by t.s_26.in.t:=1]
	      1290 t.var_a.v.t : 1  [by t.var_a.v.f:=0]
	      1410 t.var_b.v.f : 0  [by t.s_29.in.t:=1]
	      1430 t.var_b.v.t : 1  [by t.var_b.v.f:=0]
	      1550 t.var_c.v.f : 0  [by t.s_32.in.t:=1]
	      1570 t.var_c.v.t : 1  [by t.var_c.v.f:=0]
	      1690 t.var_d.v.f : 0  [by t.s_35.in.t:=1]
	      1710 t.var_d.v.t : 1  [by t.var_d.v.f:=0]
	      2500 t.var_x.v.t : 0  [by t.s_38.in.f:=1]
	      2520 t.var_x.v.f : 1  [by t.var_x.v.t:=0]
	      2610 t.var_y.v.t : 0  [by t.s_41.in.f:=1]
	      2630 t.var_y.v.f : 1  [by t.var_y.v.t:=0]
	      2720 t.var_z.v.t : 0  [by t.s_44.in.f:=1]
	      2740 t.var_z.v.f : 1  [by t.var_z.v.t:=0]
	      2830 t.var_w.v.t : 0  [by t.s_47.in.f:=1]
	      2850 t.var_w.v.f : 1  [by t.var_w.v.t:=0]
	      2940 t.var_a.v.t : 0  [by t.s_50.in.f:=1]
	      2960 t.var_a.v.f : 1  [by t.var_a.v.t:=0]
	      3050 t.var_b.v.t : 0  [by t.s_53.in.f:=1]
	      3070 t.var_b.v.f : 1  [by t.var_b.v.t:=0]
	      3160 t.var_c.v.t : 0  [by t.s_56.in.f:=1]
	      3180 t.var_c.v.f : 1  [by t.var_c.v.t:=0]
	      3270 t.var_d.v.t : 0  [by t.s_59.in.f:=1]
	      3290 t.var_d.v.f : 1  [by t.var_d.v.t:=0]
	      4150 t.var_x.v.f : 0  [by t.s_62.in.t:=1]
	      4170 t.var_x.v.t : 1  [by t.var_x.v.f:=0]
	      4290 t.var_y.v.f : 0  [by t.s_65.in.t:=1]
	      4310 t.var_y.v.t : 1  [by t.var_y.v.f:=0]
	      4430 t.var_z.v.f : 0  [by t.s_68.in.t:=1]
	      4450 t.var_z.v.t : 1  [by t.var_z.v.f:=0]
	      4570 t.var_w.v.f : 0  [by t.s_71.in.t:=1]
	      4590 t.var_w.v.t : 1  [by t.var_w.v.f:=0]
	      4710 t.var_a.v.f : 0  [by t.s_74.in.t:=1]
	      4730 t.var_a.v.t : 1  [by t.var_a.v.f:=0]
	      4850 t.var_b.v.f : 0  [by t.s_77.in.t:=1]
	      4870 t.var_b.v.t : 1  [by t.var_b.v.f:=0]
	      4990 t.var_c.v.f : 0  [by t.s_80.in.t:=1]
	      5010 t.var_c.v.t : 1  [by t.var_c.v.f:=0]
	      5130 t.var_d.v.f : 0  [by t.s_83.in.t:=1]
	      5150 t.var_d.v.t : 1  [by t.var_d.v.f:=0]
	      5980 t.var_x.v.t : 0  [by t.s_86.in.f:=1]
	      6000 t.var_x.v.f : 1  [by t.var_x.v.t:=0]
	      6090 t.var_y.v.t : 0  [by t.s_89.in.f:=1]
	      6110 t.var_y.v.f : 1  [by t.var_y.v.t:=0]
	      6200 t.var_z.v.t : 0  [by t.s_92.in.f:=1]
	      6220 t.var_z.v.f : 1  [by t.var_z.v.t:=0]
	      6310 t.var_w.v.t : 0  [by t.s_95.in.f:=1]
	      6330 t.var_w.v.f : 1  [by t.var_w.v.t:=0]
	      6420 t.var_a.v.t : 0  [by t.s_98.in.f:=1]
	      6440 t.var_a.v.f : 1  [by t.var_a.v.t:=0]
	      6530 t.var_b.v.t : 0  [by t.e_60.out.f:=1]
	      6550 t.var_b.v.f : 1  [by t.var_b.v.t:=0]
	      6640 t.var_c.v.t : 0  [by t.e_62.out.f:=1]
	      6660 t.var_c.v.f : 1  [by t.var_c.v.t:=0]
	      6750 t.var_d.v.t : 0  [by t.e_64.out.f:=1]
	      6770 t.var_d.v.f : 1  [by t.var_d.v.t:=0]
	      7630 t.var_x.v.f : 0  [by t.e_66.out.t:=1]
	      7650 t.var_x.v.t : 1  [by t.var_x.v.f:=0]
	      7770 t.var_y.v.f : 0  [by t.e_68.out.t:=1]
	      7790 t.var_y.v.t : 1  [by t.var_y.v.f:=0]
	      7910 t.var_z.v.f : 0  [by t.e_70.out.t:=1]
	      7930 t.var_z.v.t : 1  [by t.var_z.v.f:=0]
	      8050 t.var_w.v.f : 0  [by t.e_72.out.t:=1]
	      8070 t.var_w.v.t : 1  [by t.var_w.v.f:=0]
	      8190 t.var_a.v.f : 0  [by t.e_74.out.t:=1]
	      8210 t.var_a.v.t : 1  [by t.var_a.v.f:=0]
	      8330 t.var_b.v.f : 0  [by t.e_76.out.t:=1]
	      8350 t.var_b.v.t : 1  [by t.var_b.v.f:=0]
	      8470 t.var_c.v.f : 0  [by t.e_78.out.t:=1]
	      8490 t.var_c.v.t : 1  [by t.var_c.v.f:=0]
	      8610 t.var_d.v.f : 0  [by t.e_80.out.t:=1]
	      8630 t.var_d.v.t : 1  [by t.var_d.v.f:=0]
	      9460 t.var_x.v.t : 0  [by t.e_82.out.f:=1]
	      9480 t.var_x.v.f : 1  [by t.var_x.v.t:=0]
	      9750 t.var_y.v.t : 0  [by t.e_84.out.f:=1]
	      9770 t.var_y.v.f : 1  [by t.var_y.v.t:=0]
	      9860 t.var_z.v.t : 0  [by t.e_86.out.f:=1]
	      9880 t.var_z.v.f : 1  [by t.var_z.v.t:=0]
	      9970 t.var_w.v.t : 0  [by t.e_88.out.f:=1]
	      9990 t.var_w.v.f : 1  [by t.var_w.v.t:=0]
	     10080 t.var_a.v.t : 0  [by t.e_90.out.f:=1]
	     10100 t.var_a.v.f : 1  [by t.var_a.v.t:=0]
	     10190 t.var_b.v.t : 0  [by t.e_92.out.f:=1]
	     10210 t.var_b.v.f : 1  [by t.var_b.v.t:=0]
	     10300 t.var_c.v.t : 0  [by t.e_94.out.f:=1]
	     10320 t.var_c.v.f : 1  [by t.var_c.v.t:=0]
	     10410 t.var_d.v.t : 0  [by t.e_96.out.f:=1]
	     10430 t.var_d.v.f : 1  [by t.var_d.v.t:=0]
	     10550 t.var_x.v.f : 0  [by t.e_98.out.t:=1]
	     10570 t.var_x.v.t : 1  [by t.var_x.v.f:=0]
	     11430 t.var_y.v.f : 0  [by t.s_161.in.t:=1]
	     11450 t.var_y.v.t : 1  [by t.var_y.v.f:=0]
	     11570 t.var_z.v.f : 0  [by t.s_164.in.t:=1]
	     11590 t.var_z.v.t : 1  [by t.var_z.v.f:=0]
	     11710 t.var_w.v.f : 0  [by t.s_167.in.t:=1]
	     11730 t.var_w.v.t : 1  [by t.var_w.v.f:=0]
	     11850 t.var_a.v.f : 0  [by t.s_170.in.t:=1]
	     11870 t.var_a.v.t : 1  [by t.var_a.v.f:=0]
	     11990 t.var_b.v.f : 0  [by t.s_173.in.t:=1]
	     12010 t.var_b.v.t : 1  [by t.var_b.v.f:=0]
	     12630 t.var_c.v.f : 0  [by t.s_176.in.t:=1]
	     12650 t.var_c.v.t : 1  [by t.var_c.v.f:=0]
	     12770 t.var_d.v.f : 0  [by t.s_179.in.t:=1]
	     12790 t.var_d.v.t : 1  [by t.var_d.v.f:=0]
	     12880 t.var_x.v.t : 0  [by t.s_182.in.f:=1]
	     12900 t.var_x.v.f : 1  [by t.var_x.v.t:=0]
	     12990 t.var_y.v.t : 0  [by t.s_185.in.f:=1]
	     13010 t.var_y.v.f : 1  [by t.var_y.v.t:=0]
	     13520 t.var_z.v.t : 0  [by t.s_188.in.f:=1]
	     13540 t.var_z.v.f : 1  [by t.var_z.v.t:=0]
	     13630 t.var_w.v.t : 0  [by t.s_191.in.f:=1]
	     13650 t.var_w.v.f : 1  [by t.var_w.v.t:=0]
	     13740 t.var_a.v.t : 0  [by t.s_194.in.f:=1]
	     13760 t.var_a.v.f : 1  [by t.var_a.v.t:=0]
	     13850 t.var_b.v.t : 0  [by t.s_197.in.f:=1]
	     13870 t.var_b.v.f : 1  [by t.var_b.v.t:=0]
	     13960 t.var_c.v.t : 0  [by t.s_200.in.f:=1]
	     13980 t.var_c.v.f : 1  [by t.var_c.v.t:=0]
	     14070 t.var_d.v.t : 0  [by t.s_203.in.f:=1]
	     14090 t.var_d.v.f : 1  [by t.var_d.v.t:=0]
	     14210 t.var_x.v.f : 0  [by t.s_206.in.t:=1]
	     14230 t.var_x.v.t : 1  [by t.var_x.v.f:=0]
	     14350 t.var_y.v.f : 0  [by t.s_209.in.t:=1]
	     14370 t.var_y.v.t : 1  [by t.var_y.v.f:=0]
	     15230 t.var_z.v.f : 0  [by t.s_212.in.t:=1]
	     15250 t.var_z.v.t : 1  [by t.var_z.v.f:=0]
	     15370 t.var_w.v.f : 0  [by t.s_215.in.t:=1]
	     15390 t.var_w.v.t : 1  [by t.var_w.v.f:=0]
	     15510 t.var_a.v.f : 0  [by t.s_218.in.t:=1]
	     15530 t.var_a.v.t : 1  [by t.var_a.v.f:=0]
	     15650 t.var_b.v.f : 0  [by t.s_221.in.t:=1]
	     15670 t.var_b.v.t : 1  [by t.var_b.v.f:=0]
	     15790 t.var_c.v.f : 0  [by t.s_224.in.t:=1]
	     15810 t.var_c.v.t : 1  [by t.var_c.v.f:=0]
	     15930 t.var_d.v.f : 0  [by t.s_227.in.t:=1]
	     15950 t.var_d.v.t : 1  [by t.var_d.v.f:=0]
	     16040 t.var_x.v.t : 0  [by t.s_230.in.f:=1]
	     16060 t.var_x.v.f : 1  [by t.var_x.v.t:=0]
	     16150 t.var_y.v.t : 0  [by t.s_233.in.f:=1]
	     16170 t.var_y.v.f : 1  [by t.var_y.v.t:=0]
	     17000 t.var_z.v.t : 0  [by t.s_236.in.f:=1]
	     17020 t.var_z.v.f : 1  [by t.var_z.v.t:=0]
	     17110 t.var_w.v.t : 0  [by t.s_239.in.f:=1]
	     17130 t.var_w.v.f : 1  [by t.var_w.v.t:=0]
	     17480 t.var_a.v.t : 0  [by t.s_242.in.f:=1]
	     17500 t.var_a.v.f : 1  [by t.var_a.v.t:=0]
	     17590 t.var_b.v.t : 0  [by t.s_245.in.f:=1]
	     17610 t.var_b.v.f : 1  [by t.var_b.v.t:=0]
	     17700 t.var_c.v.t : 0  [by t.s_248.in.f:=1]
	     17720 t.var_c.v.f : 1  [by t.var_c.v.t:=0]
	     17810 t.var_d.v.t : 0  [by t.s_251.in.f:=1]
	     17830 t.var_d.v.f : 1  [by t.var_d.v.t:=0]
	     17950 t.var_x.v.f : 0  [by t.s_254.in.t:=1]
	     17970 t.var_x.v.t : 1  [by t.var_x.v.f:=0]
	     18090 t.var_y.v.f : 0  [by t.s_257.in.t:=1]
	     18110 t.var_y.v.t : 1  [by t.var_y.v.f:=0]
	     18230 t.var_z.v.f : 0  [by t.s_260.in.t:=1]
	     18250 t.var_z.v.t : 1  [by t.var_z.v.f:=0]
	     18370 t.var_w.v.f : 0  [by t.s_263.in.t:=1]
	     18390 t.var_w.v.t : 1  [by t.var_w.v.f:=0]
	     19250 t.var_a.v.f : 0  [by t.s_266.in.t:=1]
	     19270 t.var_a.v.t : 1  [by t.var_a.v.f:=0]
	     19390 t.var_b.v.f : 0  [by t.s_269.in.t:=1]
	     19410 t.var_b.v.t : 1  [by t.var_b.v.f:=0]
	     19530 t.var_c.v.f : 0  [by t.s_272.in.t:=1]
	     19550 t.var_c.v.t : 1  [by t.var_c.v.f:=0]
	     19670 t.var_d.v.f : 0  [by t.s_275.in.t:=1]
	     19690 t.var_d.v.t : 1  [by t.var_d.v.f:=0]
	     19780 t.var_x.v.t : 0  [by t.s_278.in.f:=1]
	     19800 t.var_x.v.f : 1  [by t.var_x.v.t:=0]
	     19890 t.var_y.v.t : 0  [by t.s_281.in.f:=1]
	     19910 t.var_y.v.f : 1  [by t.var_y.v.t:=0]
	     20000 t.var_z.v.t : 0  [by t.s_284.in.f:=1]
	     20020 t.var_z.v.f : 1  [by t.var_z.v.t:=0]
	     20770 t.var_w.v.t : 0  [by t.s_287.in.f:=1]
	     20790 t.var_w.v.f : 1  [by t.var_w.v.t:=0]
	     20880 t.var_a.v.t : 0  [by t.s_290.in.f:=1]
	     20900 t.var_a.v.f : 1  [by t.var_a.v.t:=0]
	     20990 t.var_b.v.t : 0  [by t.s_293.in.f:=1]
	     21010 t.var_b.v.f : 1  [by t.var_b.v.t:=0]
	     21100 t.var_c.v.t : 0  [by t.s_296.in.f:=1]
	     21120 t.var_c.v.f : 1  [by t.var_c.v.t:=0]
	     21210 t.var_d.v.t : 0  [by t.s_299.in.f:=1]
	     21230 t.var_d.v.f : 1  [by t.var_d.v.t:=0]
	     21250 t.go.a : 1  [by t.s_299._goa:=0]
