Node `t.var_x.v.t' not found
Node `t.var_x.v.f' not found
Node `t.var_y.v.t' not found
Node `t.var_y.v.f' not found
Node `t.var_x.v.t' not found
Node `t.var_x.v.f' not found
Node `t.var_y.v.t' not found
Node `t.var_y.v.f' not found
	         0 Reset : 1
	         0 t.go.a : 0
	         0 t.go.r : 0
	         0 _Reset : 0
	       320 Reset : 0
	       320 _Reset : 1
Node `t.var_x.v.t' not found
Node `t.var_x.v.f' not found
Node `t.var_y.v.t' not found
Node `t.var_y.v.f' not found
	       320 t.go.r : 1
	     22180 t.go.a : 1  [by t.ct_14.l._out:=0]
Node `t.var_x.v.t' not found
Node `t.var_x.v.f' not found
Node `t.var_y.v.t' not found
Node `t.var_y.v.f' not found
