	         0 Reset : 1
	         0 t.go.a : 0
	         0 t.go.r : 0
	         0 _Reset : 0
	        10 t.var_x.v.t : 0  [by Reset:=1]
	        30 t.var_x.v.f : 1  [by t.var_x.v.t:=0]
	        80 Reset : 0
	        80 _Reset : 1
	        80 t.go.r : 1
	       280 t.go.a : 1  [by t.s_0._goa:=0]
