	         0 go.r : 1
	         0 go.a : 1
	         0 go.r : 0
	         0 go.a : 0
