	         0 Reset : 1
	         0 t.go.a : 0
	         0 t.go.r : 0
	         0 _Reset : 0
	        10 t.var_x.v.t : 0  [by Reset:=1]
	        30 t.var_x.v.f : 1  [by t.c_19.a:=0]
	        80 Reset : 0
	        80 _Reset : 1
	        80 t.go.r : 1
	       300 t.var_x.v.f : 0  [by t.s_0.in.t:=1]
	       320 t.var_x.v.t : 1  [by t.var_x.v.f:=0]
	       530 t.var_x.v.t : 0  [by t.s_3.in.f:=1]
	       550 t.var_x.v.f : 1  [by t.var_x.v.t:=0]
	       790 t.var_x.v.f : 0  [by t.s_6.in.t:=1]
	       810 t.var_x.v.t : 1  [by t.var_x.v.f:=0]
	      1020 t.var_x.v.t : 0  [by t.s_9.in.f:=1]
	      1040 t.var_x.v.f : 1  [by t.var_x.v.t:=0]
	      1280 t.var_x.v.f : 0  [by t.s_12.in.t:=1]
	      1300 t.var_x.v.t : 1  [by t.var_x.v.f:=0]
	      1510 t.var_x.v.t : 0  [by t.s_15.in.f:=1]
	      1530 t.var_x.v.f : 1  [by t.var_x.v.t:=0]
	      1770 t.var_x.v.f : 0  [by t.s_18.in.t:=1]
	      1790 t.var_x.v.t : 1  [by t.var_x.v.f:=0]
	      2000 t.var_x.v.t : 0  [by t.s_21.in.f:=1]
	      2020 t.var_x.v.f : 1  [by t.var_x.v.t:=0]
	      2260 t.var_x.v.f : 0  [by t.s_24.in.t:=1]
	      2280 t.var_x.v.t : 1  [by t.var_x.v.f:=0]
	      2490 t.var_x.v.t : 0  [by t.s_27.in.f:=1]
	      2510 t.var_x.v.f : 1  [by t.var_x.v.t:=0]
	      2750 t.var_x.v.f : 0  [by t.s_30.in.t:=1]
	      2770 t.var_x.v.t : 1  [by t.var_x.v.f:=0]
	      2980 t.var_x.v.t : 0  [by t.s_33.in.f:=1]
	      3000 t.var_x.v.f : 1  [by t.var_x.v.t:=0]
	      3020 t.go.a : 1  [by t.s_33._goa:=0]
	      3020 t.go.r : 0
	      3980 t.go.a : 0  [by t.s_33._goa:=1]
	      3980 t.go.r : 1
	      4170 t.var_x.v.f : 0  [by t.s_0.in.t:=1]
	      4190 t.var_x.v.t : 1  [by t.var_x.v.f:=0]
	      4400 t.var_x.v.t : 0  [by t.s_3.in.f:=1]
	      4420 t.var_x.v.f : 1  [by t.var_x.v.t:=0]
	      4630 t.var_x.v.f : 0  [by t.s_6.in.t:=1]
	      4650 t.var_x.v.t : 1  [by t.var_x.v.f:=0]
	      4860 t.var_x.v.t : 0  [by t.s_9.in.f:=1]
	      4880 t.var_x.v.f : 1  [by t.var_x.v.t:=0]
	      5090 t.var_x.v.f : 0  [by t.s_12.in.t:=1]
	      5110 t.var_x.v.t : 1  [by t.var_x.v.f:=0]
	      5320 t.var_x.v.t : 0  [by t.s_15.in.f:=1]
	      5340 t.var_x.v.f : 1  [by t.var_x.v.t:=0]
	      5550 t.var_x.v.f : 0  [by t.s_18.in.t:=1]
	      5570 t.var_x.v.t : 1  [by t.var_x.v.f:=0]
	      5780 t.var_x.v.t : 0  [by t.s_21.in.f:=1]
	      5800 t.var_x.v.f : 1  [by t.var_x.v.t:=0]
	      6010 t.var_x.v.f : 0  [by t.s_24.in.t:=1]
	      6030 t.var_x.v.t : 1  [by t.var_x.v.f:=0]
	      6240 t.var_x.v.t : 0  [by t.s_27.in.f:=1]
	      6260 t.var_x.v.f : 1  [by t.var_x.v.t:=0]
	      6470 t.var_x.v.f : 0  [by t.s_30.in.t:=1]
	      6490 t.var_x.v.t : 1  [by t.var_x.v.f:=0]
	      6700 t.var_x.v.t : 0  [by t.s_33.in.f:=1]
	      6720 t.var_x.v.f : 1  [by t.var_x.v.t:=0]
	      6740 t.go.a : 1  [by t.s_33._goa:=0]
	      6740 t.go.r : 0
	      7700 t.go.a : 0  [by t.s_33._goa:=1]
	      7700 t.go.r : 1
	      7890 t.var_x.v.f : 0  [by t.s_0.in.t:=1]
	      7910 t.var_x.v.t : 1  [by t.var_x.v.f:=0]
	      8120 t.var_x.v.t : 0  [by t.s_3.in.f:=1]
	      8140 t.var_x.v.f : 1  [by t.var_x.v.t:=0]
	      8350 t.var_x.v.f : 0  [by t.s_6.in.t:=1]
	      8370 t.var_x.v.t : 1  [by t.var_x.v.f:=0]
	      8580 t.var_x.v.t : 0  [by t.s_9.in.f:=1]
	      8600 t.var_x.v.f : 1  [by t.var_x.v.t:=0]
	      8810 t.var_x.v.f : 0  [by t.s_12.in.t:=1]
	      8830 t.var_x.v.t : 1  [by t.var_x.v.f:=0]
	      9040 t.var_x.v.t : 0  [by t.s_15.in.f:=1]
	      9060 t.var_x.v.f : 1  [by t.var_x.v.t:=0]
	      9270 t.var_x.v.f : 0  [by t.s_18.in.t:=1]
	      9290 t.var_x.v.t : 1  [by t.var_x.v.f:=0]
	      9500 t.var_x.v.t : 0  [by t.s_21.in.f:=1]
	      9520 t.var_x.v.f : 1  [by t.var_x.v.t:=0]
	      9730 t.var_x.v.f : 0  [by t.s_24.in.t:=1]
	      9750 t.var_x.v.t : 1  [by t.var_x.v.f:=0]
	      9960 t.var_x.v.t : 0  [by t.s_27.in.f:=1]
	      9980 t.var_x.v.f : 1  [by t.var_x.v.t:=0]
	     10190 t.var_x.v.f : 0  [by t.s_30.in.t:=1]
	     10210 t.var_x.v.t : 1  [by t.var_x.v.f:=0]
	     10420 t.var_x.v.t : 0  [by t.s_33.in.f:=1]
	     10440 t.var_x.v.f : 1  [by t.var_x.v.t:=0]
	     10460 t.go.a : 1  [by t.s_33._goa:=0]
	     10460 t.go.r : 0
	     11420 t.go.a : 0  [by t.s_33._goa:=1]
	     11420 t.go.r : 1
	     11610 t.var_x.v.f : 0  [by t.s_0.in.t:=1]
	     11630 t.var_x.v.t : 1  [by t.var_x.v.f:=0]
	     11840 t.var_x.v.t : 0  [by t.s_3.in.f:=1]
	     11860 t.var_x.v.f : 1  [by t.var_x.v.t:=0]
	     12070 t.var_x.v.f : 0  [by t.s_6.in.t:=1]
	     12090 t.var_x.v.t : 1  [by t.var_x.v.f:=0]
	     12300 t.var_x.v.t : 0  [by t.s_9.in.f:=1]
	     12320 t.var_x.v.f : 1  [by t.var_x.v.t:=0]
	     12530 t.var_x.v.f : 0  [by t.s_12.in.t:=1]
	     12550 t.var_x.v.t : 1  [by t.var_x.v.f:=0]
	     12760 t.var_x.v.t : 0  [by t.s_15.in.f:=1]
	     12780 t.var_x.v.f : 1  [by t.var_x.v.t:=0]
	     12990 t.var_x.v.f : 0  [by t.s_18.in.t:=1]
	     13010 t.var_x.v.t : 1  [by t.var_x.v.f:=0]
	     13220 t.var_x.v.t : 0  [by t.s_21.in.f:=1]
	     13240 t.var_x.v.f : 1  [by t.var_x.v.t:=0]
	     13450 t.var_x.v.f : 0  [by t.s_24.in.t:=1]
	     13470 t.var_x.v.t : 1  [by t.var_x.v.f:=0]
	     13680 t.var_x.v.t : 0  [by t.s_27.in.f:=1]
	     13700 t.var_x.v.f : 1  [by t.var_x.v.t:=0]
	     13910 t.var_x.v.f : 0  [by t.s_30.in.t:=1]
	     13930 t.var_x.v.t : 1  [by t.var_x.v.f:=0]
	     14140 t.var_x.v.t : 0  [by t.s_33.in.f:=1]
	     14160 t.var_x.v.f : 1  [by t.var_x.v.t:=0]
	     14180 t.go.a : 1  [by t.s_33._goa:=0]
	     14180 t.go.r : 0
	     15140 t.go.a : 0  [by t.s_33._goa:=1]
	     15140 t.go.r : 1
	     15330 t.var_x.v.f : 0  [by t.s_0.in.t:=1]
	     15350 t.var_x.v.t : 1  [by t.var_x.v.f:=0]
	     15560 t.var_x.v.t : 0  [by t.s_3.in.f:=1]
	     15580 t.var_x.v.f : 1  [by t.var_x.v.t:=0]
	     15790 t.var_x.v.f : 0  [by t.s_6.in.t:=1]
	     15810 t.var_x.v.t : 1  [by t.var_x.v.f:=0]
	     16020 t.var_x.v.t : 0  [by t.s_9.in.f:=1]
	     16040 t.var_x.v.f : 1  [by t.var_x.v.t:=0]
	     16250 t.var_x.v.f : 0  [by t.s_12.in.t:=1]
	     16270 t.var_x.v.t : 1  [by t.var_x.v.f:=0]
	     16480 t.var_x.v.t : 0  [by t.s_15.in.f:=1]
	     16500 t.var_x.v.f : 1  [by t.var_x.v.t:=0]
	     16710 t.var_x.v.f : 0  [by t.s_18.in.t:=1]
	     16730 t.var_x.v.t : 1  [by t.var_x.v.f:=0]
	     16940 t.var_x.v.t : 0  [by t.s_21.in.f:=1]
	     16960 t.var_x.v.f : 1  [by t.var_x.v.t:=0]
	     17170 t.var_x.v.f : 0  [by t.s_24.in.t:=1]
	     17190 t.var_x.v.t : 1  [by t.var_x.v.f:=0]
	     17400 t.var_x.v.t : 0  [by t.s_27.in.f:=1]
	     17420 t.var_x.v.f : 1  [by t.var_x.v.t:=0]
	     17630 t.var_x.v.f : 0  [by t.s_30.in.t:=1]
	     17650 t.var_x.v.t : 1  [by t.var_x.v.f:=0]
	     17860 t.var_x.v.t : 0  [by t.s_33.in.f:=1]
	     17880 t.var_x.v.f : 1  [by t.var_x.v.t:=0]
	     17900 t.go.a : 1  [by t.s_33._goa:=0]
	     17900 t.go.r : 0
	     18860 t.go.a : 0  [by t.s_33._goa:=1]
