	         0 Reset : 1
	         0 t.c_0.a : 0
	         0 t.c_0.r : 0
	         0 _Reset : 0
	        10 var_z[3].v.t : 0  [by Reset:=1]
	        10 var_z[2].v.t : 0  [by Reset:=1]
	        10 var_x[7].v.t : 0  [by Reset:=1]
	        10 var_x[6].v.t : 0  [by Reset:=1]
	        10 var_x[5].v.t : 0  [by Reset:=1]
	        10 var_x[4].v.t : 0  [by Reset:=1]
	        10 var_x[3].v.t : 0  [by Reset:=1]
	        10 var_x[2].v.t : 0  [by Reset:=1]
	        10 var_x[1].v.t : 0  [by Reset:=1]
	        10 var_z[1].v.t : 0  [by Reset:=1]
	        10 var_z[7].v.t : 0  [by Reset:=1]
	        10 var_x[0].v.t : 0  [by Reset:=1]
	        10 var_y[7].v.t : 0  [by Reset:=1]
	        10 var_y[6].v.t : 0  [by Reset:=1]
	        10 var_y[5].v.t : 0  [by Reset:=1]
	        10 var_z[6].v.t : 0  [by Reset:=1]
	        10 var_y[4].v.t : 0  [by Reset:=1]
	        10 var_y[3].v.t : 0  [by Reset:=1]
	        10 var_y[2].v.t : 0  [by Reset:=1]
	        10 var_y[1].v.t : 0  [by Reset:=1]
	        10 var_z[0].v.t : 0  [by Reset:=1]
	        10 var_z[5].v.t : 0  [by Reset:=1]
	        10 var_y[0].v.t : 0  [by Reset:=1]
	        10 var_z[4].v.t : 0  [by Reset:=1]
	        30 var_z[3].v.f : 1  [by var_z[3].v.t:=0]
	        30 var_z[7].v.f : 1  [by var_z[7].v.t:=0]
	        30 var_x[3].v.f : 1  [by var_x[3].v.t:=0]
	        30 var_x[0].v.f : 1  [by var_x[0].v.t:=0]
	        30 var_y[7].v.f : 1  [by var_y[7].v.t:=0]
	        30 var_y[5].v.f : 1  [by var_y[5].v.t:=0]
	        30 var_x[7].v.f : 1  [by var_x[7].v.t:=0]
	        30 var_z[6].v.f : 1  [by var_z[6].v.t:=0]
	        30 var_y[3].v.f : 1  [by var_y[3].v.t:=0]
	        30 var_y[1].v.f : 1  [by var_y[1].v.t:=0]
	        30 var_y[0].v.f : 1  [by var_y[0].v.t:=0]
	        30 var_z[0].v.f : 1  [by var_z[0].v.t:=0]
	        30 var_z[5].v.f : 1  [by var_z[5].v.t:=0]
	        30 var_x[5].v.f : 1  [by var_x[5].v.t:=0]
	        30 var_z[2].v.f : 1  [by var_z[2].v.t:=0]
	        30 var_x[2].v.f : 1  [by var_x[2].v.t:=0]
	        30 var_z[4].v.f : 1  [by var_z[4].v.t:=0]
	        30 var_z[1].v.f : 1  [by var_z[1].v.t:=0]
	        30 var_y[6].v.f : 1  [by var_y[6].v.t:=0]
	        30 var_y[4].v.f : 1  [by var_y[4].v.t:=0]
	        30 var_x[4].v.f : 1  [by var_x[4].v.t:=0]
	        30 var_y[2].v.f : 1  [by var_y[2].v.t:=0]
	        30 var_x[1].v.f : 1  [by var_x[1].v.t:=0]
	        30 var_x[6].v.f : 1  [by var_x[6].v.t:=0]
	       120 Reset : 0
	       120 _Reset : 1
	       120 var_x[2].v.t : 1
	       120 var_y[7].v.f : 0
	       120 var_x[3].v.t : 1
	       120 var_x[5].v.t : 1
	       120 var_x[4].v.f : 0
WARNING: unstable `var_x[2].v.t'-
>> cause: var_x[2].v.f (val: 0)
>> time:        120
	       120 var_x[2].v.f : 0
	       120 var_x[4].v.t : 1
	       120 var_y[7].v.t : 1
	       120 var_y[3].v.f : 0
WARNING: unstable `var_x[3].v.t'-
>> cause: var_x[3].v.f (val: 0)
>> time:        120
	       120 var_x[3].v.f : 0
	       120 var_y[3].v.t : 1
WARNING: unstable `var_x[5].v.t'-
>> cause: var_x[5].v.f (val: 0)
>> time:        120
	       120 var_x[5].v.f : 0
	       130 var_x[2].v.t : X  [by var_x[2].v.f:=0]
	       130 var_x[3].v.t : X  [by var_x[3].v.f:=0]
	       130 var_x[5].v.t : X  [by var_x[5].v.f:=0]
WRONG ASSERT:	"var_x[2].v.t" has value X and not 1.
WRONG ASSERT:	"var_x[3].v.t" has value X and not 1.
WRONG ASSERT:	"var_x[5].v.t" has value X and not 1.
	       140 t.c_0.r : 1
WARNING: weak-unstable `t.e_6.v[1].t'-
>> cause: t.s_0[1]._goa (val: X)
>> time:        440
WARNING: weak-interference `t.ct_0.in[1]'
>> cause: t.s_0[1]._goa (val: X)
>> time:        440
WARNING: weak-unstable `t.e_6.v[2].f'-
>> cause: t.s_0[2]._goa (val: X)
>> time:        440
WARNING: weak-interference `t.ct_0.in[2]'
>> cause: t.s_0[2]._goa (val: X)
>> time:        440
WARNING: weak-unstable `t.e_6.v[5].f'-
>> cause: t.s_0[5]._goa (val: X)
>> time:        440
WARNING: weak-interference `t.ct_0.in[5]'
>> cause: t.s_0[5]._goa (val: X)
>> time:        440
WARNING: weak-unstable `t.e_6.v[3].f'-
>> cause: t.s_0[3]._goa (val: X)
>> time:        440
WARNING: weak-interference `t.ct_0.in[3]'
>> cause: t.s_0[3]._goa (val: X)
>> time:        440
WARNING: weak-unstable `t.e_6.v[4].f'-
>> cause: t.s_0[4]._goa (val: X)
>> time:        440
WARNING: weak-interference `t.ct_0.in[4]'
>> cause: t.s_0[4]._goa (val: X)
>> time:        440
WARNING: weak-interference `t.ct_0.in[6]'
>> cause: t.s_0[6]._goa (val: X)
>> time:        440
WARNING: weak-unstable `t.e_6.v[7].t'-
>> cause: t.s_0[7]._goa (val: X)
>> time:        440
WARNING: weak-interference `t.ct_0.in[7]'
>> cause: t.s_0[7]._goa (val: X)
>> time:        440
WARNING: weak-interference `t.ct_0.in[0]'
>> cause: t.s_0[0]._goa (val: X)
>> time:        440
WARNING: weak-interference `t.ct_0.l.r._out'
>> cause: t.ct_0.in[2] (val: X)
>> time:        450
WARNING: weak-interference `t.ct_0.r.r._out'
>> cause: t.ct_0.in[6] (val: X)
>> time:        450
WARNING: weak-interference `t.ct_0.r.l._out'
>> cause: t.ct_0.in[4] (val: X)
>> time:        450
WARNING: weak-interference `t.ct_0.l.l._out'
>> cause: t.ct_0.in[1] (val: X)
>> time:        450
WARNING: weak-interference `t.ct_0.r.r.out'
>> cause: t.ct_0.r.r._out (val: X)
>> time:        460
WARNING: weak-interference `t.ct_0.l.l.out'
>> cause: t.ct_0.l.l._out (val: X)
>> time:        460
WARNING: weak-interference `t.ct_0.l.r.out'
>> cause: t.ct_0.l.r._out (val: X)
>> time:        460
WARNING: weak-interference `t.ct_0.r.l.out'
>> cause: t.ct_0.r.l._out (val: X)
>> time:        460
WARNING: weak-interference `t.ct_0.r._out'
>> cause: t.ct_0.r.r.out (val: X)
>> time:        470
WARNING: weak-interference `t.ct_0.l._out'
>> cause: t.ct_0.l.l.out (val: X)
>> time:        470
WARNING: weak-interference `t.c_1.a'
>> cause: t.ct_0.l._out (val: X)
>> time:        480
WARNING: weak-interference `t.s_4._gor'
>> cause: t.c_1.a (val: X)
>> time:        490
WARNING: weak-interference `t.e_3.ev[7]._out.f'
>> cause: t.e_3.go_r (val: X)
>> time:        510
WARNING: weak-interference `t.e_3.ev[6]._out.f'
>> cause: t.e_3.go_r (val: X)
>> time:        510
WARNING: weak-interference `t.e_3.ev[5]._out.f'
>> cause: t.e_3.go_r (val: X)
>> time:        510
WARNING: weak-interference `t.e_3.ev[4]._out.t'
>> cause: t.e_3.go_r (val: X)
>> time:        510
WARNING: weak-interference `t.e_3.ev[3]._out.f'
>> cause: t.e_3.go_r (val: X)
>> time:        510
WARNING: weak-interference `t.e_3.ev[2]._out.f'
>> cause: t.e_3.go_r (val: X)
>> time:        510
WARNING: weak-interference `t.e_3.ev[1]._out.f'
>> cause: t.e_3.go_r (val: X)
>> time:        510
WARNING: weak-interference `t.e_3.ev[0]._out.t'
>> cause: t.e_3.go_r (val: X)
>> time:        510
WARNING: weak-interference `t.e_3.out[7].f'
>> cause: t.e_3.ev[7]._out.f (val: X)
>> time:        520
WARNING: weak-interference `t.e_3.out[0].t'
>> cause: t.e_3.ev[0]._out.t (val: X)
>> time:        520
WARNING: weak-interference `t.e_3.out[5].f'
>> cause: t.e_3.ev[5]._out.f (val: X)
>> time:        520
WARNING: weak-interference `t.e_3.out[1].f'
>> cause: t.e_3.ev[1]._out.f (val: X)
>> time:        520
WARNING: weak-interference `t.e_3.out[2].f'
>> cause: t.e_3.ev[2]._out.f (val: X)
>> time:        520
WARNING: weak-interference `t.e_3.out[6].f'
>> cause: t.e_3.ev[6]._out.f (val: X)
>> time:        520
WARNING: weak-interference `t.e_3.out[3].f'
>> cause: t.e_3.ev[3]._out.f (val: X)
>> time:        520
WARNING: weak-interference `t.e_3.out[4].t'
>> cause: t.e_3.ev[4]._out.t (val: X)
>> time:        520
WARNING: weak-interference `t.rtv_4[3]._goa'
>> cause: t.e_3.out[3].f (val: X)
>> time:        530
WARNING: weak-interference `t.rtv_4[5]._goa'
>> cause: t.e_3.out[5].f (val: X)
>> time:        530
WARNING: weak-interference `t.rtv_4[7]._goa'
>> cause: t.e_3.out[7].f (val: X)
>> time:        530
WARNING: weak-interference `t.rtv_4[6]._goa'
>> cause: t.e_3.out[6].f (val: X)
>> time:        530
WARNING: weak-interference `t.rtv_4[1]._goa'
>> cause: t.e_3.out[1].f (val: X)
>> time:        530
WARNING: weak-interference `t.rtv_4[2]._goa'
>> cause: t.e_3.out[2].f (val: X)
>> time:        530
WARNING: weak-interference `t.ct_4.in[1]'
>> cause: t.rtv_4[1]._goa (val: X)
>> time:        540
WARNING: weak-interference `t.ct_4.in[2]'
>> cause: t.rtv_4[2]._goa (val: X)
>> time:        540
WARNING: weak-interference `t.ct_4.in[5]'
>> cause: t.rtv_4[5]._goa (val: X)
>> time:        540
WARNING: weak-interference `t.ct_4.in[3]'
>> cause: t.rtv_4[3]._goa (val: X)
>> time:        540
WARNING: weak-interference `t.ct_4.in[6]'
>> cause: t.rtv_4[6]._goa (val: X)
>> time:        540
WARNING: weak-interference `t.ct_4.in[7]'
>> cause: t.rtv_4[7]._goa (val: X)
>> time:        540
WARNING: weak-interference `t.ct_4.l.r._out'
>> cause: t.ct_4.in[3] (val: X)
>> time:        550
WARNING: weak-interference `t.ct_4.r.r._out'
>> cause: t.ct_4.in[6] (val: X)
>> time:        550
WARNING: weak-interference `t.ct_4.l.r.out'
>> cause: t.ct_4.l.r._out (val: X)
>> time:        560
WARNING: weak-interference `t.ct_4.r.r.out'
>> cause: t.ct_4.r.r._out (val: X)
>> time:        560
WRONG ASSERT:	"var_z[1].v.t" has value 0 and not 1.
WRONG ASSERT:	"var_z[1].v.f" has value 1 and not 0.
WRONG ASSERT:	"var_z[4].v.t" has value 0 and not 1.
WRONG ASSERT:	"var_z[4].v.f" has value 1 and not 0.
WRONG ASSERT:	"var_z[5].v.t" has value 0 and not 1.
WRONG ASSERT:	"var_z[5].v.f" has value 1 and not 0.
WRONG ASSERT:	"var_z[7].v.t" has value 0 and not 1.
WRONG ASSERT:	"var_z[7].v.f" has value 1 and not 0.
WRONG ASSERT:	"t.c_0.a" has value 0 and not 1.
