	         0 Reset : 1
	         0 t.a.d[31].f : 0
	         0 t.go.r : 0
	         0 t.a.d[1].f : 0
	         0 t.a.d[5].f : 0
	         0 t.a.d[13].f : 0
	         0 t.a.d[29].f : 0
	         0 t.a.d[29].t : 0
	         0 t.a.d[13].t : 0
	         0 t.a.d[28].f : 0
	         0 t.a.d[28].t : 0
	         0 t.a.d[5].t : 0
	         0 t.a.d[12].f : 0
	         0 t.a.d[27].f : 0
	         0 t.a.d[27].t : 0
	         0 t.a.d[12].t : 0
	         0 t.a.d[26].f : 0
	         0 t.a.d[26].t : 0
	         0 t.a.d[1].t : 0
	         0 t.a.d[4].f : 0
	         0 t.a.d[11].f : 0
	         0 t.a.d[25].f : 0
	         0 t.a.d[25].t : 0
	         0 t.a.d[11].t : 0
	         0 t.a.d[24].f : 0
	         0 t.a.d[24].t : 0
	         0 t.a.d[4].t : 0
	         0 t.a.d[10].f : 0
	         0 t.a.d[23].f : 0
	         0 t.a.d[23].t : 0
	         0 t.a.d[10].t : 0
	         0 t.a.d[22].f : 0
	         0 t.a.d[22].t : 0
	         0 _Reset : 0
	         0 t.a.d[0].f : 0
	         0 t.a.d[3].f : 0
	         0 t.a.d[9].f : 0
	         0 t.a.d[21].f : 0
	         0 t.a.d[21].t : 0
	         0 t.a.d[9].t : 0
	         0 t.a.d[20].f : 0
	         0 t.a.d[20].t : 0
	         0 t.a.d[3].t : 0
	         0 t.a.d[8].f : 0
	         0 t.a.d[19].f : 0
	         0 t.a.d[19].t : 0
	         0 t.a.d[8].t : 0
	         0 t.a.d[18].f : 0
	         0 t.a.d[18].t : 0
	         0 t.a.d[0].t : 0
	         0 t.a.d[2].f : 0
	         0 t.a.d[7].f : 0
	         0 t.a.d[17].f : 0
	         0 t.a.d[17].t : 0
	         0 t.a.d[7].t : 0
	         0 t.a.d[16].f : 0
	         0 t.a.d[16].t : 0
	         0 t.a.d[2].t : 0
	         0 t.a.d[6].f : 0
	         0 t.a.d[15].f : 0
	         0 t.a.d[15].t : 0
	         0 t.a.d[6].t : 0
	         0 t.a.d[14].f : 0
	         0 t.a.d[31].t : 0
	         0 t.a.d[14].t : 0
	         0 t.a.d[30].f : 0
	         0 t.a.d[30].t : 0
	        10 t.var_x[31].v.t : 0  [by Reset:=1]
	        10 t.var_x[30].v.t : 0  [by Reset:=1]
	        10 t.var_y[31].v.t : 0  [by Reset:=1]
	        10 t.var_x[29].v.t : 0  [by Reset:=1]
	        10 t.var_y[30].v.t : 0  [by Reset:=1]
	        10 t.var_y[29].v.t : 0  [by Reset:=1]
	        10 t.var_x[28].v.t : 0  [by Reset:=1]
	        10 t.var_y[28].v.t : 0  [by Reset:=1]
	        10 t.var_y[27].v.t : 0  [by Reset:=1]
	        10 t.var_x[27].v.t : 0  [by Reset:=1]
	        10 t.var_y[26].v.t : 0  [by Reset:=1]
	        10 t.var_y[25].v.t : 0  [by Reset:=1]
	        10 t.var_x[26].v.t : 0  [by Reset:=1]
	        10 t.var_y[24].v.t : 0  [by Reset:=1]
	        10 t.var_y[23].v.t : 0  [by Reset:=1]
	        10 t.var_x[25].v.t : 0  [by Reset:=1]
	        10 t.var_y[22].v.t : 0  [by Reset:=1]
	        10 t.var_y[21].v.t : 0  [by Reset:=1]
	        10 t.var_x[24].v.t : 0  [by Reset:=1]
	        10 t.var_y[20].v.t : 0  [by Reset:=1]
	        10 t.var_y[19].v.t : 0  [by Reset:=1]
	        10 t.var_x[23].v.t : 0  [by Reset:=1]
	        10 t.var_y[18].v.t : 0  [by Reset:=1]
	        10 t.var_y[17].v.t : 0  [by Reset:=1]
	        10 t.var_x[22].v.t : 0  [by Reset:=1]
	        10 t.var_y[16].v.t : 0  [by Reset:=1]
	        10 t.var_y[15].v.t : 0  [by Reset:=1]
	        10 t.var_x[21].v.t : 0  [by Reset:=1]
	        10 t.var_y[14].v.t : 0  [by Reset:=1]
	        10 t.var_y[13].v.t : 0  [by Reset:=1]
	        10 t.var_x[20].v.t : 0  [by Reset:=1]
	        10 t.var_y[12].v.t : 0  [by Reset:=1]
	        10 t.var_y[11].v.t : 0  [by Reset:=1]
	        10 t.var_x[19].v.t : 0  [by Reset:=1]
	        10 t.var_y[10].v.t : 0  [by Reset:=1]
	        10 t.var_y[9].v.t : 0  [by Reset:=1]
	        10 t.var_x[18].v.t : 0  [by Reset:=1]
	        10 t.var_y[8].v.t : 0  [by Reset:=1]
	        10 t.var_y[7].v.t : 0  [by Reset:=1]
	        10 t.var_x[17].v.t : 0  [by Reset:=1]
	        10 t.var_y[6].v.t : 0  [by Reset:=1]
	        10 t.var_y[5].v.t : 0  [by Reset:=1]
	        10 t.var_x[16].v.t : 0  [by Reset:=1]
	        10 t.var_y[4].v.t : 0  [by Reset:=1]
	        10 t.var_y[3].v.t : 0  [by Reset:=1]
	        10 t.var_x[15].v.t : 0  [by Reset:=1]
	        10 t.var_y[2].v.t : 0  [by Reset:=1]
	        10 t.var_y[1].v.t : 0  [by Reset:=1]
	        10 t.var_x[14].v.t : 0  [by Reset:=1]
	        10 t.var_y[0].v.t : 0  [by Reset:=1]
	        10 t.var_x[13].v.t : 0  [by Reset:=1]
	        10 t.var_x[12].v.t : 0  [by Reset:=1]
	        10 t.var_x[11].v.t : 0  [by Reset:=1]
	        10 t.var_x[10].v.t : 0  [by Reset:=1]
	        10 t.var_x[9].v.t : 0  [by Reset:=1]
	        10 t.var_x[8].v.t : 0  [by Reset:=1]
	        10 t.var_x[7].v.t : 0  [by Reset:=1]
	        10 t.var_x[6].v.t : 0  [by Reset:=1]
	        10 t.var_x[5].v.t : 0  [by Reset:=1]
	        10 t.var_x[4].v.t : 0  [by Reset:=1]
	        10 t.var_x[3].v.t : 0  [by Reset:=1]
	        10 t.var_x[2].v.t : 0  [by Reset:=1]
	        10 t.var_x[1].v.t : 0  [by Reset:=1]
	        10 t.var_x[0].v.t : 0  [by Reset:=1]
	        30 t.var_x[2].v.f : 1  [by t.var_x[2].v.t:=0]
	        30 t.var_x[3].v.f : 1  [by t.var_x[3].v.t:=0]
	        30 t.var_x[0].v.f : 1  [by t.var_x[0].v.t:=0]
	        30 t.var_x[31].v.f : 1  [by t.var_x[31].v.t:=0]
	        30 t.var_x[29].v.f : 1  [by t.var_x[29].v.t:=0]
	        30 t.var_x[30].v.f : 1  [by t.var_x[30].v.t:=0]
	        30 t.var_x[25].v.f : 1  [by t.var_x[25].v.t:=0]
	        30 t.var_x[27].v.f : 1  [by t.var_x[27].v.t:=0]
	        30 t.var_x[26].v.f : 1  [by t.var_x[26].v.t:=0]
	        30 t.var_x[23].v.f : 1  [by t.var_x[23].v.t:=0]
	        30 t.var_x[24].v.f : 1  [by t.var_x[24].v.t:=0]
	        30 t.var_x[22].v.f : 1  [by t.var_x[22].v.t:=0]
	        30 t.var_x[21].v.f : 1  [by t.var_x[21].v.t:=0]
	        30 t.var_x[20].v.f : 1  [by t.var_x[20].v.t:=0]
	        30 t.var_x[19].v.f : 1  [by t.var_x[19].v.t:=0]
	        30 t.var_x[18].v.f : 1  [by t.var_x[18].v.t:=0]
	        30 t.var_x[17].v.f : 1  [by t.var_x[17].v.t:=0]
	        30 t.var_x[13].v.f : 1  [by t.var_x[13].v.t:=0]
	        30 t.var_x[28].v.f : 1  [by t.var_x[28].v.t:=0]
	        30 t.var_x[16].v.f : 1  [by t.var_x[16].v.t:=0]
	        30 t.var_x[15].v.f : 1  [by t.var_x[15].v.t:=0]
	        30 t.var_x[14].v.f : 1  [by t.var_x[14].v.t:=0]
	        30 t.var_x[12].v.f : 1  [by t.var_x[12].v.t:=0]
	        30 t.var_x[9].v.f : 1  [by t.var_x[9].v.t:=0]
	        30 t.var_x[11].v.f : 1  [by t.var_x[11].v.t:=0]
	        30 t.var_x[10].v.f : 1  [by t.var_x[10].v.t:=0]
	        30 t.var_x[8].v.f : 1  [by t.var_x[8].v.t:=0]
	        30 t.var_x[5].v.f : 1  [by t.var_x[5].v.t:=0]
	        30 t.var_x[7].v.f : 1  [by t.var_x[7].v.t:=0]
	        30 t.var_x[6].v.f : 1  [by t.var_x[6].v.t:=0]
	        30 t.var_x[1].v.f : 1  [by t.var_x[1].v.t:=0]
	        30 t.var_x[4].v.f : 1  [by t.var_x[4].v.t:=0]
	        50 t.var_y[15].v.f : 1  [by t.s_5[15].in.t:=0]
	        50 t.var_y[24].v.f : 1  [by t.s_5[24].in.t:=0]
	        50 t.var_y[8].v.f : 1  [by t.s_5[8].in.t:=0]
	        50 t.var_y[21].v.f : 1  [by t.s_5[21].in.t:=0]
	        50 t.var_y[19].v.f : 1  [by t.s_5[19].in.t:=0]
	        50 t.var_y[17].v.f : 1  [by t.s_5[17].in.t:=0]
	        50 t.var_y[16].v.f : 1  [by t.s_5[16].in.t:=0]
	        50 t.var_y[0].v.f : 1  [by t.s_5[0].in.t:=0]
	        50 t.var_y[12].v.f : 1  [by t.s_5[12].in.t:=0]
	        50 t.var_y[9].v.f : 1  [by t.s_5[9].in.t:=0]
	        50 t.var_y[5].v.f : 1  [by t.s_5[5].in.t:=0]
	        50 t.var_y[4].v.f : 1  [by t.s_5[4].in.t:=0]
	        50 t.var_y[2].v.f : 1  [by t.s_5[2].in.t:=0]
	        50 t.var_y[10].v.f : 1  [by t.s_5[10].in.t:=0]
	        50 t.var_y[13].v.f : 1  [by t.s_5[13].in.t:=0]
	        50 t.var_y[30].v.f : 1  [by t.s_5[30].in.t:=0]
	        50 t.var_y[11].v.f : 1  [by t.s_5[11].in.t:=0]
	        50 t.var_y[25].v.f : 1  [by t.s_5[25].in.t:=0]
	        50 t.var_y[18].v.f : 1  [by t.s_5[18].in.t:=0]
	        50 t.var_y[14].v.f : 1  [by t.s_5[14].in.t:=0]
	        50 t.var_y[27].v.f : 1  [by t.s_5[27].in.t:=0]
	        50 t.var_y[28].v.f : 1  [by t.s_5[28].in.t:=0]
	        50 t.var_y[31].v.f : 1  [by t.s_5[31].in.t:=0]
	        50 t.var_y[26].v.f : 1  [by t.s_5[26].in.t:=0]
	        50 t.var_y[29].v.f : 1  [by t.s_5[29].in.t:=0]
	        50 t.var_y[23].v.f : 1  [by t.s_5[23].in.t:=0]
	        50 t.var_y[6].v.f : 1  [by t.s_5[6].in.t:=0]
	        50 t.var_y[1].v.f : 1  [by t.s_5[1].in.t:=0]
	        50 t.var_y[22].v.f : 1  [by t.s_5[22].in.t:=0]
	        50 t.var_y[20].v.f : 1  [by t.s_5[20].in.t:=0]
	        50 t.var_y[7].v.f : 1  [by t.s_5[7].in.t:=0]
	        50 t.var_y[3].v.f : 1  [by t.s_5[3].in.t:=0]
	        70 t.a.a : 0  [by t.ct_4.r._out:=1]
	        90 t.go.a : 0  [by t.or_8._out:=1]
	       220 Reset : 0
	       220 _Reset : 1
	       220 t.go.r : 1
	       560 t.var_x[0].v.f : 0  [by t.s_0[0].in.t:=1]
	       560 t.var_x[20].v.f : 0  [by t.s_0[20].in.t:=1]
	       560 t.var_x[16].v.f : 0  [by t.s_0[16].in.t:=1]
	       560 t.var_x[2].v.f : 0  [by t.s_0[2].in.t:=1]
	       560 t.var_x[17].v.f : 0  [by t.s_0[17].in.t:=1]
	       560 t.var_x[1].v.f : 0  [by t.s_0[1].in.t:=1]
	       560 t.var_x[18].v.f : 0  [by t.s_0[18].in.t:=1]
	       560 t.var_x[6].v.f : 0  [by t.s_0[6].in.t:=1]
	       560 t.var_x[4].v.f : 0  [by t.s_0[4].in.t:=1]
	       560 t.var_x[13].v.f : 0  [by t.s_0[13].in.t:=1]
	       560 t.var_x[24].v.f : 0  [by t.s_0[24].in.t:=1]
	       560 t.var_x[11].v.f : 0  [by t.s_0[11].in.t:=1]
	       560 t.var_x[9].v.f : 0  [by t.s_0[9].in.t:=1]
	       560 t.var_x[27].v.f : 0  [by t.s_0[27].in.t:=1]
	       560 t.var_x[22].v.f : 0  [by t.s_0[22].in.t:=1]
	       580 t.var_x[6].v.t : 1  [by t.var_x[6].v.f:=0]
	       580 t.var_x[18].v.t : 1  [by t.var_x[18].v.f:=0]
	       580 t.var_x[9].v.t : 1  [by t.var_x[9].v.f:=0]
	       580 t.var_x[16].v.t : 1  [by t.var_x[16].v.f:=0]
	       580 t.var_x[2].v.t : 1  [by t.var_x[2].v.f:=0]
	       580 t.var_x[20].v.t : 1  [by t.var_x[20].v.f:=0]
	       580 t.var_x[0].v.t : 1  [by t.var_x[0].v.f:=0]
	       580 t.var_x[27].v.t : 1  [by t.var_x[27].v.f:=0]
	       580 t.var_x[17].v.t : 1  [by t.var_x[17].v.f:=0]
	       580 t.var_x[13].v.t : 1  [by t.var_x[13].v.f:=0]
	       580 t.var_x[1].v.t : 1  [by t.var_x[1].v.f:=0]
	       580 t.var_x[24].v.t : 1  [by t.var_x[24].v.f:=0]
	       580 t.var_x[4].v.t : 1  [by t.var_x[4].v.f:=0]
	       580 t.var_x[11].v.t : 1  [by t.var_x[11].v.f:=0]
	       580 t.var_x[22].v.t : 1  [by t.var_x[22].v.f:=0]
WARNING: weak-interference `t.gc_0.r'
>> cause: t.na_7._in1 (val: 0)
>> time:        670
WARNING: weak-interference `t.s_3._gor'
>> cause: t.gc_0.r (val: X)
>> time:        680
WARNING: weak-interference `t.e_3.probe[31]._out.f'
>> cause: t.e_3.go_r (val: X)
>> time:        700
WARNING: weak-interference `t.e_3.probe[30]._out.f'
>> cause: t.e_3.go_r (val: X)
>> time:        700
WARNING: weak-interference `t.e_3.probe[29]._out.f'
>> cause: t.e_3.go_r (val: X)
>> time:        700
WARNING: weak-interference `t.e_3.probe[28]._out.f'
>> cause: t.e_3.go_r (val: X)
>> time:        700
WARNING: weak-interference `t.e_3.probe[27]._out.f'
>> cause: t.e_3.go_r (val: X)
>> time:        700
WARNING: weak-interference `t.e_3.probe[26]._out.f'
>> cause: t.e_3.go_r (val: X)
>> time:        700
WARNING: weak-interference `t.e_3.probe[25]._out.f'
>> cause: t.e_3.go_r (val: X)
>> time:        700
WARNING: weak-interference `t.e_3.probe[24]._out.f'
>> cause: t.e_3.go_r (val: X)
>> time:        700
WARNING: weak-interference `t.e_3.probe[23]._out.f'
>> cause: t.e_3.go_r (val: X)
>> time:        700
WARNING: weak-interference `t.e_3.probe[22]._out.f'
>> cause: t.e_3.go_r (val: X)
>> time:        700
WARNING: weak-interference `t.e_3.probe[21]._out.f'
>> cause: t.e_3.go_r (val: X)
>> time:        700
WARNING: weak-interference `t.e_3.probe[20]._out.f'
>> cause: t.e_3.go_r (val: X)
>> time:        700
WARNING: weak-interference `t.e_3.probe[19]._out.f'
>> cause: t.e_3.go_r (val: X)
>> time:        700
WARNING: weak-interference `t.e_3.probe[18]._out.f'
>> cause: t.e_3.go_r (val: X)
>> time:        700
WARNING: weak-interference `t.e_3.probe[17]._out.f'
>> cause: t.e_3.go_r (val: X)
>> time:        700
WARNING: weak-interference `t.e_3.probe[16]._out.f'
>> cause: t.e_3.go_r (val: X)
>> time:        700
WARNING: weak-interference `t.e_3.probe[15]._out.f'
>> cause: t.e_3.go_r (val: X)
>> time:        700
WARNING: weak-interference `t.e_3.probe[14]._out.f'
>> cause: t.e_3.go_r (val: X)
>> time:        700
WARNING: weak-interference `t.e_3.probe[13]._out.f'
>> cause: t.e_3.go_r (val: X)
>> time:        700
WARNING: weak-interference `t.e_3.probe[12]._out.f'
>> cause: t.e_3.go_r (val: X)
>> time:        700
WARNING: weak-interference `t.e_3.probe[11]._out.f'
>> cause: t.e_3.go_r (val: X)
>> time:        700
WARNING: weak-interference `t.e_3.probe[10]._out.f'
>> cause: t.e_3.go_r (val: X)
>> time:        700
WARNING: weak-interference `t.e_3.probe[9]._out.f'
>> cause: t.e_3.go_r (val: X)
>> time:        700
WARNING: weak-interference `t.e_3.probe[8]._out.f'
>> cause: t.e_3.go_r (val: X)
>> time:        700
WARNING: weak-interference `t.e_3.probe[7]._out.f'
>> cause: t.e_3.go_r (val: X)
>> time:        700
WARNING: weak-interference `t.e_3.probe[6]._out.f'
>> cause: t.e_3.go_r (val: X)
>> time:        700
WARNING: weak-interference `t.e_3.probe[5]._out.f'
>> cause: t.e_3.go_r (val: X)
>> time:        700
WARNING: weak-interference `t.e_3.probe[4]._out.f'
>> cause: t.e_3.go_r (val: X)
>> time:        700
WARNING: weak-interference `t.e_3.probe[3]._out.f'
>> cause: t.e_3.go_r (val: X)
>> time:        700
WARNING: weak-interference `t.e_3.probe[2]._out.f'
>> cause: t.e_3.go_r (val: X)
>> time:        700
WARNING: weak-interference `t.e_3.probe[1]._out.f'
>> cause: t.e_3.go_r (val: X)
>> time:        700
WARNING: weak-interference `t.e_3.probe[0]._out.f'
>> cause: t.e_3.go_r (val: X)
>> time:        700
WARNING: weak-interference `t.e_3.probe[31].out.f'
>> cause: t.e_3.probe[31]._out.f (val: X)
>> time:        710
WARNING: weak-interference `t.e_3.probe[0].out.f'
>> cause: t.e_3.probe[0]._out.f (val: X)
>> time:        710
WARNING: weak-interference `t.e_3.probe[29].out.f'
>> cause: t.e_3.probe[29]._out.f (val: X)
>> time:        710
WARNING: weak-interference `t.e_3.probe[25].out.f'
>> cause: t.e_3.probe[25]._out.f (val: X)
>> time:        710
WARNING: weak-interference `t.e_3.probe[17].out.f'
>> cause: t.e_3.probe[17]._out.f (val: X)
>> time:        710
WARNING: weak-interference `t.e_3.probe[1].out.f'
>> cause: t.e_3.probe[1]._out.f (val: X)
>> time:        710
WARNING: weak-interference `t.e_3.probe[2].out.f'
>> cause: t.e_3.probe[2]._out.f (val: X)
>> time:        710
WARNING: weak-interference `t.e_3.probe[18].out.f'
>> cause: t.e_3.probe[18]._out.f (val: X)
>> time:        710
WARNING: weak-interference `t.e_3.probe[3].out.f'
>> cause: t.e_3.probe[3]._out.f (val: X)
>> time:        710
WARNING: weak-interference `t.e_3.probe[4].out.f'
>> cause: t.e_3.probe[4]._out.f (val: X)
>> time:        710
WARNING: weak-interference `t.e_3.probe[26].out.f'
>> cause: t.e_3.probe[26]._out.f (val: X)
>> time:        710
WARNING: weak-interference `t.e_3.probe[19].out.f'
>> cause: t.e_3.probe[19]._out.f (val: X)
>> time:        710
WARNING: weak-interference `t.e_3.probe[5].out.f'
>> cause: t.e_3.probe[5]._out.f (val: X)
>> time:        710
WARNING: weak-interference `t.e_3.probe[6].out.f'
>> cause: t.e_3.probe[6]._out.f (val: X)
>> time:        710
WARNING: weak-interference `t.e_3.probe[20].out.f'
>> cause: t.e_3.probe[20]._out.f (val: X)
>> time:        710
WARNING: weak-interference `t.e_3.probe[7].out.f'
>> cause: t.e_3.probe[7]._out.f (val: X)
>> time:        710
WARNING: weak-interference `t.e_3.probe[8].out.f'
>> cause: t.e_3.probe[8]._out.f (val: X)
>> time:        710
WARNING: weak-interference `t.e_3.probe[30].out.f'
>> cause: t.e_3.probe[30]._out.f (val: X)
>> time:        710
WARNING: weak-interference `t.e_3.probe[27].out.f'
>> cause: t.e_3.probe[27]._out.f (val: X)
>> time:        710
WARNING: weak-interference `t.e_3.probe[21].out.f'
>> cause: t.e_3.probe[21]._out.f (val: X)
>> time:        710
WARNING: weak-interference `t.e_3.probe[9].out.f'
>> cause: t.e_3.probe[9]._out.f (val: X)
>> time:        710
WARNING: weak-interference `t.e_3.probe[10].out.f'
>> cause: t.e_3.probe[10]._out.f (val: X)
>> time:        710
WARNING: weak-interference `t.e_3.probe[22].out.f'
>> cause: t.e_3.probe[22]._out.f (val: X)
>> time:        710
WARNING: weak-interference `t.e_3.probe[11].out.f'
>> cause: t.e_3.probe[11]._out.f (val: X)
>> time:        710
WARNING: weak-interference `t.e_3.probe[12].out.f'
>> cause: t.e_3.probe[12]._out.f (val: X)
>> time:        710
WARNING: weak-interference `t.e_3.probe[28].out.f'
>> cause: t.e_3.probe[28]._out.f (val: X)
>> time:        710
WARNING: weak-interference `t.e_3.probe[23].out.f'
>> cause: t.e_3.probe[23]._out.f (val: X)
>> time:        710
WARNING: weak-interference `t.e_3.probe[13].out.f'
>> cause: t.e_3.probe[13]._out.f (val: X)
>> time:        710
WARNING: weak-interference `t.e_3.probe[14].out.f'
>> cause: t.e_3.probe[14]._out.f (val: X)
>> time:        710
WARNING: weak-interference `t.e_3.probe[24].out.f'
>> cause: t.e_3.probe[24]._out.f (val: X)
>> time:        710
WARNING: weak-interference `t.e_3.probe[15].out.f'
>> cause: t.e_3.probe[15]._out.f (val: X)
>> time:        710
WARNING: weak-interference `t.e_3.probe[16].out.f'
>> cause: t.e_3.probe[16]._out.f (val: X)
>> time:        710
WARNING: weak-interference `t.e_3._out.f'
>> cause: t.e_3.probe[15].out.f (val: X)
>> time:        720
WARNING: weak-interference `t.e_3.out.f'
>> cause: t.e_3._out.f (val: X)
>> time:        730
WARNING: weak-interference `t.rtv_3._goa'
>> cause: t.e_3.out.f (val: X)
>> time:        740
WARNING: weak-interference `t.s_3.r.a'
>> cause: t.rtv_3._goa (val: X)
>> time:        750
WARNING: weak-interference `t.s_3._ra'
>> cause: t.s_3.r.a (val: X)
>> time:        760
WARNING: weak-interference `t.s_3.x'
>> cause: t.s_3._ra (val: X)
>> time:        770
WARNING: weak-interference `t.s_3._goa'
>> cause: t.s_3.x (val: X)
>> time:        780
WARNING: weak-interference `t.e_4.go_r'
>> cause: t.s_3._goa (val: X)
>> time:        790
WARNING: weak-interference `t.e_4._out.f'
>> cause: t.e_4.go_r (val: X)
>> time:        800
WARNING: weak-interference `t.c_3.r'
>> cause: t.e_4._out.f (val: X)
>> time:        810
WARNING: weak-interference `t.s_6._gor'
>> cause: t.c_3.r (val: X)
>> time:        820
WARNING: weak-interference `t.e_5.ev[31]._out.f'
>> cause: t.e_5.go_r (val: X)
>> time:        840
WARNING: weak-interference `t.e_5.ev[30]._out.f'
>> cause: t.e_5.go_r (val: X)
>> time:        840
WARNING: weak-interference `t.e_5.ev[29]._out.f'
>> cause: t.e_5.go_r (val: X)
>> time:        840
WARNING: weak-interference `t.e_5.ev[28]._out.f'
>> cause: t.e_5.go_r (val: X)
>> time:        840
WARNING: weak-interference `t.e_5.ev[27]._out.f'
>> cause: t.e_5.go_r (val: X)
>> time:        840
WARNING: weak-interference `t.e_5.ev[26]._out.f'
>> cause: t.e_5.go_r (val: X)
>> time:        840
WARNING: weak-interference `t.e_5.ev[25]._out.f'
>> cause: t.e_5.go_r (val: X)
>> time:        840
WARNING: weak-interference `t.e_5.ev[24]._out.f'
>> cause: t.e_5.go_r (val: X)
>> time:        840
WARNING: weak-interference `t.e_5.ev[23]._out.f'
>> cause: t.e_5.go_r (val: X)
>> time:        840
WARNING: weak-interference `t.e_5.ev[22]._out.f'
>> cause: t.e_5.go_r (val: X)
>> time:        840
WARNING: weak-interference `t.e_5.ev[21]._out.f'
>> cause: t.e_5.go_r (val: X)
>> time:        840
WARNING: weak-interference `t.e_5.ev[20]._out.f'
>> cause: t.e_5.go_r (val: X)
>> time:        840
WARNING: weak-interference `t.e_5.ev[19]._out.f'
>> cause: t.e_5.go_r (val: X)
>> time:        840
WARNING: weak-interference `t.e_5.ev[18]._out.f'
>> cause: t.e_5.go_r (val: X)
>> time:        840
WARNING: weak-interference `t.e_5.ev[17]._out.f'
>> cause: t.e_5.go_r (val: X)
>> time:        840
WARNING: weak-interference `t.e_5.ev[16]._out.f'
>> cause: t.e_5.go_r (val: X)
>> time:        840
WARNING: weak-interference `t.e_5.ev[15]._out.f'
>> cause: t.e_5.go_r (val: X)
>> time:        840
WARNING: weak-interference `t.e_5.ev[14]._out.f'
>> cause: t.e_5.go_r (val: X)
>> time:        840
WARNING: weak-interference `t.e_5.ev[13]._out.f'
>> cause: t.e_5.go_r (val: X)
>> time:        840
WARNING: weak-interference `t.e_5.ev[12]._out.f'
>> cause: t.e_5.go_r (val: X)
>> time:        840
WARNING: weak-interference `t.e_5.ev[11]._out.f'
>> cause: t.e_5.go_r (val: X)
>> time:        840
WARNING: weak-interference `t.e_5.ev[10]._out.f'
>> cause: t.e_5.go_r (val: X)
>> time:        840
WARNING: weak-interference `t.e_5.ev[9]._out.f'
>> cause: t.e_5.go_r (val: X)
>> time:        840
WARNING: weak-interference `t.e_5.ev[8]._out.f'
>> cause: t.e_5.go_r (val: X)
>> time:        840
WARNING: weak-interference `t.e_5.ev[7]._out.f'
>> cause: t.e_5.go_r (val: X)
>> time:        840
WARNING: weak-interference `t.e_5.ev[6]._out.f'
>> cause: t.e_5.go_r (val: X)
>> time:        840
WARNING: weak-interference `t.e_5.ev[5]._out.f'
>> cause: t.e_5.go_r (val: X)
>> time:        840
WARNING: weak-interference `t.e_5.ev[4]._out.f'
>> cause: t.e_5.go_r (val: X)
>> time:        840
WARNING: weak-interference `t.e_5.ev[3]._out.f'
>> cause: t.e_5.go_r (val: X)
>> time:        840
WARNING: weak-interference `t.e_5.ev[2]._out.f'
>> cause: t.e_5.go_r (val: X)
>> time:        840
WARNING: weak-interference `t.e_5.ev[1]._out.f'
>> cause: t.e_5.go_r (val: X)
>> time:        840
WARNING: weak-interference `t.e_5.ev[0]._out.t'
>> cause: t.e_5.go_r (val: X)
>> time:        840
WARNING: weak-interference `t.e_5.out[31].f'
>> cause: t.e_5.ev[31]._out.f (val: X)
>> time:        850
WARNING: weak-interference `t.e_5.out[0].t'
>> cause: t.e_5.ev[0]._out.t (val: X)
>> time:        850
WARNING: weak-interference `t.e_5.out[29].f'
>> cause: t.e_5.ev[29]._out.f (val: X)
>> time:        850
WARNING: weak-interference `t.e_5.out[25].f'
>> cause: t.e_5.ev[25]._out.f (val: X)
>> time:        850
WARNING: weak-interference `t.e_5.out[17].f'
>> cause: t.e_5.ev[17]._out.f (val: X)
>> time:        850
WARNING: weak-interference `t.e_5.out[1].f'
>> cause: t.e_5.ev[1]._out.f (val: X)
>> time:        850
WARNING: weak-interference `t.e_5.out[2].f'
>> cause: t.e_5.ev[2]._out.f (val: X)
>> time:        850
WARNING: weak-interference `t.e_5.out[18].f'
>> cause: t.e_5.ev[18]._out.f (val: X)
>> time:        850
WARNING: weak-interference `t.e_5.out[3].f'
>> cause: t.e_5.ev[3]._out.f (val: X)
>> time:        850
WARNING: weak-interference `t.e_5.out[4].f'
>> cause: t.e_5.ev[4]._out.f (val: X)
>> time:        850
WARNING: weak-interference `t.e_5.out[26].f'
>> cause: t.e_5.ev[26]._out.f (val: X)
>> time:        850
WARNING: weak-interference `t.e_5.out[19].f'
>> cause: t.e_5.ev[19]._out.f (val: X)
>> time:        850
WARNING: weak-interference `t.e_5.out[5].f'
>> cause: t.e_5.ev[5]._out.f (val: X)
>> time:        850
WARNING: weak-interference `t.e_5.out[6].f'
>> cause: t.e_5.ev[6]._out.f (val: X)
>> time:        850
WARNING: weak-interference `t.e_5.out[20].f'
>> cause: t.e_5.ev[20]._out.f (val: X)
>> time:        850
WARNING: weak-interference `t.e_5.out[7].f'
>> cause: t.e_5.ev[7]._out.f (val: X)
>> time:        850
WARNING: weak-interference `t.e_5.out[8].f'
>> cause: t.e_5.ev[8]._out.f (val: X)
>> time:        850
WARNING: weak-interference `t.e_5.out[30].f'
>> cause: t.e_5.ev[30]._out.f (val: X)
>> time:        850
WARNING: weak-interference `t.e_5.out[27].f'
>> cause: t.e_5.ev[27]._out.f (val: X)
>> time:        850
WARNING: weak-interference `t.e_5.out[21].f'
>> cause: t.e_5.ev[21]._out.f (val: X)
>> time:        850
WARNING: weak-interference `t.e_5.out[9].f'
>> cause: t.e_5.ev[9]._out.f (val: X)
>> time:        850
WARNING: weak-interference `t.e_5.out[10].f'
>> cause: t.e_5.ev[10]._out.f (val: X)
>> time:        850
WARNING: weak-interference `t.e_5.out[22].f'
>> cause: t.e_5.ev[22]._out.f (val: X)
>> time:        850
WARNING: weak-interference `t.e_5.out[11].f'
>> cause: t.e_5.ev[11]._out.f (val: X)
>> time:        850
WARNING: weak-interference `t.e_5.out[12].f'
>> cause: t.e_5.ev[12]._out.f (val: X)
>> time:        850
WARNING: weak-interference `t.e_5.out[28].f'
>> cause: t.e_5.ev[28]._out.f (val: X)
>> time:        850
WARNING: weak-interference `t.e_5.out[23].f'
>> cause: t.e_5.ev[23]._out.f (val: X)
>> time:        850
WARNING: weak-interference `t.e_5.out[13].f'
>> cause: t.e_5.ev[13]._out.f (val: X)
>> time:        850
WARNING: weak-interference `t.e_5.out[14].f'
>> cause: t.e_5.ev[14]._out.f (val: X)
>> time:        850
WARNING: weak-interference `t.e_5.out[24].f'
>> cause: t.e_5.ev[24]._out.f (val: X)
>> time:        850
WARNING: weak-interference `t.e_5.out[15].f'
>> cause: t.e_5.ev[15]._out.f (val: X)
>> time:        850
WARNING: weak-interference `t.e_5.out[16].f'
>> cause: t.e_5.ev[16]._out.f (val: X)
>> time:        850
WARNING: weak-interference `t.rtv_6[15]._goa'
>> cause: t.e_5.out[15].f (val: X)
>> time:        860
WARNING: weak-interference `t.rtv_6[16]._goa'
>> cause: t.e_5.out[16].f (val: X)
>> time:        860
WARNING: weak-interference `t.rtv_6[20]._goa'
>> cause: t.e_5.out[20].f (val: X)
>> time:        860
WARNING: weak-interference `t.rtv_6[2]._goa'
>> cause: t.e_5.out[2].f (val: X)
>> time:        860
WARNING: weak-interference `t.rtv_6[29]._goa'
>> cause: t.e_5.out[29].f (val: X)
>> time:        860
WARNING: weak-interference `t.rtv_6[31]._goa'
>> cause: t.e_5.out[31].f (val: X)
>> time:        860
WARNING: weak-interference `t.rtv_6[1]._goa'
>> cause: t.e_5.out[1].f (val: X)
>> time:        860
WARNING: weak-interference `t.rtv_6[25]._goa'
>> cause: t.e_5.out[25].f (val: X)
>> time:        860
WARNING: weak-interference `t.rtv_6[17]._goa'
>> cause: t.e_5.out[17].f (val: X)
>> time:        860
WARNING: weak-interference `t.rtv_6[6]._goa'
>> cause: t.e_5.out[6].f (val: X)
>> time:        860
WARNING: weak-interference `t.rtv_6[4]._goa'
>> cause: t.e_5.out[4].f (val: X)
>> time:        860
WARNING: weak-interference `t.rtv_6[18]._goa'
>> cause: t.e_5.out[18].f (val: X)
>> time:        860
WARNING: weak-interference `t.rtv_6[3]._goa'
>> cause: t.e_5.out[3].f (val: X)
>> time:        860
WARNING: weak-interference `t.rtv_6[5]._goa'
>> cause: t.e_5.out[5].f (val: X)
>> time:        860
WARNING: weak-interference `t.rtv_6[26]._goa'
>> cause: t.e_5.out[26].f (val: X)
>> time:        860
WARNING: weak-interference `t.rtv_6[19]._goa'
>> cause: t.e_5.out[19].f (val: X)
>> time:        860
WARNING: weak-interference `t.rtv_6[24]._goa'
>> cause: t.e_5.out[24].f (val: X)
>> time:        860
WARNING: weak-interference `t.rtv_6[10]._goa'
>> cause: t.e_5.out[10].f (val: X)
>> time:        860
WARNING: weak-interference `t.rtv_6[30]._goa'
>> cause: t.e_5.out[30].f (val: X)
>> time:        860
WARNING: weak-interference `t.rtv_6[7]._goa'
>> cause: t.e_5.out[7].f (val: X)
>> time:        860
WARNING: weak-interference `t.rtv_6[8]._goa'
>> cause: t.e_5.out[8].f (val: X)
>> time:        860
WARNING: weak-interference `t.rtv_6[9]._goa'
>> cause: t.e_5.out[9].f (val: X)
>> time:        860
WARNING: weak-interference `t.rtv_6[27]._goa'
>> cause: t.e_5.out[27].f (val: X)
>> time:        860
WARNING: weak-interference `t.rtv_6[21]._goa'
>> cause: t.e_5.out[21].f (val: X)
>> time:        860
WARNING: weak-interference `t.rtv_6[14]._goa'
>> cause: t.e_5.out[14].f (val: X)
>> time:        860
WARNING: weak-interference `t.rtv_6[12]._goa'
>> cause: t.e_5.out[12].f (val: X)
>> time:        860
WARNING: weak-interference `t.rtv_6[22]._goa'
>> cause: t.e_5.out[22].f (val: X)
>> time:        860
WARNING: weak-interference `t.rtv_6[11]._goa'
>> cause: t.e_5.out[11].f (val: X)
>> time:        860
WARNING: weak-interference `t.rtv_6[13]._goa'
>> cause: t.e_5.out[13].f (val: X)
>> time:        860
WARNING: weak-interference `t.rtv_6[28]._goa'
>> cause: t.e_5.out[28].f (val: X)
>> time:        860
WARNING: weak-interference `t.rtv_6[23]._goa'
>> cause: t.e_5.out[23].f (val: X)
>> time:        860
WARNING: weak-interference `t.ct_6.in[28]'
>> cause: t.rtv_6[28]._goa (val: X)
>> time:        870
WARNING: weak-interference `t.ct_6.in[23]'
>> cause: t.rtv_6[23]._goa (val: X)
>> time:        870
WARNING: weak-interference `t.ct_6.in[5]'
>> cause: t.rtv_6[5]._goa (val: X)
>> time:        870
WARNING: weak-interference `t.ct_6.in[20]'
>> cause: t.rtv_6[20]._goa (val: X)
>> time:        870
WARNING: weak-interference `t.ct_6.in[15]'
>> cause: t.rtv_6[15]._goa (val: X)
>> time:        870
WARNING: weak-interference `t.ct_6.in[16]'
>> cause: t.rtv_6[16]._goa (val: X)
>> time:        870
WARNING: weak-interference `t.ct_6.in[31]'
>> cause: t.rtv_6[31]._goa (val: X)
>> time:        870
WARNING: weak-interference `t.ct_6.in[2]'
>> cause: t.rtv_6[2]._goa (val: X)
>> time:        870
WARNING: weak-interference `t.ct_6.in[29]'
>> cause: t.rtv_6[29]._goa (val: X)
>> time:        870
WARNING: weak-interference `t.ct_6.in[3]'
>> cause: t.rtv_6[3]._goa (val: X)
>> time:        870
WARNING: weak-interference `t.ct_6.in[17]'
>> cause: t.rtv_6[17]._goa (val: X)
>> time:        870
WARNING: weak-interference `t.ct_6.in[1]'
>> cause: t.rtv_6[1]._goa (val: X)
>> time:        870
WARNING: weak-interference `t.ct_6.in[25]'
>> cause: t.rtv_6[25]._goa (val: X)
>> time:        870
WARNING: weak-interference `t.ct_6.in[18]'
>> cause: t.rtv_6[18]._goa (val: X)
>> time:        870
WARNING: weak-interference `t.ct_6.in[6]'
>> cause: t.rtv_6[6]._goa (val: X)
>> time:        870
WARNING: weak-interference `t.ct_6.in[4]'
>> cause: t.rtv_6[4]._goa (val: X)
>> time:        870
WARNING: weak-interference `t.ct_6.in[13]'
>> cause: t.rtv_6[13]._goa (val: X)
>> time:        870
WARNING: weak-interference `t.ct_6.in[8]'
>> cause: t.rtv_6[8]._goa (val: X)
>> time:        870
WARNING: weak-interference `t.ct_6.in[24]'
>> cause: t.rtv_6[24]._goa (val: X)
>> time:        870
WARNING: weak-interference `t.ct_6.in[26]'
>> cause: t.rtv_6[26]._goa (val: X)
>> time:        870
WARNING: weak-interference `t.ct_6.in[19]'
>> cause: t.rtv_6[19]._goa (val: X)
>> time:        870
WARNING: weak-interference `t.ct_6.in[7]'
>> cause: t.rtv_6[7]._goa (val: X)
>> time:        870
WARNING: weak-interference `t.ct_6.in[10]'
>> cause: t.rtv_6[10]._goa (val: X)
>> time:        870
WARNING: weak-interference `t.ct_6.in[30]'
>> cause: t.rtv_6[30]._goa (val: X)
>> time:        870
WARNING: weak-interference `t.ct_6.in[11]'
>> cause: t.rtv_6[11]._goa (val: X)
>> time:        870
WARNING: weak-interference `t.ct_6.in[21]'
>> cause: t.rtv_6[21]._goa (val: X)
>> time:        870
WARNING: weak-interference `t.ct_6.in[9]'
>> cause: t.rtv_6[9]._goa (val: X)
>> time:        870
WARNING: weak-interference `t.ct_6.in[27]'
>> cause: t.rtv_6[27]._goa (val: X)
>> time:        870
WARNING: weak-interference `t.ct_6.in[22]'
>> cause: t.rtv_6[22]._goa (val: X)
>> time:        870
WARNING: weak-interference `t.ct_6.in[14]'
>> cause: t.rtv_6[14]._goa (val: X)
>> time:        870
WARNING: weak-interference `t.ct_6.in[12]'
>> cause: t.rtv_6[12]._goa (val: X)
>> time:        870
WARNING: weak-interference `t.ct_6.l.l.l.r._out'
>> cause: t.ct_6.in[3] (val: X)
>> time:        880
WARNING: weak-interference `t.ct_6.l.l.r.r._out'
>> cause: t.ct_6.in[7] (val: X)
>> time:        880
WARNING: weak-interference `t.ct_6.r.l.l.l._out'
>> cause: t.ct_6.in[16] (val: X)
>> time:        880
WARNING: weak-interference `t.ct_6.l.r.l.r._out'
>> cause: t.ct_6.in[11] (val: X)
>> time:        880
WARNING: weak-interference `t.ct_6.l.l.r.l._out'
>> cause: t.ct_6.in[5] (val: X)
>> time:        880
WARNING: weak-interference `t.ct_6.l.r.r.r._out'
>> cause: t.ct_6.in[15] (val: X)
>> time:        880
WARNING: weak-interference `t.ct_6.r.r.l.l._out'
>> cause: t.ct_6.in[25] (val: X)
>> time:        880
WARNING: weak-interference `t.ct_6.r.r.r.l._out'
>> cause: t.ct_6.in[29] (val: X)
>> time:        880
WARNING: weak-interference `t.ct_6.r.l.r.r._out'
>> cause: t.ct_6.in[22] (val: X)
>> time:        880
WARNING: weak-interference `t.ct_6.r.l.r.l._out'
>> cause: t.ct_6.in[21] (val: X)
>> time:        880
WARNING: weak-interference `t.ct_6.r.l.l.r._out'
>> cause: t.ct_6.in[19] (val: X)
>> time:        880
WARNING: weak-interference `t.ct_6.l.r.r.l._out'
>> cause: t.ct_6.in[13] (val: X)
>> time:        880
WARNING: weak-interference `t.ct_6.r.r.l.r._out'
>> cause: t.ct_6.in[27] (val: X)
>> time:        880
WARNING: weak-interference `t.ct_6.r.r.r.r._out'
>> cause: t.ct_6.in[30] (val: X)
>> time:        880
WARNING: weak-interference `t.ct_6.l.r.l.l._out'
>> cause: t.ct_6.in[9] (val: X)
>> time:        880
WARNING: weak-interference `t.ct_6.r.r.r.r.out'
>> cause: t.ct_6.r.r.r.r._out (val: X)
>> time:        890
WARNING: weak-interference `t.ct_6.l.r.l.l.out'
>> cause: t.ct_6.l.r.l.l._out (val: X)
>> time:        890
WARNING: weak-interference `t.ct_6.r.r.l.l.out'
>> cause: t.ct_6.r.r.l.l._out (val: X)
>> time:        890
WARNING: weak-interference `t.ct_6.r.l.l.l.out'
>> cause: t.ct_6.r.l.l.l._out (val: X)
>> time:        890
WARNING: weak-interference `t.ct_6.l.l.r.r.out'
>> cause: t.ct_6.l.l.r.r._out (val: X)
>> time:        890
WARNING: weak-interference `t.ct_6.l.r.r.r.out'
>> cause: t.ct_6.l.r.r.r._out (val: X)
>> time:        890
WARNING: weak-interference `t.ct_6.l.r.l.r.out'
>> cause: t.ct_6.l.r.l.r._out (val: X)
>> time:        890
WARNING: weak-interference `t.ct_6.l.l.r.l.out'
>> cause: t.ct_6.l.l.r.l._out (val: X)
>> time:        890
WARNING: weak-interference `t.ct_6.r.r.l.r.out'
>> cause: t.ct_6.r.r.l.r._out (val: X)
>> time:        890
WARNING: weak-interference `t.ct_6.r.l.r.l.out'
>> cause: t.ct_6.r.l.r.l._out (val: X)
>> time:        890
WARNING: weak-interference `t.ct_6.r.r.r.l.out'
>> cause: t.ct_6.r.r.r.l._out (val: X)
>> time:        890
WARNING: weak-interference `t.ct_6.r.l.r.r.out'
>> cause: t.ct_6.r.l.r.r._out (val: X)
>> time:        890
WARNING: weak-interference `t.ct_6.l.l.l.r.out'
>> cause: t.ct_6.l.l.l.r._out (val: X)
>> time:        890
WARNING: weak-interference `t.ct_6.r.l.l.r.out'
>> cause: t.ct_6.r.l.l.r._out (val: X)
>> time:        890
WARNING: weak-interference `t.ct_6.l.r.r.l.out'
>> cause: t.ct_6.l.r.r.l._out (val: X)
>> time:        890
WARNING: weak-interference `t.ct_6.r.l.l._out'
>> cause: t.ct_6.r.l.l.l.out (val: X)
>> time:        900
WARNING: weak-interference `t.ct_6.l.r.r._out'
>> cause: t.ct_6.l.r.r.r.out (val: X)
>> time:        900
WARNING: weak-interference `t.ct_6.l.r.l._out'
>> cause: t.ct_6.l.r.l.l.out (val: X)
>> time:        900
WARNING: weak-interference `t.ct_6.l.l.r._out'
>> cause: t.ct_6.l.l.r.r.out (val: X)
>> time:        900
WARNING: weak-interference `t.ct_6.r.r.r._out'
>> cause: t.ct_6.r.r.r.l.out (val: X)
>> time:        900
WARNING: weak-interference `t.ct_6.r.r.l._out'
>> cause: t.ct_6.r.r.l.r.out (val: X)
>> time:        900
WARNING: weak-interference `t.ct_6.r.l.r._out'
>> cause: t.ct_6.r.l.r.r.out (val: X)
>> time:        900
WARNING: weak-interference `t.ct_6.r.r.out'
>> cause: t.ct_6.r.r.r._out (val: X)
>> time:        910
WARNING: weak-interference `t.ct_6.l.r.out'
>> cause: t.ct_6.l.r.l._out (val: X)
>> time:        910
WARNING: weak-interference `t.ct_6.r.l.out'
>> cause: t.ct_6.r.l.l._out (val: X)
>> time:        910
WARNING: weak-interference `t.ct_6.r._out'
>> cause: t.ct_6.r.r.out (val: X)
>> time:        920
WRONG ASSERT:	"t.var_y[0].v.t" has value 0 and not 1.
WRONG ASSERT:	"t.var_y[0].v.f" has value 1 and not 0.
WRONG ASSERT:	"t.go.a" has value 0 and not 1.
