	         0 Reset : 1
	         0 t.go.a : 0
	         0 t.go.r : 0
	         0 _Reset : 0
	        10 t.var_b.v.t : 0  [by Reset:=1]
	        10 t.var_a.v.t : 0  [by Reset:=1]
	        10 t.var_x.v.t : 0  [by Reset:=1]
	        10 t.var_y.v.t : 0  [by Reset:=1]
	        10 t.var_c.v.t : 0  [by Reset:=1]
	        10 t.var_z.v.t : 0  [by Reset:=1]
	        10 t.var_w.v.t : 0  [by Reset:=1]
	        10 t.var_d.v.t : 0  [by Reset:=1]
	        30 t.var_z.v.f : 1  [by t.c_51.a:=0]
	        30 t.var_c.v.f : 1  [by t.c_43.a:=0]
	        30 t.var_a.v.f : 1  [by t.c_39.a:=0]
	        30 t.var_b.v.f : 1  [by t.c_41.a:=0]
	        30 t.var_y.v.f : 1  [by t.c_49.a:=0]
	        30 t.var_x.v.f : 1  [by t.c_15.a:=0]
	        30 t.var_d.v.f : 1  [by t.var_d.v.t:=0]
	        30 t.var_w.v.f : 1  [by t.c_53.a:=0]
	        80 Reset : 0
	        80 _Reset : 1
	        80 t.go.r : 1
	       300 t.var_x.v.f : 0  [by t.s_0.in.t:=1]
	       320 t.var_x.v.t : 1  [by t.var_x.v.f:=0]
	       560 t.var_y.v.f : 0  [by t.s_3.in.t:=1]
	       580 t.var_y.v.t : 1  [by t.var_y.v.f:=0]
	       820 t.var_z.v.f : 0  [by t.s_6.in.t:=1]
	       840 t.var_z.v.t : 1  [by t.var_z.v.f:=0]
	      1080 t.var_w.v.f : 0  [by t.s_9.in.t:=1]
	      1100 t.var_w.v.t : 1  [by t.var_w.v.f:=0]
	      1340 t.var_a.v.f : 0  [by t.s_12.in.t:=1]
	      1360 t.var_a.v.t : 1  [by t.var_a.v.f:=0]
	      1600 t.var_b.v.f : 0  [by t.s_15.in.t:=1]
	      1620 t.var_b.v.t : 1  [by t.var_b.v.f:=0]
	      1860 t.var_c.v.f : 0  [by t.s_18.in.t:=1]
	      1880 t.var_c.v.t : 1  [by t.var_c.v.f:=0]
	      2120 t.var_d.v.f : 0  [by t.s_21.in.t:=1]
	      2140 t.var_d.v.t : 1  [by t.var_d.v.f:=0]
	      2350 t.var_x.v.t : 0  [by t.s_24.in.f:=1]
	      2370 t.var_x.v.f : 1  [by t.var_x.v.t:=0]
	      2580 t.var_y.v.t : 0  [by t.s_27.in.f:=1]
	      2600 t.var_y.v.f : 1  [by t.var_y.v.t:=0]
	      2810 t.var_z.v.t : 0  [by t.s_30.in.f:=1]
	      2830 t.var_z.v.f : 1  [by t.var_z.v.t:=0]
	      3040 t.var_w.v.t : 0  [by t.s_33.in.f:=1]
	      3060 t.var_w.v.f : 1  [by t.var_w.v.t:=0]
	      3270 t.var_a.v.t : 0  [by t.s_36.in.f:=1]
	      3290 t.var_a.v.f : 1  [by t.var_a.v.t:=0]
	      3500 t.var_b.v.t : 0  [by t.s_39.in.f:=1]
	      3520 t.var_b.v.f : 1  [by t.var_b.v.t:=0]
	      3730 t.var_c.v.t : 0  [by t.s_42.in.f:=1]
	      3750 t.var_c.v.f : 1  [by t.var_c.v.t:=0]
	      3960 t.var_d.v.t : 0  [by t.s_45.in.f:=1]
	      3980 t.var_d.v.f : 1  [by t.var_d.v.t:=0]
	      4220 t.var_x.v.f : 0  [by t.s_48.in.t:=1]
	      4240 t.var_x.v.t : 1  [by t.var_x.v.f:=0]
	      4480 t.var_y.v.f : 0  [by t.s_51.in.t:=1]
	      4500 t.var_y.v.t : 1  [by t.var_y.v.f:=0]
	      4740 t.var_z.v.f : 0  [by t.s_54.in.t:=1]
	      4760 t.var_z.v.t : 1  [by t.var_z.v.f:=0]
	      5000 t.var_w.v.f : 0  [by t.s_57.in.t:=1]
	      5020 t.var_w.v.t : 1  [by t.var_w.v.f:=0]
	      5260 t.var_a.v.f : 0  [by t.s_60.in.t:=1]
	      5280 t.var_a.v.t : 1  [by t.var_a.v.f:=0]
	      5520 t.var_b.v.f : 0  [by t.s_63.in.t:=1]
	      5540 t.var_b.v.t : 1  [by t.var_b.v.f:=0]
	      5780 t.var_c.v.f : 0  [by t.s_66.in.t:=1]
	      5800 t.var_c.v.t : 1  [by t.var_c.v.f:=0]
	      6040 t.var_d.v.f : 0  [by t.s_69.in.t:=1]
	      6060 t.var_d.v.t : 1  [by t.var_d.v.f:=0]
	      6270 t.var_x.v.t : 0  [by t.s_72.in.f:=1]
	      6290 t.var_x.v.f : 1  [by t.var_x.v.t:=0]
	      6500 t.var_y.v.t : 0  [by t.s_75.in.f:=1]
	      6520 t.var_y.v.f : 1  [by t.var_y.v.t:=0]
	      6730 t.var_z.v.t : 0  [by t.s_78.in.f:=1]
	      6750 t.var_z.v.f : 1  [by t.var_z.v.t:=0]
	      6960 t.var_w.v.t : 0  [by t.s_81.in.f:=1]
	      6980 t.var_w.v.f : 1  [by t.var_w.v.t:=0]
	      7190 t.var_a.v.t : 0  [by t.s_84.in.f:=1]
	      7210 t.var_a.v.f : 1  [by t.var_a.v.t:=0]
	      7420 t.var_b.v.t : 0  [by t.s_87.in.f:=1]
	      7440 t.var_b.v.f : 1  [by t.var_b.v.t:=0]
	      7650 t.var_c.v.t : 0  [by t.s_90.in.f:=1]
	      7670 t.var_c.v.f : 1  [by t.var_c.v.t:=0]
	      7880 t.var_d.v.t : 0  [by t.s_93.in.f:=1]
	      7900 t.var_d.v.f : 1  [by t.var_d.v.t:=0]
	      7920 t.go.a : 1  [by t.s_93._goa:=0]
	      7920 t.go.r : 0
	     10480 t.go.a : 0  [by t.s_93._goa:=1]
	     10480 t.go.r : 1
	     10670 t.var_x.v.f : 0  [by t.s_0.in.t:=1]
	     10690 t.var_x.v.t : 1  [by t.var_x.v.f:=0]
	     10900 t.var_y.v.f : 0  [by t.s_3.in.t:=1]
	     10920 t.var_y.v.t : 1  [by t.var_y.v.f:=0]
	     11130 t.var_z.v.f : 0  [by t.s_6.in.t:=1]
	     11150 t.var_z.v.t : 1  [by t.var_z.v.f:=0]
	     11360 t.var_w.v.f : 0  [by t.s_9.in.t:=1]
	     11380 t.var_w.v.t : 1  [by t.var_w.v.f:=0]
	     11590 t.var_a.v.f : 0  [by t.s_12.in.t:=1]
	     11610 t.var_a.v.t : 1  [by t.var_a.v.f:=0]
	     11820 t.var_b.v.f : 0  [by t.s_15.in.t:=1]
	     11840 t.var_b.v.t : 1  [by t.var_b.v.f:=0]
	     12050 t.var_c.v.f : 0  [by t.s_18.in.t:=1]
	     12070 t.var_c.v.t : 1  [by t.var_c.v.f:=0]
	     12280 t.var_d.v.f : 0  [by t.s_21.in.t:=1]
	     12300 t.var_d.v.t : 1  [by t.var_d.v.f:=0]
	     12510 t.var_x.v.t : 0  [by t.s_24.in.f:=1]
	     12530 t.var_x.v.f : 1  [by t.var_x.v.t:=0]
	     12740 t.var_y.v.t : 0  [by t.s_27.in.f:=1]
	     12760 t.var_y.v.f : 1  [by t.var_y.v.t:=0]
	     12970 t.var_z.v.t : 0  [by t.s_30.in.f:=1]
	     12990 t.var_z.v.f : 1  [by t.var_z.v.t:=0]
	     13200 t.var_w.v.t : 0  [by t.s_33.in.f:=1]
	     13220 t.var_w.v.f : 1  [by t.var_w.v.t:=0]
	     13430 t.var_a.v.t : 0  [by t.s_36.in.f:=1]
	     13450 t.var_a.v.f : 1  [by t.var_a.v.t:=0]
	     13660 t.var_b.v.t : 0  [by t.s_39.in.f:=1]
	     13680 t.var_b.v.f : 1  [by t.var_b.v.t:=0]
	     13890 t.var_c.v.t : 0  [by t.s_42.in.f:=1]
	     13910 t.var_c.v.f : 1  [by t.var_c.v.t:=0]
	     14120 t.var_d.v.t : 0  [by t.s_45.in.f:=1]
	     14140 t.var_d.v.f : 1  [by t.var_d.v.t:=0]
	     14350 t.var_x.v.f : 0  [by t.s_48.in.t:=1]
	     14370 t.var_x.v.t : 1  [by t.var_x.v.f:=0]
	     14580 t.var_y.v.f : 0  [by t.s_51.in.t:=1]
	     14600 t.var_y.v.t : 1  [by t.var_y.v.f:=0]
	     14810 t.var_z.v.f : 0  [by t.s_54.in.t:=1]
	     14830 t.var_z.v.t : 1  [by t.var_z.v.f:=0]
	     15040 t.var_w.v.f : 0  [by t.s_57.in.t:=1]
	     15060 t.var_w.v.t : 1  [by t.var_w.v.f:=0]
	     15270 t.var_a.v.f : 0  [by t.s_60.in.t:=1]
	     15290 t.var_a.v.t : 1  [by t.var_a.v.f:=0]
	     15500 t.var_b.v.f : 0  [by t.s_63.in.t:=1]
	     15520 t.var_b.v.t : 1  [by t.var_b.v.f:=0]
	     15730 t.var_c.v.f : 0  [by t.s_66.in.t:=1]
	     15750 t.var_c.v.t : 1  [by t.var_c.v.f:=0]
	     15960 t.var_d.v.f : 0  [by t.s_69.in.t:=1]
	     15980 t.var_d.v.t : 1  [by t.var_d.v.f:=0]
	     16190 t.var_x.v.t : 0  [by t.s_72.in.f:=1]
	     16210 t.var_x.v.f : 1  [by t.var_x.v.t:=0]
	     16420 t.var_y.v.t : 0  [by t.s_75.in.f:=1]
	     16440 t.var_y.v.f : 1  [by t.var_y.v.t:=0]
	     16650 t.var_z.v.t : 0  [by t.s_78.in.f:=1]
	     16670 t.var_z.v.f : 1  [by t.var_z.v.t:=0]
	     16880 t.var_w.v.t : 0  [by t.s_81.in.f:=1]
	     16900 t.var_w.v.f : 1  [by t.var_w.v.t:=0]
	     17110 t.var_a.v.t : 0  [by t.s_84.in.f:=1]
	     17130 t.var_a.v.f : 1  [by t.var_a.v.t:=0]
	     17340 t.var_b.v.t : 0  [by t.s_87.in.f:=1]
	     17360 t.var_b.v.f : 1  [by t.var_b.v.t:=0]
	     17570 t.var_c.v.t : 0  [by t.s_90.in.f:=1]
	     17590 t.var_c.v.f : 1  [by t.var_c.v.t:=0]
	     17800 t.var_d.v.t : 0  [by t.s_93.in.f:=1]
	     17820 t.var_d.v.f : 1  [by t.var_d.v.t:=0]
	     17840 t.go.a : 1  [by t.s_93._goa:=0]
	     17840 t.go.r : 0
	     20400 t.go.a : 0  [by t.s_93._goa:=1]
	     20400 t.go.r : 1
	     20590 t.var_x.v.f : 0  [by t.s_0.in.t:=1]
	     20610 t.var_x.v.t : 1  [by t.var_x.v.f:=0]
	     20820 t.var_y.v.f : 0  [by t.s_3.in.t:=1]
	     20840 t.var_y.v.t : 1  [by t.var_y.v.f:=0]
	     21050 t.var_z.v.f : 0  [by t.s_6.in.t:=1]
	     21070 t.var_z.v.t : 1  [by t.var_z.v.f:=0]
	     21280 t.var_w.v.f : 0  [by t.s_9.in.t:=1]
	     21300 t.var_w.v.t : 1  [by t.var_w.v.f:=0]
	     21510 t.var_a.v.f : 0  [by t.s_12.in.t:=1]
	     21530 t.var_a.v.t : 1  [by t.var_a.v.f:=0]
	     21740 t.var_b.v.f : 0  [by t.s_15.in.t:=1]
	     21760 t.var_b.v.t : 1  [by t.var_b.v.f:=0]
	     21970 t.var_c.v.f : 0  [by t.s_18.in.t:=1]
	     21990 t.var_c.v.t : 1  [by t.var_c.v.f:=0]
	     22200 t.var_d.v.f : 0  [by t.s_21.in.t:=1]
	     22220 t.var_d.v.t : 1  [by t.var_d.v.f:=0]
	     22430 t.var_x.v.t : 0  [by t.s_24.in.f:=1]
	     22450 t.var_x.v.f : 1  [by t.var_x.v.t:=0]
	     22660 t.var_y.v.t : 0  [by t.s_27.in.f:=1]
	     22680 t.var_y.v.f : 1  [by t.var_y.v.t:=0]
	     22890 t.var_z.v.t : 0  [by t.s_30.in.f:=1]
	     22910 t.var_z.v.f : 1  [by t.var_z.v.t:=0]
	     23120 t.var_w.v.t : 0  [by t.s_33.in.f:=1]
	     23140 t.var_w.v.f : 1  [by t.var_w.v.t:=0]
	     23350 t.var_a.v.t : 0  [by t.s_36.in.f:=1]
	     23370 t.var_a.v.f : 1  [by t.var_a.v.t:=0]
	     23580 t.var_b.v.t : 0  [by t.s_39.in.f:=1]
	     23600 t.var_b.v.f : 1  [by t.var_b.v.t:=0]
	     23810 t.var_c.v.t : 0  [by t.s_42.in.f:=1]
	     23830 t.var_c.v.f : 1  [by t.var_c.v.t:=0]
	     24040 t.var_d.v.t : 0  [by t.s_45.in.f:=1]
	     24060 t.var_d.v.f : 1  [by t.var_d.v.t:=0]
	     24270 t.var_x.v.f : 0  [by t.s_48.in.t:=1]
	     24290 t.var_x.v.t : 1  [by t.var_x.v.f:=0]
	     24500 t.var_y.v.f : 0  [by t.s_51.in.t:=1]
	     24520 t.var_y.v.t : 1  [by t.var_y.v.f:=0]
	     24730 t.var_z.v.f : 0  [by t.s_54.in.t:=1]
	     24750 t.var_z.v.t : 1  [by t.var_z.v.f:=0]
	     24960 t.var_w.v.f : 0  [by t.s_57.in.t:=1]
	     24980 t.var_w.v.t : 1  [by t.var_w.v.f:=0]
	     25190 t.var_a.v.f : 0  [by t.s_60.in.t:=1]
	     25210 t.var_a.v.t : 1  [by t.var_a.v.f:=0]
	     25420 t.var_b.v.f : 0  [by t.s_63.in.t:=1]
	     25440 t.var_b.v.t : 1  [by t.var_b.v.f:=0]
	     25650 t.var_c.v.f : 0  [by t.s_66.in.t:=1]
	     25670 t.var_c.v.t : 1  [by t.var_c.v.f:=0]
	     25880 t.var_d.v.f : 0  [by t.s_69.in.t:=1]
	     25900 t.var_d.v.t : 1  [by t.var_d.v.f:=0]
	     26110 t.var_x.v.t : 0  [by t.s_72.in.f:=1]
	     26130 t.var_x.v.f : 1  [by t.var_x.v.t:=0]
	     26340 t.var_y.v.t : 0  [by t.s_75.in.f:=1]
	     26360 t.var_y.v.f : 1  [by t.var_y.v.t:=0]
	     26570 t.var_z.v.t : 0  [by t.s_78.in.f:=1]
	     26590 t.var_z.v.f : 1  [by t.var_z.v.t:=0]
	     26800 t.var_w.v.t : 0  [by t.s_81.in.f:=1]
	     26820 t.var_w.v.f : 1  [by t.var_w.v.t:=0]
	     27030 t.var_a.v.t : 0  [by t.s_84.in.f:=1]
	     27050 t.var_a.v.f : 1  [by t.var_a.v.t:=0]
	     27260 t.var_b.v.t : 0  [by t.s_87.in.f:=1]
	     27280 t.var_b.v.f : 1  [by t.var_b.v.t:=0]
	     27490 t.var_c.v.t : 0  [by t.s_90.in.f:=1]
	     27510 t.var_c.v.f : 1  [by t.var_c.v.t:=0]
	     27720 t.var_d.v.t : 0  [by t.s_93.in.f:=1]
	     27740 t.var_d.v.f : 1  [by t.var_d.v.t:=0]
	     27760 t.go.a : 1  [by t.s_93._goa:=0]
	     27760 t.go.r : 0
	     30320 t.go.a : 0  [by t.s_93._goa:=1]
	     30320 t.go.r : 1
	     30510 t.var_x.v.f : 0  [by t.s_0.in.t:=1]
	     30530 t.var_x.v.t : 1  [by t.var_x.v.f:=0]
	     30740 t.var_y.v.f : 0  [by t.s_3.in.t:=1]
	     30760 t.var_y.v.t : 1  [by t.var_y.v.f:=0]
	     30970 t.var_z.v.f : 0  [by t.s_6.in.t:=1]
	     30990 t.var_z.v.t : 1  [by t.var_z.v.f:=0]
	     31200 t.var_w.v.f : 0  [by t.s_9.in.t:=1]
	     31220 t.var_w.v.t : 1  [by t.var_w.v.f:=0]
	     31430 t.var_a.v.f : 0  [by t.s_12.in.t:=1]
	     31450 t.var_a.v.t : 1  [by t.var_a.v.f:=0]
	     31660 t.var_b.v.f : 0  [by t.s_15.in.t:=1]
	     31680 t.var_b.v.t : 1  [by t.var_b.v.f:=0]
	     31890 t.var_c.v.f : 0  [by t.s_18.in.t:=1]
	     31910 t.var_c.v.t : 1  [by t.var_c.v.f:=0]
	     32120 t.var_d.v.f : 0  [by t.s_21.in.t:=1]
	     32140 t.var_d.v.t : 1  [by t.var_d.v.f:=0]
	     32350 t.var_x.v.t : 0  [by t.s_24.in.f:=1]
	     32370 t.var_x.v.f : 1  [by t.var_x.v.t:=0]
	     32580 t.var_y.v.t : 0  [by t.s_27.in.f:=1]
	     32600 t.var_y.v.f : 1  [by t.var_y.v.t:=0]
	     32810 t.var_z.v.t : 0  [by t.s_30.in.f:=1]
	     32830 t.var_z.v.f : 1  [by t.var_z.v.t:=0]
	     33040 t.var_w.v.t : 0  [by t.s_33.in.f:=1]
	     33060 t.var_w.v.f : 1  [by t.var_w.v.t:=0]
	     33270 t.var_a.v.t : 0  [by t.s_36.in.f:=1]
	     33290 t.var_a.v.f : 1  [by t.var_a.v.t:=0]
	     33500 t.var_b.v.t : 0  [by t.s_39.in.f:=1]
	     33520 t.var_b.v.f : 1  [by t.var_b.v.t:=0]
	     33730 t.var_c.v.t : 0  [by t.s_42.in.f:=1]
	     33750 t.var_c.v.f : 1  [by t.var_c.v.t:=0]
	     33960 t.var_d.v.t : 0  [by t.s_45.in.f:=1]
	     33980 t.var_d.v.f : 1  [by t.var_d.v.t:=0]
	     34190 t.var_x.v.f : 0  [by t.s_48.in.t:=1]
	     34210 t.var_x.v.t : 1  [by t.var_x.v.f:=0]
	     34420 t.var_y.v.f : 0  [by t.s_51.in.t:=1]
	     34440 t.var_y.v.t : 1  [by t.var_y.v.f:=0]
	     34650 t.var_z.v.f : 0  [by t.s_54.in.t:=1]
	     34670 t.var_z.v.t : 1  [by t.var_z.v.f:=0]
	     34880 t.var_w.v.f : 0  [by t.s_57.in.t:=1]
	     34900 t.var_w.v.t : 1  [by t.var_w.v.f:=0]
	     35110 t.var_a.v.f : 0  [by t.s_60.in.t:=1]
	     35130 t.var_a.v.t : 1  [by t.var_a.v.f:=0]
	     35340 t.var_b.v.f : 0  [by t.s_63.in.t:=1]
	     35360 t.var_b.v.t : 1  [by t.var_b.v.f:=0]
	     35570 t.var_c.v.f : 0  [by t.s_66.in.t:=1]
	     35590 t.var_c.v.t : 1  [by t.var_c.v.f:=0]
	     35800 t.var_d.v.f : 0  [by t.s_69.in.t:=1]
	     35820 t.var_d.v.t : 1  [by t.var_d.v.f:=0]
	     36030 t.var_x.v.t : 0  [by t.s_72.in.f:=1]
	     36050 t.var_x.v.f : 1  [by t.var_x.v.t:=0]
	     36260 t.var_y.v.t : 0  [by t.s_75.in.f:=1]
	     36280 t.var_y.v.f : 1  [by t.var_y.v.t:=0]
	     36490 t.var_z.v.t : 0  [by t.s_78.in.f:=1]
	     36510 t.var_z.v.f : 1  [by t.var_z.v.t:=0]
	     36720 t.var_w.v.t : 0  [by t.s_81.in.f:=1]
	     36740 t.var_w.v.f : 1  [by t.var_w.v.t:=0]
	     36950 t.var_a.v.t : 0  [by t.s_84.in.f:=1]
	     36970 t.var_a.v.f : 1  [by t.var_a.v.t:=0]
	     37180 t.var_b.v.t : 0  [by t.s_87.in.f:=1]
	     37200 t.var_b.v.f : 1  [by t.var_b.v.t:=0]
	     37410 t.var_c.v.t : 0  [by t.s_90.in.f:=1]
	     37430 t.var_c.v.f : 1  [by t.var_c.v.t:=0]
	     37640 t.var_d.v.t : 0  [by t.s_93.in.f:=1]
	     37660 t.var_d.v.f : 1  [by t.var_d.v.t:=0]
	     37680 t.go.a : 1  [by t.s_93._goa:=0]
	     37680 t.go.r : 0
	     40240 t.go.a : 0  [by t.s_93._goa:=1]
	     40240 t.go.r : 1
	     40430 t.var_x.v.f : 0  [by t.s_0.in.t:=1]
	     40450 t.var_x.v.t : 1  [by t.var_x.v.f:=0]
	     40660 t.var_y.v.f : 0  [by t.s_3.in.t:=1]
	     40680 t.var_y.v.t : 1  [by t.var_y.v.f:=0]
	     40890 t.var_z.v.f : 0  [by t.s_6.in.t:=1]
	     40910 t.var_z.v.t : 1  [by t.var_z.v.f:=0]
	     41120 t.var_w.v.f : 0  [by t.s_9.in.t:=1]
	     41140 t.var_w.v.t : 1  [by t.var_w.v.f:=0]
	     41350 t.var_a.v.f : 0  [by t.s_12.in.t:=1]
	     41370 t.var_a.v.t : 1  [by t.var_a.v.f:=0]
	     41580 t.var_b.v.f : 0  [by t.s_15.in.t:=1]
	     41600 t.var_b.v.t : 1  [by t.var_b.v.f:=0]
	     41810 t.var_c.v.f : 0  [by t.s_18.in.t:=1]
	     41830 t.var_c.v.t : 1  [by t.var_c.v.f:=0]
	     42040 t.var_d.v.f : 0  [by t.s_21.in.t:=1]
	     42060 t.var_d.v.t : 1  [by t.var_d.v.f:=0]
	     42270 t.var_x.v.t : 0  [by t.s_24.in.f:=1]
	     42290 t.var_x.v.f : 1  [by t.var_x.v.t:=0]
	     42500 t.var_y.v.t : 0  [by t.s_27.in.f:=1]
	     42520 t.var_y.v.f : 1  [by t.var_y.v.t:=0]
	     42730 t.var_z.v.t : 0  [by t.s_30.in.f:=1]
	     42750 t.var_z.v.f : 1  [by t.var_z.v.t:=0]
	     42960 t.var_w.v.t : 0  [by t.s_33.in.f:=1]
	     42980 t.var_w.v.f : 1  [by t.var_w.v.t:=0]
	     43190 t.var_a.v.t : 0  [by t.s_36.in.f:=1]
	     43210 t.var_a.v.f : 1  [by t.var_a.v.t:=0]
	     43420 t.var_b.v.t : 0  [by t.s_39.in.f:=1]
	     43440 t.var_b.v.f : 1  [by t.var_b.v.t:=0]
	     43650 t.var_c.v.t : 0  [by t.s_42.in.f:=1]
	     43670 t.var_c.v.f : 1  [by t.var_c.v.t:=0]
	     43880 t.var_d.v.t : 0  [by t.s_45.in.f:=1]
	     43900 t.var_d.v.f : 1  [by t.var_d.v.t:=0]
	     44110 t.var_x.v.f : 0  [by t.s_48.in.t:=1]
	     44130 t.var_x.v.t : 1  [by t.var_x.v.f:=0]
	     44340 t.var_y.v.f : 0  [by t.s_51.in.t:=1]
	     44360 t.var_y.v.t : 1  [by t.var_y.v.f:=0]
	     44570 t.var_z.v.f : 0  [by t.s_54.in.t:=1]
	     44590 t.var_z.v.t : 1  [by t.var_z.v.f:=0]
	     44800 t.var_w.v.f : 0  [by t.s_57.in.t:=1]
	     44820 t.var_w.v.t : 1  [by t.var_w.v.f:=0]
	     45030 t.var_a.v.f : 0  [by t.s_60.in.t:=1]
	     45050 t.var_a.v.t : 1  [by t.var_a.v.f:=0]
	     45260 t.var_b.v.f : 0  [by t.s_63.in.t:=1]
	     45280 t.var_b.v.t : 1  [by t.var_b.v.f:=0]
	     45490 t.var_c.v.f : 0  [by t.s_66.in.t:=1]
	     45510 t.var_c.v.t : 1  [by t.var_c.v.f:=0]
	     45720 t.var_d.v.f : 0  [by t.s_69.in.t:=1]
	     45740 t.var_d.v.t : 1  [by t.var_d.v.f:=0]
	     45950 t.var_x.v.t : 0  [by t.s_72.in.f:=1]
	     45970 t.var_x.v.f : 1  [by t.var_x.v.t:=0]
	     46180 t.var_y.v.t : 0  [by t.s_75.in.f:=1]
	     46200 t.var_y.v.f : 1  [by t.var_y.v.t:=0]
	     46410 t.var_z.v.t : 0  [by t.s_78.in.f:=1]
	     46430 t.var_z.v.f : 1  [by t.var_z.v.t:=0]
	     46640 t.var_w.v.t : 0  [by t.s_81.in.f:=1]
	     46660 t.var_w.v.f : 1  [by t.var_w.v.t:=0]
	     46870 t.var_a.v.t : 0  [by t.s_84.in.f:=1]
	     46890 t.var_a.v.f : 1  [by t.var_a.v.t:=0]
	     47100 t.var_b.v.t : 0  [by t.s_87.in.f:=1]
	     47120 t.var_b.v.f : 1  [by t.var_b.v.t:=0]
	     47330 t.var_c.v.t : 0  [by t.s_90.in.f:=1]
	     47350 t.var_c.v.f : 1  [by t.var_c.v.t:=0]
	     47560 t.var_d.v.t : 0  [by t.s_93.in.f:=1]
	     47580 t.var_d.v.f : 1  [by t.var_d.v.t:=0]
	     47600 t.go.a : 1  [by t.s_93._goa:=0]
	     47600 t.go.r : 0
	     50160 t.go.a : 0  [by t.s_93._goa:=1]
