	         0 Reset : 1
	         0 t.go.a : 0
	         0 t.go.r : 0
	         0 _Reset : 0
	        10 t.var_x.v.t : 0  [by Reset:=1]
	        50 t.var_x.v.f : 1  [by t.s_62.in.t:=0]
	       510 Reset : 0
	       510 _Reset : 1
	       510 t.go.r : 1
	      1070 t.var_x.v.f : 0  [by t.e_2.out.t:=1]
	      1090 t.var_x.v.t : 1  [by t.var_x.v.f:=0]
	      1320 t.var_x.v.t : 0  [by t.e_4.out.f:=1]
	      1340 t.var_x.v.f : 1  [by t.var_x.v.t:=0]
	      1640 t.var_x.v.f : 0  [by t.e_6.out.t:=1]
	      1660 t.var_x.v.t : 1  [by t.var_x.v.f:=0]
	      1930 t.var_x.v.t : 0  [by t.e_8.out.f:=1]
	      1950 t.var_x.v.f : 1  [by t.var_x.v.t:=0]
	      2250 t.var_x.v.f : 0  [by t.s_35.in.t:=1]
	      2270 t.var_x.v.t : 1  [by t.var_x.v.f:=0]
	      2540 t.var_x.v.t : 0  [by t.s_38.in.f:=1]
	      2560 t.var_x.v.f : 1  [by t.var_x.v.t:=0]
	      2860 t.var_x.v.f : 0  [by t.s_41.in.t:=1]
	      2880 t.var_x.v.t : 1  [by t.var_x.v.f:=0]
	      3150 t.var_x.v.t : 0  [by t.s_44.in.f:=1]
	      3170 t.var_x.v.f : 1  [by t.var_x.v.t:=0]
	      3470 t.var_x.v.f : 0  [by t.s_47.in.t:=1]
	      3490 t.var_x.v.t : 1  [by t.var_x.v.f:=0]
	      3760 t.var_x.v.t : 0  [by t.s_50.in.f:=1]
	      3780 t.var_x.v.f : 1  [by t.var_x.v.t:=0]
	      4080 t.var_x.v.f : 0  [by t.s_53.in.t:=1]
	      4100 t.var_x.v.t : 1  [by t.var_x.v.f:=0]
	      4370 t.var_x.v.t : 0  [by t.s_56.in.f:=1]
	      4390 t.var_x.v.f : 1  [by t.var_x.v.t:=0]
	      4690 t.var_x.v.f : 0  [by t.s_59.in.t:=1]
	      4710 t.var_x.v.t : 1  [by t.var_x.v.f:=0]
	      4980 t.var_x.v.t : 0  [by t.s_62.in.f:=1]
	      5000 t.var_x.v.f : 1  [by t.var_x.v.t:=0]
	      5300 t.var_x.v.f : 0  [by t.s_65.in.t:=1]
	      5320 t.var_x.v.t : 1  [by t.var_x.v.f:=0]
	      5590 t.var_x.v.t : 0  [by t.s_68.in.f:=1]
	      5610 t.var_x.v.f : 1  [by t.var_x.v.t:=0]
	      5910 t.var_x.v.f : 0  [by t.s_71.in.t:=1]
	      5930 t.var_x.v.t : 1  [by t.var_x.v.f:=0]
	      6200 t.var_x.v.t : 0  [by t.s_74.in.f:=1]
	      6220 t.var_x.v.f : 1  [by t.var_x.v.t:=0]
	      6520 t.var_x.v.f : 0  [by t.s_77.in.t:=1]
	      6540 t.var_x.v.t : 1  [by t.var_x.v.f:=0]
	      6810 t.var_x.v.t : 0  [by t.s_80.in.f:=1]
	      6830 t.var_x.v.f : 1  [by t.var_x.v.t:=0]
	      7130 t.var_x.v.f : 0  [by t.s_83.in.t:=1]
	      7150 t.var_x.v.t : 1  [by t.var_x.v.f:=0]
	      7420 t.var_x.v.t : 0  [by t.s_86.in.f:=1]
	      7440 t.var_x.v.f : 1  [by t.var_x.v.t:=0]
	      7740 t.var_x.v.f : 0  [by t.s_89.in.t:=1]
	      7760 t.var_x.v.t : 1  [by t.var_x.v.f:=0]
	      8030 t.var_x.v.t : 0  [by t.s_92.in.f:=1]
	      8050 t.var_x.v.f : 1  [by t.var_x.v.t:=0]
	      8070 t.go.a : 1  [by t.s_92._goa:=0]
