	         0 Reset : 1
	         0 t.go.a : 0
	         0 t.go.r : 0
	         0 _Reset : 0
	        10 t.var_c.v.t : 0  [by Reset:=1]
	        10 t.var_y.v.t : 0  [by Reset:=1]
	        10 t.var_d.v.t : 0  [by Reset:=1]
	        10 t.var_x.v.t : 0  [by Reset:=1]
	        10 t.var_w.v.t : 0  [by Reset:=1]
	        10 t.var_a.v.t : 0  [by Reset:=1]
	        10 t.var_z.v.t : 0  [by Reset:=1]
	        10 t.var_b.v.t : 0  [by Reset:=1]
	        30 t.var_w.v.f : 1  [by t.c_269.a:=0]
	        30 t.var_d.v.f : 1  [by t.c_83.a:=0]
	        30 t.var_y.v.f : 1  [by t.c_146.a:=0]
	        30 t.var_a.v.f : 1  [by t.c_62.a:=0]
	        30 t.var_b.v.f : 1  [by t.c_243.a:=0]
	        50 t.var_x.v.f : 1  [by t.e_2.out.t:=0]
	        50 t.var_z.v.f : 1  [by t.s_343.in.t:=0]
	        50 t.var_c.v.f : 1  [by t.s_571.in.t:=0]
	       550 Reset : 0
	       550 _Reset : 1
	       550 t.go.r : 1
	      1150 t.var_x.v.f : 0  [by t.e_2.out.t:=1]
	      1170 t.var_x.v.t : 1  [by t.var_x.v.f:=0]
	      1290 t.var_y.v.f : 0  [by t.e_4.out.t:=1]
	      1310 t.var_y.v.t : 1  [by t.var_y.v.f:=0]
	      1430 t.var_z.v.f : 0  [by t.e_6.out.t:=1]
	      1450 t.var_z.v.t : 1  [by t.var_z.v.f:=0]
	      1570 t.var_w.v.f : 0  [by t.e_8.out.t:=1]
	      1590 t.var_w.v.t : 1  [by t.var_w.v.f:=0]
	      1710 t.var_a.v.f : 0  [by t.s_37.in.t:=1]
	      1730 t.var_a.v.t : 1  [by t.var_a.v.f:=0]
	      1850 t.var_b.v.f : 0  [by t.s_40.in.t:=1]
	      1870 t.var_b.v.t : 1  [by t.var_b.v.f:=0]
	      1990 t.var_c.v.f : 0  [by t.s_43.in.t:=1]
	      2010 t.var_c.v.t : 1  [by t.var_c.v.f:=0]
	      2130 t.var_d.v.f : 0  [by t.s_46.in.t:=1]
	      2150 t.var_d.v.t : 1  [by t.var_d.v.f:=0]
	      2940 t.var_x.v.t : 0  [by t.s_49.in.f:=1]
	      2960 t.var_x.v.f : 1  [by t.var_x.v.t:=0]
	      3050 t.var_y.v.t : 0  [by t.s_52.in.f:=1]
	      3070 t.var_y.v.f : 1  [by t.var_y.v.t:=0]
	      3160 t.var_z.v.t : 0  [by t.s_55.in.f:=1]
	      3180 t.var_z.v.f : 1  [by t.var_z.v.t:=0]
	      3270 t.var_w.v.t : 0  [by t.s_58.in.f:=1]
	      3290 t.var_w.v.f : 1  [by t.var_w.v.t:=0]
	      3380 t.var_a.v.t : 0  [by t.s_61.in.f:=1]
	      3400 t.var_a.v.f : 1  [by t.var_a.v.t:=0]
	      3490 t.var_b.v.t : 0  [by t.s_64.in.f:=1]
	      3510 t.var_b.v.f : 1  [by t.var_b.v.t:=0]
	      3600 t.var_c.v.t : 0  [by t.s_67.in.f:=1]
	      3620 t.var_c.v.f : 1  [by t.var_c.v.t:=0]
	      3710 t.var_d.v.t : 0  [by t.s_70.in.f:=1]
	      3730 t.var_d.v.f : 1  [by t.var_d.v.t:=0]
	      4590 t.var_x.v.f : 0  [by t.s_73.in.t:=1]
	      4610 t.var_x.v.t : 1  [by t.var_x.v.f:=0]
	      4730 t.var_y.v.f : 0  [by t.s_76.in.t:=1]
	      4750 t.var_y.v.t : 1  [by t.var_y.v.f:=0]
	      4870 t.var_z.v.f : 0  [by t.s_79.in.t:=1]
	      4890 t.var_z.v.t : 1  [by t.var_z.v.f:=0]
	      5010 t.var_w.v.f : 0  [by t.s_82.in.t:=1]
	      5030 t.var_w.v.t : 1  [by t.var_w.v.f:=0]
	      5150 t.var_a.v.f : 0  [by t.s_85.in.t:=1]
	      5170 t.var_a.v.t : 1  [by t.var_a.v.f:=0]
	      5290 t.var_b.v.f : 0  [by t.s_88.in.t:=1]
	      5310 t.var_b.v.t : 1  [by t.var_b.v.f:=0]
	      5430 t.var_c.v.f : 0  [by t.s_91.in.t:=1]
	      5450 t.var_c.v.t : 1  [by t.var_c.v.f:=0]
	      5570 t.var_d.v.f : 0  [by t.s_94.in.t:=1]
	      5590 t.var_d.v.t : 1  [by t.var_d.v.f:=0]
	      6420 t.var_x.v.t : 0  [by t.s_97.in.f:=1]
	      6440 t.var_x.v.f : 1  [by t.var_x.v.t:=0]
	      6530 t.var_y.v.t : 0  [by t.e_52.out.f:=1]
	      6550 t.var_y.v.f : 1  [by t.var_y.v.t:=0]
	      6640 t.var_z.v.t : 0  [by t.e_54.out.f:=1]
	      6660 t.var_z.v.f : 1  [by t.var_z.v.t:=0]
	      6750 t.var_w.v.t : 0  [by t.e_56.out.f:=1]
	      6770 t.var_w.v.f : 1  [by t.var_w.v.t:=0]
	      6860 t.var_a.v.t : 0  [by t.e_58.out.f:=1]
	      6880 t.var_a.v.f : 1  [by t.var_a.v.t:=0]
	      6970 t.var_b.v.t : 0  [by t.e_60.out.f:=1]
	      6990 t.var_b.v.f : 1  [by t.var_b.v.t:=0]
	      7080 t.var_c.v.t : 0  [by t.e_62.out.f:=1]
	      7100 t.var_c.v.f : 1  [by t.var_c.v.t:=0]
	      7190 t.var_d.v.t : 0  [by t.e_64.out.f:=1]
	      7210 t.var_d.v.f : 1  [by t.var_d.v.t:=0]
	      8070 t.var_x.v.f : 0  [by t.e_66.out.t:=1]
	      8090 t.var_x.v.t : 1  [by t.var_x.v.f:=0]
	      8210 t.var_y.v.f : 0  [by t.e_68.out.t:=1]
	      8230 t.var_y.v.t : 1  [by t.var_y.v.f:=0]
	      8350 t.var_z.v.f : 0  [by t.e_70.out.t:=1]
	      8370 t.var_z.v.t : 1  [by t.var_z.v.f:=0]
	      8490 t.var_w.v.f : 0  [by t.e_72.out.t:=1]
	      8510 t.var_w.v.t : 1  [by t.var_w.v.f:=0]
	      8630 t.var_a.v.f : 0  [by t.e_74.out.t:=1]
	      8650 t.var_a.v.t : 1  [by t.var_a.v.f:=0]
	      8770 t.var_b.v.f : 0  [by t.e_76.out.t:=1]
	      8790 t.var_b.v.t : 1  [by t.var_b.v.f:=0]
	      8910 t.var_c.v.f : 0  [by t.e_78.out.t:=1]
	      8930 t.var_c.v.t : 1  [by t.var_c.v.f:=0]
	      9050 t.var_d.v.f : 0  [by t.e_80.out.t:=1]
	      9070 t.var_d.v.t : 1  [by t.var_d.v.f:=0]
	      9900 t.var_x.v.t : 0  [by t.e_82.out.f:=1]
	      9920 t.var_x.v.f : 1  [by t.var_x.v.t:=0]
	     10010 t.var_y.v.t : 0  [by t.e_84.out.f:=1]
	     10030 t.var_y.v.f : 1  [by t.var_y.v.t:=0]
	     10120 t.var_z.v.t : 0  [by t.e_86.out.f:=1]
	     10140 t.var_z.v.f : 1  [by t.var_z.v.t:=0]
	     10230 t.var_w.v.t : 0  [by t.e_88.out.f:=1]
	     10250 t.var_w.v.f : 1  [by t.var_w.v.t:=0]
	     10340 t.var_a.v.t : 0  [by t.e_90.out.f:=1]
	     10360 t.var_a.v.f : 1  [by t.var_a.v.t:=0]
	     10450 t.var_b.v.t : 0  [by t.e_92.out.f:=1]
	     10470 t.var_b.v.f : 1  [by t.var_b.v.t:=0]
	     10560 t.var_c.v.t : 0  [by t.e_94.out.f:=1]
	     10580 t.var_c.v.f : 1  [by t.var_c.v.t:=0]
	     10670 t.var_d.v.t : 0  [by t.e_96.out.f:=1]
	     10690 t.var_d.v.f : 1  [by t.var_d.v.t:=0]
	     11550 t.var_x.v.f : 0  [by t.e_98.out.t:=1]
	     11570 t.var_x.v.t : 1  [by t.var_x.v.f:=0]
	     11690 t.var_y.v.f : 0  [by t.s_172.in.t:=1]
	     11710 t.var_y.v.t : 1  [by t.var_y.v.f:=0]
	     11830 t.var_z.v.f : 0  [by t.s_175.in.t:=1]
	     11850 t.var_z.v.t : 1  [by t.var_z.v.f:=0]
	     11970 t.var_w.v.f : 0  [by t.s_178.in.t:=1]
	     11990 t.var_w.v.t : 1  [by t.var_w.v.f:=0]
	     12110 t.var_a.v.f : 0  [by t.s_181.in.t:=1]
	     12130 t.var_a.v.t : 1  [by t.var_a.v.f:=0]
	     12250 t.var_b.v.f : 0  [by t.s_184.in.t:=1]
	     12270 t.var_b.v.t : 1  [by t.var_b.v.f:=0]
	     12390 t.var_c.v.f : 0  [by t.s_187.in.t:=1]
	     12410 t.var_c.v.t : 1  [by t.var_c.v.f:=0]
	     12530 t.var_d.v.f : 0  [by t.s_190.in.t:=1]
	     12550 t.var_d.v.t : 1  [by t.var_d.v.f:=0]
	     13380 t.var_x.v.t : 0  [by t.s_193.in.f:=1]
	     13400 t.var_x.v.f : 1  [by t.var_x.v.t:=0]
	     13490 t.var_y.v.t : 0  [by t.s_196.in.f:=1]
	     13510 t.var_y.v.f : 1  [by t.var_y.v.t:=0]
	     13600 t.var_z.v.t : 0  [by t.s_199.in.f:=1]
	     13620 t.var_z.v.f : 1  [by t.var_z.v.t:=0]
	     13710 t.var_w.v.t : 0  [by t.s_202.in.f:=1]
	     13730 t.var_w.v.f : 1  [by t.var_w.v.t:=0]
	     13820 t.var_a.v.t : 0  [by t.s_205.in.f:=1]
	     13840 t.var_a.v.f : 1  [by t.var_a.v.t:=0]
	     13930 t.var_b.v.t : 0  [by t.s_208.in.f:=1]
	     13950 t.var_b.v.f : 1  [by t.var_b.v.t:=0]
	     14040 t.var_c.v.t : 0  [by t.s_211.in.f:=1]
	     14060 t.var_c.v.f : 1  [by t.var_c.v.t:=0]
	     14150 t.var_d.v.t : 0  [by t.s_214.in.f:=1]
	     14170 t.var_d.v.f : 1  [by t.var_d.v.t:=0]
	     15030 t.var_x.v.f : 0  [by t.s_217.in.t:=1]
	     15050 t.var_x.v.t : 1  [by t.var_x.v.f:=0]
	     15170 t.var_y.v.f : 0  [by t.s_220.in.t:=1]
	     15190 t.var_y.v.t : 1  [by t.var_y.v.f:=0]
	     15310 t.var_z.v.f : 0  [by t.s_223.in.t:=1]
	     15330 t.var_z.v.t : 1  [by t.var_z.v.f:=0]
	     15450 t.var_w.v.f : 0  [by t.s_226.in.t:=1]
	     15470 t.var_w.v.t : 1  [by t.var_w.v.f:=0]
	     15590 t.var_a.v.f : 0  [by t.s_229.in.t:=1]
	     15610 t.var_a.v.t : 1  [by t.var_a.v.f:=0]
	     15730 t.var_b.v.f : 0  [by t.s_232.in.t:=1]
	     15750 t.var_b.v.t : 1  [by t.var_b.v.f:=0]
	     15870 t.var_c.v.f : 0  [by t.s_235.in.t:=1]
	     15890 t.var_c.v.t : 1  [by t.var_c.v.f:=0]
	     16010 t.var_d.v.f : 0  [by t.s_238.in.t:=1]
	     16030 t.var_d.v.t : 1  [by t.var_d.v.f:=0]
	     16860 t.var_x.v.t : 0  [by t.s_241.in.f:=1]
	     16880 t.var_x.v.f : 1  [by t.var_x.v.t:=0]
	     16970 t.var_y.v.t : 0  [by t.s_244.in.f:=1]
	     16990 t.var_y.v.f : 1  [by t.var_y.v.t:=0]
	     17080 t.var_z.v.t : 0  [by t.s_247.in.f:=1]
	     17100 t.var_z.v.f : 1  [by t.var_z.v.t:=0]
	     17190 t.var_w.v.t : 0  [by t.s_250.in.f:=1]
	     17210 t.var_w.v.f : 1  [by t.var_w.v.t:=0]
	     17300 t.var_a.v.t : 0  [by t.s_253.in.f:=1]
	     17320 t.var_a.v.f : 1  [by t.var_a.v.t:=0]
	     17410 t.var_b.v.t : 0  [by t.s_256.in.f:=1]
	     17430 t.var_b.v.f : 1  [by t.var_b.v.t:=0]
	     17520 t.var_c.v.t : 0  [by t.s_259.in.f:=1]
	     17540 t.var_c.v.f : 1  [by t.var_c.v.t:=0]
	     17630 t.var_d.v.t : 0  [by t.s_262.in.f:=1]
	     17650 t.var_d.v.f : 1  [by t.var_d.v.t:=0]
	     18510 t.var_x.v.f : 0  [by t.s_265.in.t:=1]
	     18530 t.var_x.v.t : 1  [by t.var_x.v.f:=0]
	     18650 t.var_y.v.f : 0  [by t.s_268.in.t:=1]
	     18670 t.var_y.v.t : 1  [by t.var_y.v.f:=0]
	     18790 t.var_z.v.f : 0  [by t.s_271.in.t:=1]
	     18810 t.var_z.v.t : 1  [by t.var_z.v.f:=0]
	     18930 t.var_w.v.f : 0  [by t.s_274.in.t:=1]
	     18950 t.var_w.v.t : 1  [by t.var_w.v.f:=0]
	     19070 t.var_a.v.f : 0  [by t.s_277.in.t:=1]
	     19090 t.var_a.v.t : 1  [by t.var_a.v.f:=0]
	     19210 t.var_b.v.f : 0  [by t.s_280.in.t:=1]
	     19230 t.var_b.v.t : 1  [by t.var_b.v.f:=0]
	     19350 t.var_c.v.f : 0  [by t.s_283.in.t:=1]
	     19370 t.var_c.v.t : 1  [by t.var_c.v.f:=0]
	     19490 t.var_d.v.f : 0  [by t.s_286.in.t:=1]
	     19510 t.var_d.v.t : 1  [by t.var_d.v.f:=0]
	     20340 t.var_x.v.t : 0  [by t.s_289.in.f:=1]
	     20360 t.var_x.v.f : 1  [by t.var_x.v.t:=0]
	     20450 t.var_y.v.t : 0  [by t.s_292.in.f:=1]
	     20470 t.var_y.v.f : 1  [by t.var_y.v.t:=0]
	     20820 t.var_z.v.t : 0  [by t.s_295.in.f:=1]
	     20840 t.var_z.v.f : 1  [by t.var_z.v.t:=0]
	     20930 t.var_w.v.t : 0  [by t.s_298.in.f:=1]
	     20950 t.var_w.v.f : 1  [by t.var_w.v.t:=0]
	     21040 t.var_a.v.t : 0  [by t.s_301.in.f:=1]
	     21060 t.var_a.v.f : 1  [by t.var_a.v.t:=0]
	     21150 t.var_b.v.t : 0  [by t.s_304.in.f:=1]
	     21170 t.var_b.v.f : 1  [by t.var_b.v.t:=0]
	     21260 t.var_c.v.t : 0  [by t.s_307.in.f:=1]
	     21280 t.var_c.v.f : 1  [by t.var_c.v.t:=0]
	     21370 t.var_d.v.t : 0  [by t.s_310.in.f:=1]
	     21390 t.var_d.v.f : 1  [by t.var_d.v.t:=0]
	     21510 t.var_x.v.f : 0  [by t.s_313.in.t:=1]
	     21530 t.var_x.v.t : 1  [by t.var_x.v.f:=0]
	     21650 t.var_y.v.f : 0  [by t.s_316.in.t:=1]
	     21670 t.var_y.v.t : 1  [by t.var_y.v.f:=0]
	     22530 t.var_z.v.f : 0  [by t.s_319.in.t:=1]
	     22550 t.var_z.v.t : 1  [by t.var_z.v.f:=0]
	     22670 t.var_w.v.f : 0  [by t.s_322.in.t:=1]
	     22690 t.var_w.v.t : 1  [by t.var_w.v.f:=0]
	     22810 t.var_a.v.f : 0  [by t.s_325.in.t:=1]
	     22830 t.var_a.v.t : 1  [by t.var_a.v.f:=0]
	     22950 t.var_b.v.f : 0  [by t.s_328.in.t:=1]
	     22970 t.var_b.v.t : 1  [by t.var_b.v.f:=0]
	     23090 t.var_c.v.f : 0  [by t.s_331.in.t:=1]
	     23110 t.var_c.v.t : 1  [by t.var_c.v.f:=0]
	     23230 t.var_d.v.f : 0  [by t.s_334.in.t:=1]
	     23250 t.var_d.v.t : 1  [by t.var_d.v.f:=0]
	     23340 t.var_x.v.t : 0  [by t.s_337.in.f:=1]
	     23360 t.var_x.v.f : 1  [by t.var_x.v.t:=0]
	     23450 t.var_y.v.t : 0  [by t.s_340.in.f:=1]
	     23470 t.var_y.v.f : 1  [by t.var_y.v.t:=0]
	     24300 t.var_z.v.t : 0  [by t.s_343.in.f:=1]
	     24320 t.var_z.v.f : 1  [by t.var_z.v.t:=0]
	     24410 t.var_w.v.t : 0  [by t.s_346.in.f:=1]
	     24430 t.var_w.v.f : 1  [by t.var_w.v.t:=0]
	     24520 t.var_a.v.t : 0  [by t.s_349.in.f:=1]
	     24540 t.var_a.v.f : 1  [by t.var_a.v.t:=0]
	     24630 t.var_b.v.t : 0  [by t.s_352.in.f:=1]
	     24650 t.var_b.v.f : 1  [by t.var_b.v.t:=0]
	     24740 t.var_c.v.t : 0  [by t.s_355.in.f:=1]
	     24760 t.var_c.v.f : 1  [by t.var_c.v.t:=0]
	     24850 t.var_d.v.t : 0  [by t.s_358.in.f:=1]
	     24870 t.var_d.v.f : 1  [by t.var_d.v.t:=0]
	     24990 t.var_x.v.f : 0  [by t.s_361.in.t:=1]
	     25010 t.var_x.v.t : 1  [by t.var_x.v.f:=0]
	     25130 t.var_y.v.f : 0  [by t.s_364.in.t:=1]
	     25150 t.var_y.v.t : 1  [by t.var_y.v.f:=0]
	     26010 t.var_z.v.f : 0  [by t.s_367.in.t:=1]
	     26030 t.var_z.v.t : 1  [by t.var_z.v.f:=0]
	     26150 t.var_w.v.f : 0  [by t.s_370.in.t:=1]
	     26170 t.var_w.v.t : 1  [by t.var_w.v.f:=0]
	     26290 t.var_a.v.f : 0  [by t.s_373.in.t:=1]
	     26310 t.var_a.v.t : 1  [by t.var_a.v.f:=0]
	     26430 t.var_b.v.f : 0  [by t.s_376.in.t:=1]
	     26450 t.var_b.v.t : 1  [by t.var_b.v.f:=0]
	     26570 t.var_c.v.f : 0  [by t.s_379.in.t:=1]
	     26590 t.var_c.v.t : 1  [by t.var_c.v.f:=0]
	     26710 t.var_d.v.f : 0  [by t.s_382.in.t:=1]
	     26730 t.var_d.v.t : 1  [by t.var_d.v.f:=0]
	     26820 t.var_x.v.t : 0  [by t.s_385.in.f:=1]
	     26840 t.var_x.v.f : 1  [by t.var_x.v.t:=0]
	     26930 t.var_y.v.t : 0  [by t.s_388.in.f:=1]
	     26950 t.var_y.v.f : 1  [by t.var_y.v.t:=0]
	     27780 t.var_z.v.t : 0  [by t.s_391.in.f:=1]
	     27800 t.var_z.v.f : 1  [by t.var_z.v.t:=0]
	     27890 t.var_w.v.t : 0  [by t.s_394.in.f:=1]
	     27910 t.var_w.v.f : 1  [by t.var_w.v.t:=0]
	     28000 t.var_a.v.t : 0  [by t.s_397.in.f:=1]
	     28020 t.var_a.v.f : 1  [by t.var_a.v.t:=0]
	     28110 t.var_b.v.t : 0  [by t.s_400.in.f:=1]
	     28130 t.var_b.v.f : 1  [by t.var_b.v.t:=0]
	     28220 t.var_c.v.t : 0  [by t.s_403.in.f:=1]
	     28240 t.var_c.v.f : 1  [by t.var_c.v.t:=0]
	     28330 t.var_d.v.t : 0  [by t.s_406.in.f:=1]
	     28350 t.var_d.v.f : 1  [by t.var_d.v.t:=0]
	     28470 t.var_x.v.f : 0  [by t.s_409.in.t:=1]
	     28490 t.var_x.v.t : 1  [by t.var_x.v.f:=0]
	     28610 t.var_y.v.f : 0  [by t.s_412.in.t:=1]
	     28630 t.var_y.v.t : 1  [by t.var_y.v.f:=0]
	     29490 t.var_z.v.f : 0  [by t.s_415.in.t:=1]
	     29510 t.var_z.v.t : 1  [by t.var_z.v.f:=0]
	     29630 t.var_w.v.f : 0  [by t.s_418.in.t:=1]
	     29650 t.var_w.v.t : 1  [by t.var_w.v.f:=0]
	     29770 t.var_a.v.f : 0  [by t.s_421.in.t:=1]
	     29790 t.var_a.v.t : 1  [by t.var_a.v.f:=0]
	     29910 t.var_b.v.f : 0  [by t.s_424.in.t:=1]
	     29930 t.var_b.v.t : 1  [by t.var_b.v.f:=0]
	     30050 t.var_c.v.f : 0  [by t.s_427.in.t:=1]
	     30070 t.var_c.v.t : 1  [by t.var_c.v.f:=0]
	     30190 t.var_d.v.f : 0  [by t.s_430.in.t:=1]
	     30210 t.var_d.v.t : 1  [by t.var_d.v.f:=0]
	     30300 t.var_x.v.t : 0  [by t.s_433.in.f:=1]
	     30320 t.var_x.v.f : 1  [by t.var_x.v.t:=0]
	     30410 t.var_y.v.t : 0  [by t.s_436.in.f:=1]
	     30430 t.var_y.v.f : 1  [by t.var_y.v.t:=0]
	     31260 t.var_z.v.t : 0  [by t.s_439.in.f:=1]
	     31280 t.var_z.v.f : 1  [by t.var_z.v.t:=0]
	     31370 t.var_w.v.t : 0  [by t.s_442.in.f:=1]
	     31390 t.var_w.v.f : 1  [by t.var_w.v.t:=0]
	     31480 t.var_a.v.t : 0  [by t.s_445.in.f:=1]
	     31500 t.var_a.v.f : 1  [by t.var_a.v.t:=0]
	     31590 t.var_b.v.t : 0  [by t.s_448.in.f:=1]
	     31610 t.var_b.v.f : 1  [by t.var_b.v.t:=0]
	     31700 t.var_c.v.t : 0  [by t.s_451.in.f:=1]
	     31720 t.var_c.v.f : 1  [by t.var_c.v.t:=0]
	     31810 t.var_d.v.t : 0  [by t.s_454.in.f:=1]
	     31830 t.var_d.v.f : 1  [by t.var_d.v.t:=0]
	     31950 t.var_x.v.f : 0  [by t.s_457.in.t:=1]
	     31970 t.var_x.v.t : 1  [by t.var_x.v.f:=0]
	     32090 t.var_y.v.f : 0  [by t.s_460.in.t:=1]
	     32110 t.var_y.v.t : 1  [by t.var_y.v.f:=0]
	     32970 t.var_z.v.f : 0  [by t.s_463.in.t:=1]
	     32990 t.var_z.v.t : 1  [by t.var_z.v.f:=0]
	     33110 t.var_w.v.f : 0  [by t.s_466.in.t:=1]
	     33130 t.var_w.v.t : 1  [by t.var_w.v.f:=0]
	     33250 t.var_a.v.f : 0  [by t.s_469.in.t:=1]
	     33270 t.var_a.v.t : 1  [by t.var_a.v.f:=0]
	     33390 t.var_b.v.f : 0  [by t.s_472.in.t:=1]
	     33410 t.var_b.v.t : 1  [by t.var_b.v.f:=0]
	     33530 t.var_c.v.f : 0  [by t.s_475.in.t:=1]
	     33550 t.var_c.v.t : 1  [by t.var_c.v.f:=0]
	     33670 t.var_d.v.f : 0  [by t.s_478.in.t:=1]
	     33690 t.var_d.v.t : 1  [by t.var_d.v.f:=0]
	     33780 t.var_x.v.t : 0  [by t.s_481.in.f:=1]
	     33800 t.var_x.v.f : 1  [by t.var_x.v.t:=0]
	     33890 t.var_y.v.t : 0  [by t.s_484.in.f:=1]
	     33910 t.var_y.v.f : 1  [by t.var_y.v.t:=0]
	     34740 t.var_z.v.t : 0  [by t.s_487.in.f:=1]
	     34760 t.var_z.v.f : 1  [by t.var_z.v.t:=0]
	     34850 t.var_w.v.t : 0  [by t.s_490.in.f:=1]
	     34870 t.var_w.v.f : 1  [by t.var_w.v.t:=0]
	     34960 t.var_a.v.t : 0  [by t.s_493.in.f:=1]
	     34980 t.var_a.v.f : 1  [by t.var_a.v.t:=0]
	     35070 t.var_b.v.t : 0  [by t.s_496.in.f:=1]
	     35090 t.var_b.v.f : 1  [by t.var_b.v.t:=0]
	     35180 t.var_c.v.t : 0  [by t.s_499.in.f:=1]
	     35200 t.var_c.v.f : 1  [by t.var_c.v.t:=0]
	     35290 t.var_d.v.t : 0  [by t.s_502.in.f:=1]
	     35310 t.var_d.v.f : 1  [by t.var_d.v.t:=0]
	     35430 t.var_x.v.f : 0  [by t.s_505.in.t:=1]
	     35450 t.var_x.v.t : 1  [by t.var_x.v.f:=0]
	     35570 t.var_y.v.f : 0  [by t.s_508.in.t:=1]
	     35590 t.var_y.v.t : 1  [by t.var_y.v.f:=0]
	     36450 t.var_z.v.f : 0  [by t.s_511.in.t:=1]
	     36470 t.var_z.v.t : 1  [by t.var_z.v.f:=0]
	     36590 t.var_w.v.f : 0  [by t.s_514.in.t:=1]
	     36610 t.var_w.v.t : 1  [by t.var_w.v.f:=0]
	     36730 t.var_a.v.f : 0  [by t.s_517.in.t:=1]
	     36750 t.var_a.v.t : 1  [by t.var_a.v.f:=0]
	     36870 t.var_b.v.f : 0  [by t.s_520.in.t:=1]
	     36890 t.var_b.v.t : 1  [by t.var_b.v.f:=0]
	     37430 t.var_c.v.f : 0  [by t.s_523.in.t:=1]
	     37450 t.var_c.v.t : 1  [by t.var_c.v.f:=0]
	     37570 t.var_d.v.f : 0  [by t.s_526.in.t:=1]
	     37590 t.var_d.v.t : 1  [by t.var_d.v.f:=0]
	     37680 t.var_x.v.t : 0  [by t.s_529.in.f:=1]
	     37700 t.var_x.v.f : 1  [by t.var_x.v.t:=0]
	     37790 t.var_y.v.t : 0  [by t.s_532.in.f:=1]
	     37810 t.var_y.v.f : 1  [by t.var_y.v.t:=0]
	     37900 t.var_z.v.t : 0  [by t.s_535.in.f:=1]
	     37920 t.var_z.v.f : 1  [by t.var_z.v.t:=0]
	     38010 t.var_w.v.t : 0  [by t.s_538.in.f:=1]
	     38030 t.var_w.v.f : 1  [by t.var_w.v.t:=0]
	     38120 t.var_a.v.t : 0  [by t.s_541.in.f:=1]
	     38140 t.var_a.v.f : 1  [by t.var_a.v.t:=0]
	     38230 t.var_b.v.t : 0  [by t.s_544.in.f:=1]
	     38250 t.var_b.v.f : 1  [by t.var_b.v.t:=0]
	     39080 t.var_c.v.t : 0  [by t.s_547.in.f:=1]
	     39100 t.var_c.v.f : 1  [by t.var_c.v.t:=0]
	     39190 t.var_d.v.t : 0  [by t.s_550.in.f:=1]
	     39210 t.var_d.v.f : 1  [by t.var_d.v.t:=0]
	     39330 t.var_x.v.f : 0  [by t.s_553.in.t:=1]
	     39350 t.var_x.v.t : 1  [by t.var_x.v.f:=0]
	     39470 t.var_y.v.f : 0  [by t.s_556.in.t:=1]
	     39490 t.var_y.v.t : 1  [by t.var_y.v.f:=0]
	     39610 t.var_z.v.f : 0  [by t.s_559.in.t:=1]
	     39630 t.var_z.v.t : 1  [by t.var_z.v.f:=0]
	     39750 t.var_w.v.f : 0  [by t.s_562.in.t:=1]
	     39770 t.var_w.v.t : 1  [by t.var_w.v.f:=0]
	     39890 t.var_a.v.f : 0  [by t.s_565.in.t:=1]
	     39910 t.var_a.v.t : 1  [by t.var_a.v.f:=0]
	     40030 t.var_b.v.f : 0  [by t.s_568.in.t:=1]
	     40050 t.var_b.v.t : 1  [by t.var_b.v.f:=0]
	     40910 t.var_c.v.f : 0  [by t.s_571.in.t:=1]
	     40930 t.var_c.v.t : 1  [by t.var_c.v.f:=0]
	     41050 t.var_d.v.f : 0  [by t.s_574.in.t:=1]
	     41070 t.var_d.v.t : 1  [by t.var_d.v.f:=0]
	     41160 t.var_x.v.t : 0  [by t.s_577.in.f:=1]
	     41180 t.var_x.v.f : 1  [by t.var_x.v.t:=0]
	     41270 t.var_y.v.t : 0  [by t.s_580.in.f:=1]
	     41290 t.var_y.v.f : 1  [by t.var_y.v.t:=0]
	     41380 t.var_z.v.t : 0  [by t.s_583.in.f:=1]
	     41400 t.var_z.v.f : 1  [by t.var_z.v.t:=0]
	     41490 t.var_w.v.t : 0  [by t.s_586.in.f:=1]
	     41510 t.var_w.v.f : 1  [by t.var_w.v.t:=0]
	     41600 t.var_a.v.t : 0  [by t.s_589.in.f:=1]
	     41620 t.var_a.v.f : 1  [by t.var_a.v.t:=0]
	     41710 t.var_b.v.t : 0  [by t.s_592.in.f:=1]
	     41730 t.var_b.v.f : 1  [by t.var_b.v.t:=0]
	     42560 t.var_c.v.t : 0  [by t.s_595.in.f:=1]
	     42580 t.var_c.v.f : 1  [by t.var_c.v.t:=0]
	     42670 t.var_d.v.t : 0  [by t.s_598.in.f:=1]
	     42690 t.var_d.v.f : 1  [by t.var_d.v.t:=0]
	     42710 t.go.a : 1  [by t.s_598._goa:=0]
