Node `Reset' not found
Node `_Reset' not found
Node `Reset' not found
Node `_Reset' not found
	         0 c_0.r : 0
	         0 c_0.a : 0
Node `Reset' not found
Node `_Reset' not found
	         0 c_0.r : 1
	         0 c_0.a : 1
	         0 c_0.r : 0
	         0 c_0.a : 0
