	         0 Reset : 1
	         0 t.go.a : 0
	         0 t.go.r : 0
	         0 _Reset : 0
	        10 t.var_d.v.t : 0  [by Reset:=1]
	        10 t.var_y.v.t : 0  [by Reset:=1]
	        10 t.var_b.v.t : 0  [by Reset:=1]
	        10 t.var_w.v.t : 0  [by Reset:=1]
	        10 t.var_z.v.t : 0  [by Reset:=1]
	        10 t.var_a.v.t : 0  [by Reset:=1]
	        10 t.var_x.v.t : 0  [by Reset:=1]
	        10 t.var_c.v.t : 0  [by Reset:=1]
	        30 t.var_a.v.f : 1  [by t.c_7.a:=0]
	        30 t.var_d.v.f : 1  [by t.c_13.a:=0]
	        30 t.var_x.v.f : 1  [by t.var_x.v.t:=0]
	        30 t.var_c.v.f : 1  [by t.var_c.v.t:=0]
	        30 t.var_y.v.f : 1  [by t.c_17.a:=0]
	        30 t.var_w.v.f : 1  [by t.var_w.v.t:=0]
	        30 t.var_b.v.f : 1  [by t.c_25.a:=0]
	        30 t.var_z.v.f : 1  [by t.var_z.v.t:=0]
	        80 Reset : 0
	        80 _Reset : 1
	        80 t.go.r : 1
	       300 t.var_x.v.f : 0  [by t.s_0.in.t:=1]
	       320 t.var_x.v.t : 1  [by t.var_x.v.f:=0]
	       560 t.var_y.v.f : 0  [by t.s_3.in.t:=1]
	       580 t.var_y.v.t : 1  [by t.var_y.v.f:=0]
	       820 t.var_z.v.f : 0  [by t.s_6.in.t:=1]
	       840 t.var_z.v.t : 1  [by t.var_z.v.f:=0]
	      1080 t.var_w.v.f : 0  [by t.s_9.in.t:=1]
	      1100 t.var_w.v.t : 1  [by t.var_w.v.f:=0]
	      1340 t.var_a.v.f : 0  [by t.s_12.in.t:=1]
	      1360 t.var_a.v.t : 1  [by t.var_a.v.f:=0]
	      1600 t.var_b.v.f : 0  [by t.s_15.in.t:=1]
	      1620 t.var_b.v.t : 1  [by t.var_b.v.f:=0]
	      1860 t.var_c.v.f : 0  [by t.s_18.in.t:=1]
	      1880 t.var_c.v.t : 1  [by t.var_c.v.f:=0]
	      2120 t.var_d.v.f : 0  [by t.s_21.in.t:=1]
	      2140 t.var_d.v.t : 1  [by t.var_d.v.f:=0]
	      2350 t.var_x.v.t : 0  [by t.s_24.in.f:=1]
	      2370 t.var_x.v.f : 1  [by t.var_x.v.t:=0]
	      2580 t.var_y.v.t : 0  [by t.s_27.in.f:=1]
	      2600 t.var_y.v.f : 1  [by t.var_y.v.t:=0]
	      2810 t.var_z.v.t : 0  [by t.s_30.in.f:=1]
	      2830 t.var_z.v.f : 1  [by t.var_z.v.t:=0]
	      3040 t.var_w.v.t : 0  [by t.s_33.in.f:=1]
	      3060 t.var_w.v.f : 1  [by t.var_w.v.t:=0]
	      3270 t.var_a.v.t : 0  [by t.s_36.in.f:=1]
	      3290 t.var_a.v.f : 1  [by t.var_a.v.t:=0]
	      3500 t.var_b.v.t : 0  [by t.s_39.in.f:=1]
	      3520 t.var_b.v.f : 1  [by t.var_b.v.t:=0]
	      3730 t.var_c.v.t : 0  [by t.s_42.in.f:=1]
	      3750 t.var_c.v.f : 1  [by t.var_c.v.t:=0]
	      3960 t.var_d.v.t : 0  [by t.s_45.in.f:=1]
	      3980 t.var_d.v.f : 1  [by t.var_d.v.t:=0]
	      4000 t.go.a : 1  [by t.s_45._goa:=0]
	      4000 t.go.r : 0
	      5280 t.go.a : 0  [by t.s_45._goa:=1]
	      5280 t.go.r : 1
	      5470 t.var_x.v.f : 0  [by t.s_0.in.t:=1]
	      5490 t.var_x.v.t : 1  [by t.var_x.v.f:=0]
	      5700 t.var_y.v.f : 0  [by t.s_3.in.t:=1]
	      5720 t.var_y.v.t : 1  [by t.var_y.v.f:=0]
	      5930 t.var_z.v.f : 0  [by t.s_6.in.t:=1]
	      5950 t.var_z.v.t : 1  [by t.var_z.v.f:=0]
	      6160 t.var_w.v.f : 0  [by t.s_9.in.t:=1]
	      6180 t.var_w.v.t : 1  [by t.var_w.v.f:=0]
	      6390 t.var_a.v.f : 0  [by t.s_12.in.t:=1]
	      6410 t.var_a.v.t : 1  [by t.var_a.v.f:=0]
	      6620 t.var_b.v.f : 0  [by t.s_15.in.t:=1]
	      6640 t.var_b.v.t : 1  [by t.var_b.v.f:=0]
	      6850 t.var_c.v.f : 0  [by t.s_18.in.t:=1]
	      6870 t.var_c.v.t : 1  [by t.var_c.v.f:=0]
	      7080 t.var_d.v.f : 0  [by t.s_21.in.t:=1]
	      7100 t.var_d.v.t : 1  [by t.var_d.v.f:=0]
	      7310 t.var_x.v.t : 0  [by t.s_24.in.f:=1]
	      7330 t.var_x.v.f : 1  [by t.var_x.v.t:=0]
	      7540 t.var_y.v.t : 0  [by t.s_27.in.f:=1]
	      7560 t.var_y.v.f : 1  [by t.var_y.v.t:=0]
	      7770 t.var_z.v.t : 0  [by t.s_30.in.f:=1]
	      7790 t.var_z.v.f : 1  [by t.var_z.v.t:=0]
	      8000 t.var_w.v.t : 0  [by t.s_33.in.f:=1]
	      8020 t.var_w.v.f : 1  [by t.var_w.v.t:=0]
	      8230 t.var_a.v.t : 0  [by t.s_36.in.f:=1]
	      8250 t.var_a.v.f : 1  [by t.var_a.v.t:=0]
	      8460 t.var_b.v.t : 0  [by t.s_39.in.f:=1]
	      8480 t.var_b.v.f : 1  [by t.var_b.v.t:=0]
	      8690 t.var_c.v.t : 0  [by t.s_42.in.f:=1]
	      8710 t.var_c.v.f : 1  [by t.var_c.v.t:=0]
	      8920 t.var_d.v.t : 0  [by t.s_45.in.f:=1]
	      8940 t.var_d.v.f : 1  [by t.var_d.v.t:=0]
	      8960 t.go.a : 1  [by t.s_45._goa:=0]
	      8960 t.go.r : 0
	     10240 t.go.a : 0  [by t.s_45._goa:=1]
	     10240 t.go.r : 1
	     10430 t.var_x.v.f : 0  [by t.s_0.in.t:=1]
	     10450 t.var_x.v.t : 1  [by t.var_x.v.f:=0]
	     10660 t.var_y.v.f : 0  [by t.s_3.in.t:=1]
	     10680 t.var_y.v.t : 1  [by t.var_y.v.f:=0]
	     10890 t.var_z.v.f : 0  [by t.s_6.in.t:=1]
	     10910 t.var_z.v.t : 1  [by t.var_z.v.f:=0]
	     11120 t.var_w.v.f : 0  [by t.s_9.in.t:=1]
	     11140 t.var_w.v.t : 1  [by t.var_w.v.f:=0]
	     11350 t.var_a.v.f : 0  [by t.s_12.in.t:=1]
	     11370 t.var_a.v.t : 1  [by t.var_a.v.f:=0]
	     11580 t.var_b.v.f : 0  [by t.s_15.in.t:=1]
	     11600 t.var_b.v.t : 1  [by t.var_b.v.f:=0]
	     11810 t.var_c.v.f : 0  [by t.s_18.in.t:=1]
	     11830 t.var_c.v.t : 1  [by t.var_c.v.f:=0]
	     12040 t.var_d.v.f : 0  [by t.s_21.in.t:=1]
	     12060 t.var_d.v.t : 1  [by t.var_d.v.f:=0]
	     12270 t.var_x.v.t : 0  [by t.s_24.in.f:=1]
	     12290 t.var_x.v.f : 1  [by t.var_x.v.t:=0]
	     12500 t.var_y.v.t : 0  [by t.s_27.in.f:=1]
	     12520 t.var_y.v.f : 1  [by t.var_y.v.t:=0]
	     12730 t.var_z.v.t : 0  [by t.s_30.in.f:=1]
	     12750 t.var_z.v.f : 1  [by t.var_z.v.t:=0]
	     12960 t.var_w.v.t : 0  [by t.s_33.in.f:=1]
	     12980 t.var_w.v.f : 1  [by t.var_w.v.t:=0]
	     13190 t.var_a.v.t : 0  [by t.s_36.in.f:=1]
	     13210 t.var_a.v.f : 1  [by t.var_a.v.t:=0]
	     13420 t.var_b.v.t : 0  [by t.s_39.in.f:=1]
	     13440 t.var_b.v.f : 1  [by t.var_b.v.t:=0]
	     13650 t.var_c.v.t : 0  [by t.s_42.in.f:=1]
	     13670 t.var_c.v.f : 1  [by t.var_c.v.t:=0]
	     13880 t.var_d.v.t : 0  [by t.s_45.in.f:=1]
	     13900 t.var_d.v.f : 1  [by t.var_d.v.t:=0]
	     13920 t.go.a : 1  [by t.s_45._goa:=0]
	     13920 t.go.r : 0
	     15200 t.go.a : 0  [by t.s_45._goa:=1]
	     15200 t.go.r : 1
	     15390 t.var_x.v.f : 0  [by t.s_0.in.t:=1]
	     15410 t.var_x.v.t : 1  [by t.var_x.v.f:=0]
	     15620 t.var_y.v.f : 0  [by t.s_3.in.t:=1]
	     15640 t.var_y.v.t : 1  [by t.var_y.v.f:=0]
	     15850 t.var_z.v.f : 0  [by t.s_6.in.t:=1]
	     15870 t.var_z.v.t : 1  [by t.var_z.v.f:=0]
	     16080 t.var_w.v.f : 0  [by t.s_9.in.t:=1]
	     16100 t.var_w.v.t : 1  [by t.var_w.v.f:=0]
	     16310 t.var_a.v.f : 0  [by t.s_12.in.t:=1]
	     16330 t.var_a.v.t : 1  [by t.var_a.v.f:=0]
	     16540 t.var_b.v.f : 0  [by t.s_15.in.t:=1]
	     16560 t.var_b.v.t : 1  [by t.var_b.v.f:=0]
	     16770 t.var_c.v.f : 0  [by t.s_18.in.t:=1]
	     16790 t.var_c.v.t : 1  [by t.var_c.v.f:=0]
	     17000 t.var_d.v.f : 0  [by t.s_21.in.t:=1]
	     17020 t.var_d.v.t : 1  [by t.var_d.v.f:=0]
	     17230 t.var_x.v.t : 0  [by t.s_24.in.f:=1]
	     17250 t.var_x.v.f : 1  [by t.var_x.v.t:=0]
	     17460 t.var_y.v.t : 0  [by t.s_27.in.f:=1]
	     17480 t.var_y.v.f : 1  [by t.var_y.v.t:=0]
	     17690 t.var_z.v.t : 0  [by t.s_30.in.f:=1]
	     17710 t.var_z.v.f : 1  [by t.var_z.v.t:=0]
	     17920 t.var_w.v.t : 0  [by t.s_33.in.f:=1]
	     17940 t.var_w.v.f : 1  [by t.var_w.v.t:=0]
	     18150 t.var_a.v.t : 0  [by t.s_36.in.f:=1]
	     18170 t.var_a.v.f : 1  [by t.var_a.v.t:=0]
	     18380 t.var_b.v.t : 0  [by t.s_39.in.f:=1]
	     18400 t.var_b.v.f : 1  [by t.var_b.v.t:=0]
	     18610 t.var_c.v.t : 0  [by t.s_42.in.f:=1]
	     18630 t.var_c.v.f : 1  [by t.var_c.v.t:=0]
	     18840 t.var_d.v.t : 0  [by t.s_45.in.f:=1]
	     18860 t.var_d.v.f : 1  [by t.var_d.v.t:=0]
	     18880 t.go.a : 1  [by t.s_45._goa:=0]
	     18880 t.go.r : 0
	     20160 t.go.a : 0  [by t.s_45._goa:=1]
	     20160 t.go.r : 1
	     20350 t.var_x.v.f : 0  [by t.s_0.in.t:=1]
	     20370 t.var_x.v.t : 1  [by t.var_x.v.f:=0]
	     20580 t.var_y.v.f : 0  [by t.s_3.in.t:=1]
	     20600 t.var_y.v.t : 1  [by t.var_y.v.f:=0]
	     20810 t.var_z.v.f : 0  [by t.s_6.in.t:=1]
	     20830 t.var_z.v.t : 1  [by t.var_z.v.f:=0]
	     21040 t.var_w.v.f : 0  [by t.s_9.in.t:=1]
	     21060 t.var_w.v.t : 1  [by t.var_w.v.f:=0]
	     21270 t.var_a.v.f : 0  [by t.s_12.in.t:=1]
	     21290 t.var_a.v.t : 1  [by t.var_a.v.f:=0]
	     21500 t.var_b.v.f : 0  [by t.s_15.in.t:=1]
	     21520 t.var_b.v.t : 1  [by t.var_b.v.f:=0]
	     21730 t.var_c.v.f : 0  [by t.s_18.in.t:=1]
	     21750 t.var_c.v.t : 1  [by t.var_c.v.f:=0]
	     21960 t.var_d.v.f : 0  [by t.s_21.in.t:=1]
	     21980 t.var_d.v.t : 1  [by t.var_d.v.f:=0]
	     22190 t.var_x.v.t : 0  [by t.s_24.in.f:=1]
	     22210 t.var_x.v.f : 1  [by t.var_x.v.t:=0]
	     22420 t.var_y.v.t : 0  [by t.s_27.in.f:=1]
	     22440 t.var_y.v.f : 1  [by t.var_y.v.t:=0]
	     22650 t.var_z.v.t : 0  [by t.s_30.in.f:=1]
	     22670 t.var_z.v.f : 1  [by t.var_z.v.t:=0]
	     22880 t.var_w.v.t : 0  [by t.s_33.in.f:=1]
	     22900 t.var_w.v.f : 1  [by t.var_w.v.t:=0]
	     23110 t.var_a.v.t : 0  [by t.s_36.in.f:=1]
	     23130 t.var_a.v.f : 1  [by t.var_a.v.t:=0]
	     23340 t.var_b.v.t : 0  [by t.s_39.in.f:=1]
	     23360 t.var_b.v.f : 1  [by t.var_b.v.t:=0]
	     23570 t.var_c.v.t : 0  [by t.s_42.in.f:=1]
	     23590 t.var_c.v.f : 1  [by t.var_c.v.t:=0]
	     23800 t.var_d.v.t : 0  [by t.s_45.in.f:=1]
	     23820 t.var_d.v.f : 1  [by t.var_d.v.t:=0]
	     23840 t.go.a : 1  [by t.s_45._goa:=0]
	     23840 t.go.r : 0
	     25120 t.go.a : 0  [by t.s_45._goa:=1]
