	         0 Reset : 1
	         0 t.go.a : 0
	         0 t.go.r : 0
	         0 _Reset : 0
	        10 t.var_z.v.t : 0  [by Reset:=1]
	        10 t.var_w.v.t : 0  [by Reset:=1]
	        10 t.var_x.v.t : 0  [by Reset:=1]
	        10 t.var_y.v.t : 0  [by Reset:=1]
	        30 t.var_w.v.f : 1  [by t.c_30.a:=0]
	        30 t.var_y.v.f : 1  [by t.c_41.a:=0]
	        50 t.var_z.v.f : 1  [by t.s_54.in.t:=0]
	        50 t.var_x.v.f : 1  [by t.e_74.out.t:=0]
	       290 Reset : 0
	       290 _Reset : 1
	       290 t.go.r : 1
	       630 t.var_x.v.f : 0  [by t.e_2.out.t:=1]
	       650 t.var_x.v.t : 1  [by t.var_x.v.f:=0]
	       770 t.var_y.v.f : 0  [by t.e_4.out.t:=1]
	       790 t.var_y.v.t : 1  [by t.var_y.v.f:=0]
	      1130 t.var_z.v.f : 0  [by t.e_6.out.t:=1]
	      1150 t.var_z.v.t : 1  [by t.var_z.v.f:=0]
	      1270 t.var_w.v.f : 0  [by t.e_8.out.t:=1]
	      1290 t.var_w.v.t : 1  [by t.var_w.v.f:=0]
	      1380 t.var_x.v.t : 0  [by t.s_24.in.f:=1]
	      1400 t.var_x.v.f : 1  [by t.var_x.v.t:=0]
	      1490 t.var_y.v.t : 0  [by t.s_27.in.f:=1]
	      1510 t.var_y.v.f : 1  [by t.var_y.v.t:=0]
	      2020 t.var_z.v.t : 0  [by t.s_30.in.f:=1]
	      2040 t.var_z.v.f : 1  [by t.var_z.v.t:=0]
	      2130 t.var_w.v.t : 0  [by t.s_33.in.f:=1]
	      2150 t.var_w.v.f : 1  [by t.var_w.v.t:=0]
	      2270 t.var_x.v.f : 0  [by t.s_36.in.t:=1]
	      2290 t.var_x.v.t : 1  [by t.var_x.v.f:=0]
	      2410 t.var_y.v.f : 0  [by t.s_39.in.t:=1]
	      2430 t.var_y.v.t : 1  [by t.var_y.v.f:=0]
	      2970 t.var_z.v.f : 0  [by t.s_42.in.t:=1]
	      2990 t.var_z.v.t : 1  [by t.var_z.v.f:=0]
	      3110 t.var_w.v.f : 0  [by t.s_45.in.t:=1]
	      3130 t.var_w.v.t : 1  [by t.var_w.v.f:=0]
	      3220 t.var_x.v.t : 0  [by t.s_48.in.f:=1]
	      3240 t.var_x.v.f : 1  [by t.var_x.v.t:=0]
	      3330 t.var_y.v.t : 0  [by t.s_51.in.f:=1]
	      3350 t.var_y.v.f : 1  [by t.var_y.v.t:=0]
	      3860 t.var_z.v.t : 0  [by t.s_54.in.f:=1]
	      3880 t.var_z.v.f : 1  [by t.var_z.v.t:=0]
	      3970 t.var_w.v.t : 0  [by t.s_57.in.f:=1]
	      3990 t.var_w.v.f : 1  [by t.var_w.v.t:=0]
	      4110 t.var_x.v.f : 0  [by t.s_60.in.t:=1]
	      4130 t.var_x.v.t : 1  [by t.var_x.v.f:=0]
	      4250 t.var_y.v.f : 0  [by t.s_63.in.t:=1]
	      4270 t.var_y.v.t : 1  [by t.var_y.v.f:=0]
	      4810 t.var_z.v.f : 0  [by t.s_66.in.t:=1]
	      4830 t.var_z.v.t : 1  [by t.var_z.v.f:=0]
	      4950 t.var_w.v.f : 0  [by t.s_69.in.t:=1]
	      4970 t.var_w.v.t : 1  [by t.var_w.v.f:=0]
	      5060 t.var_x.v.t : 0  [by t.s_72.in.f:=1]
	      5080 t.var_x.v.f : 1  [by t.var_x.v.t:=0]
	      5170 t.var_y.v.t : 0  [by t.s_75.in.f:=1]
	      5190 t.var_y.v.f : 1  [by t.var_y.v.t:=0]
	      5700 t.var_z.v.t : 0  [by t.s_78.in.f:=1]
	      5720 t.var_z.v.f : 1  [by t.var_z.v.t:=0]
	      5810 t.var_w.v.t : 0  [by t.s_81.in.f:=1]
	      5830 t.var_w.v.f : 1  [by t.var_w.v.t:=0]
	      5950 t.var_x.v.f : 0  [by t.s_84.in.t:=1]
	      5970 t.var_x.v.t : 1  [by t.var_x.v.f:=0]
	      6090 t.var_y.v.f : 0  [by t.s_87.in.t:=1]
	      6110 t.var_y.v.t : 1  [by t.var_y.v.f:=0]
	      6650 t.var_z.v.f : 0  [by t.s_90.in.t:=1]
	      6670 t.var_z.v.t : 1  [by t.var_z.v.f:=0]
	      6790 t.var_w.v.f : 0  [by t.s_93.in.t:=1]
	      6810 t.var_w.v.t : 1  [by t.var_w.v.f:=0]
	      6900 t.var_x.v.t : 0  [by t.s_96.in.f:=1]
	      6920 t.var_x.v.f : 1  [by t.var_x.v.t:=0]
	      7010 t.var_y.v.t : 0  [by t.s_99.in.f:=1]
	      7030 t.var_y.v.f : 1  [by t.var_y.v.t:=0]
	      7540 t.var_z.v.t : 0  [by t.e_62.out.f:=1]
	      7560 t.var_z.v.f : 1  [by t.var_z.v.t:=0]
	      7650 t.var_w.v.t : 0  [by t.e_64.out.f:=1]
	      7670 t.var_w.v.f : 1  [by t.var_w.v.t:=0]
	      7790 t.var_x.v.f : 0  [by t.e_66.out.t:=1]
	      7810 t.var_x.v.t : 1  [by t.var_x.v.f:=0]
	      7930 t.var_y.v.f : 0  [by t.e_68.out.t:=1]
	      7950 t.var_y.v.t : 1  [by t.var_y.v.f:=0]
	      8490 t.var_z.v.f : 0  [by t.e_70.out.t:=1]
	      8510 t.var_z.v.t : 1  [by t.var_z.v.f:=0]
	      8630 t.var_w.v.f : 0  [by t.e_72.out.t:=1]
	      8650 t.var_w.v.t : 1  [by t.var_w.v.f:=0]
	      9000 t.var_x.v.t : 0  [by t.e_74.out.f:=1]
	      9020 t.var_x.v.f : 1  [by t.var_x.v.t:=0]
	      9110 t.var_y.v.t : 0  [by t.e_76.out.f:=1]
	      9130 t.var_y.v.f : 1  [by t.var_y.v.t:=0]
	      9220 t.var_z.v.t : 0  [by t.e_78.out.f:=1]
	      9240 t.var_z.v.f : 1  [by t.var_z.v.t:=0]
	      9330 t.var_w.v.t : 0  [by t.e_80.out.f:=1]
	      9350 t.var_w.v.f : 1  [by t.var_w.v.t:=0]
	      9890 t.var_x.v.f : 0  [by t.e_82.out.t:=1]
	      9910 t.var_x.v.t : 1  [by t.var_x.v.f:=0]
	     10030 t.var_y.v.f : 0  [by t.e_84.out.t:=1]
	     10050 t.var_y.v.t : 1  [by t.var_y.v.f:=0]
	     10170 t.var_z.v.f : 0  [by t.e_86.out.t:=1]
	     10190 t.var_z.v.t : 1  [by t.var_z.v.f:=0]
	     10310 t.var_w.v.f : 0  [by t.e_88.out.t:=1]
	     10330 t.var_w.v.t : 1  [by t.var_w.v.f:=0]
	     10840 t.var_x.v.t : 0  [by t.e_90.out.f:=1]
	     10860 t.var_x.v.f : 1  [by t.var_x.v.t:=0]
	     10950 t.var_y.v.t : 0  [by t.e_92.out.f:=1]
	     10970 t.var_y.v.f : 1  [by t.var_y.v.t:=0]
	     11060 t.var_z.v.t : 0  [by t.e_94.out.f:=1]
	     11080 t.var_z.v.f : 1  [by t.var_z.v.t:=0]
	     11170 t.var_w.v.t : 0  [by t.e_96.out.f:=1]
	     11190 t.var_w.v.f : 1  [by t.var_w.v.t:=0]
	     11210 t.go.a : 1  [by t.s_153._goa:=0]
