	         0 Reset : 1
	         0 t.go.a : 0
	         0 t.go.r : 0
	         0 _Reset : 0
	        10 t.var_y.v.t : 0  [by Reset:=1]
	        10 t.var_w.v.t : 0  [by Reset:=1]
	        10 t.var_z.v.t : 0  [by Reset:=1]
	        10 t.var_x.v.t : 0  [by Reset:=1]
	        30 t.var_y.v.f : 1  [by t.c_88.a:=0]
	        50 t.var_x.v.f : 1  [by t.e_2.out.t:=0]
	        50 t.var_z.v.f : 1  [by t.s_246.in.t:=0]
	        50 t.var_w.v.f : 1  [by t.s_57.in.t:=0]
	       530 Reset : 0
	       530 _Reset : 1
	       530 t.go.r : 1
	      1110 t.var_x.v.f : 0  [by t.e_2.out.t:=1]
	      1130 t.var_x.v.t : 1  [by t.var_x.v.f:=0]
	      1250 t.var_y.v.f : 0  [by t.e_4.out.t:=1]
	      1270 t.var_y.v.t : 1  [by t.var_y.v.f:=0]
	      1390 t.var_z.v.f : 0  [by t.e_6.out.t:=1]
	      1410 t.var_z.v.t : 1  [by t.var_z.v.f:=0]
	      1830 t.var_w.v.f : 0  [by t.e_8.out.t:=1]
	      1850 t.var_w.v.t : 1  [by t.var_w.v.f:=0]
	      1940 t.var_x.v.t : 0  [by t.s_36.in.f:=1]
	      1960 t.var_x.v.f : 1  [by t.var_x.v.t:=0]
	      2050 t.var_y.v.t : 0  [by t.s_39.in.f:=1]
	      2070 t.var_y.v.f : 1  [by t.var_y.v.t:=0]
	      2160 t.var_z.v.t : 0  [by t.s_42.in.f:=1]
	      2180 t.var_z.v.f : 1  [by t.var_z.v.t:=0]
	      2690 t.var_w.v.t : 0  [by t.s_45.in.f:=1]
	      2710 t.var_w.v.f : 1  [by t.var_w.v.t:=0]
	      2830 t.var_x.v.f : 0  [by t.s_48.in.t:=1]
	      2850 t.var_x.v.t : 1  [by t.var_x.v.f:=0]
	      2970 t.var_y.v.f : 0  [by t.s_51.in.t:=1]
	      2990 t.var_y.v.t : 1  [by t.var_y.v.f:=0]
	      3110 t.var_z.v.f : 0  [by t.s_54.in.t:=1]
	      3130 t.var_z.v.t : 1  [by t.var_z.v.f:=0]
	      3670 t.var_w.v.f : 0  [by t.s_57.in.t:=1]
	      3690 t.var_w.v.t : 1  [by t.var_w.v.f:=0]
	      3780 t.var_x.v.t : 0  [by t.s_60.in.f:=1]
	      3800 t.var_x.v.f : 1  [by t.var_x.v.t:=0]
	      3890 t.var_y.v.t : 0  [by t.s_63.in.f:=1]
	      3910 t.var_y.v.f : 1  [by t.var_y.v.t:=0]
	      4000 t.var_z.v.t : 0  [by t.s_66.in.f:=1]
	      4020 t.var_z.v.f : 1  [by t.var_z.v.t:=0]
	      4530 t.var_w.v.t : 0  [by t.s_69.in.f:=1]
	      4550 t.var_w.v.f : 1  [by t.var_w.v.t:=0]
	      4670 t.var_x.v.f : 0  [by t.s_72.in.t:=1]
	      4690 t.var_x.v.t : 1  [by t.var_x.v.f:=0]
	      4810 t.var_y.v.f : 0  [by t.s_75.in.t:=1]
	      4830 t.var_y.v.t : 1  [by t.var_y.v.f:=0]
	      4950 t.var_z.v.f : 0  [by t.s_78.in.t:=1]
	      4970 t.var_z.v.t : 1  [by t.var_z.v.f:=0]
	      5510 t.var_w.v.f : 0  [by t.s_81.in.t:=1]
	      5530 t.var_w.v.t : 1  [by t.var_w.v.f:=0]
	      5620 t.var_x.v.t : 0  [by t.s_84.in.f:=1]
	      5640 t.var_x.v.f : 1  [by t.var_x.v.t:=0]
	      5730 t.var_y.v.t : 0  [by t.s_87.in.f:=1]
	      5750 t.var_y.v.f : 1  [by t.var_y.v.t:=0]
	      5840 t.var_z.v.t : 0  [by t.s_90.in.f:=1]
	      5860 t.var_z.v.f : 1  [by t.var_z.v.t:=0]
	      6370 t.var_w.v.t : 0  [by t.s_93.in.f:=1]
	      6390 t.var_w.v.f : 1  [by t.var_w.v.t:=0]
	      6510 t.var_x.v.f : 0  [by t.s_96.in.t:=1]
	      6530 t.var_x.v.t : 1  [by t.var_x.v.f:=0]
	      6650 t.var_y.v.f : 0  [by t.s_99.in.t:=1]
	      6670 t.var_y.v.t : 1  [by t.var_y.v.f:=0]
	      6790 t.var_z.v.f : 0  [by t.e_54.out.t:=1]
	      6810 t.var_z.v.t : 1  [by t.var_z.v.f:=0]
	      7350 t.var_w.v.f : 0  [by t.e_56.out.t:=1]
	      7370 t.var_w.v.t : 1  [by t.var_w.v.f:=0]
	      7460 t.var_x.v.t : 0  [by t.e_58.out.f:=1]
	      7480 t.var_x.v.f : 1  [by t.var_x.v.t:=0]
	      7570 t.var_y.v.t : 0  [by t.e_60.out.f:=1]
	      7590 t.var_y.v.f : 1  [by t.var_y.v.t:=0]
	      7680 t.var_z.v.t : 0  [by t.e_62.out.f:=1]
	      7700 t.var_z.v.f : 1  [by t.var_z.v.t:=0]
	      8210 t.var_w.v.t : 0  [by t.e_64.out.f:=1]
	      8230 t.var_w.v.f : 1  [by t.var_w.v.t:=0]
	      8350 t.var_x.v.f : 0  [by t.e_66.out.t:=1]
	      8370 t.var_x.v.t : 1  [by t.var_x.v.f:=0]
	      8490 t.var_y.v.f : 0  [by t.e_68.out.t:=1]
	      8510 t.var_y.v.t : 1  [by t.var_y.v.f:=0]
	      8630 t.var_z.v.f : 0  [by t.e_70.out.t:=1]
	      8650 t.var_z.v.t : 1  [by t.var_z.v.f:=0]
	      9190 t.var_w.v.f : 0  [by t.e_72.out.t:=1]
	      9210 t.var_w.v.t : 1  [by t.var_w.v.f:=0]
	      9300 t.var_x.v.t : 0  [by t.e_74.out.f:=1]
	      9320 t.var_x.v.f : 1  [by t.var_x.v.t:=0]
	      9410 t.var_y.v.t : 0  [by t.e_76.out.f:=1]
	      9430 t.var_y.v.f : 1  [by t.var_y.v.t:=0]
	      9520 t.var_z.v.t : 0  [by t.e_78.out.f:=1]
	      9540 t.var_z.v.f : 1  [by t.var_z.v.t:=0]
	     10050 t.var_w.v.t : 0  [by t.e_80.out.f:=1]
	     10070 t.var_w.v.f : 1  [by t.var_w.v.t:=0]
	     10190 t.var_x.v.f : 0  [by t.e_82.out.t:=1]
	     10210 t.var_x.v.t : 1  [by t.var_x.v.f:=0]
	     10330 t.var_y.v.f : 0  [by t.e_84.out.t:=1]
	     10350 t.var_y.v.t : 1  [by t.var_y.v.f:=0]
	     10470 t.var_z.v.f : 0  [by t.e_86.out.t:=1]
	     10490 t.var_z.v.t : 1  [by t.var_z.v.f:=0]
	     11030 t.var_w.v.f : 0  [by t.e_88.out.t:=1]
	     11050 t.var_w.v.t : 1  [by t.var_w.v.f:=0]
	     11140 t.var_x.v.t : 0  [by t.e_90.out.f:=1]
	     11160 t.var_x.v.f : 1  [by t.var_x.v.t:=0]
	     11250 t.var_y.v.t : 0  [by t.e_92.out.f:=1]
	     11270 t.var_y.v.f : 1  [by t.var_y.v.t:=0]
	     11360 t.var_z.v.t : 0  [by t.e_94.out.f:=1]
	     11380 t.var_z.v.f : 1  [by t.var_z.v.t:=0]
	     11890 t.var_w.v.t : 0  [by t.e_96.out.f:=1]
	     11910 t.var_w.v.f : 1  [by t.var_w.v.t:=0]
	     12030 t.var_x.v.f : 0  [by t.e_98.out.t:=1]
	     12050 t.var_x.v.t : 1  [by t.var_x.v.f:=0]
	     12170 t.var_y.v.f : 0  [by t.s_171.in.t:=1]
	     12190 t.var_y.v.t : 1  [by t.var_y.v.f:=0]
	     12310 t.var_z.v.f : 0  [by t.s_174.in.t:=1]
	     12330 t.var_z.v.t : 1  [by t.var_z.v.f:=0]
	     12870 t.var_w.v.f : 0  [by t.s_177.in.t:=1]
	     12890 t.var_w.v.t : 1  [by t.var_w.v.f:=0]
	     12980 t.var_x.v.t : 0  [by t.s_180.in.f:=1]
	     13000 t.var_x.v.f : 1  [by t.var_x.v.t:=0]
	     13090 t.var_y.v.t : 0  [by t.s_183.in.f:=1]
	     13110 t.var_y.v.f : 1  [by t.var_y.v.t:=0]
	     13540 t.var_z.v.t : 0  [by t.s_186.in.f:=1]
	     13560 t.var_z.v.f : 1  [by t.var_z.v.t:=0]
	     13650 t.var_w.v.t : 0  [by t.s_189.in.f:=1]
	     13670 t.var_w.v.f : 1  [by t.var_w.v.t:=0]
	     13790 t.var_x.v.f : 0  [by t.s_192.in.t:=1]
	     13810 t.var_x.v.t : 1  [by t.var_x.v.f:=0]
	     13930 t.var_y.v.f : 0  [by t.s_195.in.t:=1]
	     13950 t.var_y.v.t : 1  [by t.var_y.v.f:=0]
	     14490 t.var_z.v.f : 0  [by t.s_198.in.t:=1]
	     14510 t.var_z.v.t : 1  [by t.var_z.v.f:=0]
	     14630 t.var_w.v.f : 0  [by t.s_201.in.t:=1]
	     14650 t.var_w.v.t : 1  [by t.var_w.v.f:=0]
	     14740 t.var_x.v.t : 0  [by t.s_204.in.f:=1]
	     14760 t.var_x.v.f : 1  [by t.var_x.v.t:=0]
	     14850 t.var_y.v.t : 0  [by t.s_207.in.f:=1]
	     14870 t.var_y.v.f : 1  [by t.var_y.v.t:=0]
	     15380 t.var_z.v.t : 0  [by t.s_210.in.f:=1]
	     15400 t.var_z.v.f : 1  [by t.var_z.v.t:=0]
	     15490 t.var_w.v.t : 0  [by t.s_213.in.f:=1]
	     15510 t.var_w.v.f : 1  [by t.var_w.v.t:=0]
	     15630 t.var_x.v.f : 0  [by t.s_216.in.t:=1]
	     15650 t.var_x.v.t : 1  [by t.var_x.v.f:=0]
	     15770 t.var_y.v.f : 0  [by t.s_219.in.t:=1]
	     15790 t.var_y.v.t : 1  [by t.var_y.v.f:=0]
	     16330 t.var_z.v.f : 0  [by t.s_222.in.t:=1]
	     16350 t.var_z.v.t : 1  [by t.var_z.v.f:=0]
	     16470 t.var_w.v.f : 0  [by t.s_225.in.t:=1]
	     16490 t.var_w.v.t : 1  [by t.var_w.v.f:=0]
	     16580 t.var_x.v.t : 0  [by t.s_228.in.f:=1]
	     16600 t.var_x.v.f : 1  [by t.var_x.v.t:=0]
	     16690 t.var_y.v.t : 0  [by t.s_231.in.f:=1]
	     16710 t.var_y.v.f : 1  [by t.var_y.v.t:=0]
	     17220 t.var_z.v.t : 0  [by t.s_234.in.f:=1]
	     17240 t.var_z.v.f : 1  [by t.var_z.v.t:=0]
	     17330 t.var_w.v.t : 0  [by t.s_237.in.f:=1]
	     17350 t.var_w.v.f : 1  [by t.var_w.v.t:=0]
	     17470 t.var_x.v.f : 0  [by t.s_240.in.t:=1]
	     17490 t.var_x.v.t : 1  [by t.var_x.v.f:=0]
	     17610 t.var_y.v.f : 0  [by t.s_243.in.t:=1]
	     17630 t.var_y.v.t : 1  [by t.var_y.v.f:=0]
	     18170 t.var_z.v.f : 0  [by t.s_246.in.t:=1]
	     18190 t.var_z.v.t : 1  [by t.var_z.v.f:=0]
	     18310 t.var_w.v.f : 0  [by t.s_249.in.t:=1]
	     18330 t.var_w.v.t : 1  [by t.var_w.v.f:=0]
	     18420 t.var_x.v.t : 0  [by t.s_252.in.f:=1]
	     18440 t.var_x.v.f : 1  [by t.var_x.v.t:=0]
	     18530 t.var_y.v.t : 0  [by t.s_255.in.f:=1]
	     18550 t.var_y.v.f : 1  [by t.var_y.v.t:=0]
	     19060 t.var_z.v.t : 0  [by t.s_258.in.f:=1]
	     19080 t.var_z.v.f : 1  [by t.var_z.v.t:=0]
	     19170 t.var_w.v.t : 0  [by t.s_261.in.f:=1]
	     19190 t.var_w.v.f : 1  [by t.var_w.v.t:=0]
	     19310 t.var_x.v.f : 0  [by t.s_264.in.t:=1]
	     19330 t.var_x.v.t : 1  [by t.var_x.v.f:=0]
	     19450 t.var_y.v.f : 0  [by t.s_267.in.t:=1]
	     19470 t.var_y.v.t : 1  [by t.var_y.v.f:=0]
	     20010 t.var_z.v.f : 0  [by t.s_270.in.t:=1]
	     20030 t.var_z.v.t : 1  [by t.var_z.v.f:=0]
	     20150 t.var_w.v.f : 0  [by t.s_273.in.t:=1]
	     20170 t.var_w.v.t : 1  [by t.var_w.v.f:=0]
	     20520 t.var_x.v.t : 0  [by t.s_276.in.f:=1]
	     20540 t.var_x.v.f : 1  [by t.var_x.v.t:=0]
	     20630 t.var_y.v.t : 0  [by t.s_279.in.f:=1]
	     20650 t.var_y.v.f : 1  [by t.var_y.v.t:=0]
	     20740 t.var_z.v.t : 0  [by t.s_282.in.f:=1]
	     20760 t.var_z.v.f : 1  [by t.var_z.v.t:=0]
	     20850 t.var_w.v.t : 0  [by t.s_285.in.f:=1]
	     20870 t.var_w.v.f : 1  [by t.var_w.v.t:=0]
	     21410 t.var_x.v.f : 0  [by t.s_288.in.t:=1]
	     21430 t.var_x.v.t : 1  [by t.var_x.v.f:=0]
	     21550 t.var_y.v.f : 0  [by t.s_291.in.t:=1]
	     21570 t.var_y.v.t : 1  [by t.var_y.v.f:=0]
	     21690 t.var_z.v.f : 0  [by t.s_294.in.t:=1]
	     21710 t.var_z.v.t : 1  [by t.var_z.v.f:=0]
	     21830 t.var_w.v.f : 0  [by t.s_297.in.t:=1]
	     21850 t.var_w.v.t : 1  [by t.var_w.v.f:=0]
	     22360 t.var_x.v.t : 0  [by t.s_300.in.f:=1]
	     22380 t.var_x.v.f : 1  [by t.var_x.v.t:=0]
	     22470 t.var_y.v.t : 0  [by t.s_303.in.f:=1]
	     22490 t.var_y.v.f : 1  [by t.var_y.v.t:=0]
	     22580 t.var_z.v.t : 0  [by t.s_306.in.f:=1]
	     22600 t.var_z.v.f : 1  [by t.var_z.v.t:=0]
	     22690 t.var_w.v.t : 0  [by t.s_309.in.f:=1]
	     22710 t.var_w.v.f : 1  [by t.var_w.v.t:=0]
	     22730 t.go.a : 1  [by t.s_309._goa:=0]
