	         0 Reset : 1
	         0 t.go.a : 0
	         0 t.go.r : 0
	         0 _Reset : 0
	        10 t.var_w.v.t : 0  [by Reset:=1]
	        10 t.var_x.v.t : 0  [by Reset:=1]
	        10 t.var_z.v.t : 0  [by Reset:=1]
	        10 t.var_y.v.t : 0  [by Reset:=1]
	        30 t.var_w.v.f : 1  [by t.c_21.a:=0]
	        30 t.var_y.v.f : 1  [by t.var_y.v.t:=0]
	        30 t.var_x.v.f : 1  [by t.c_7.a:=0]
	        30 t.var_z.v.f : 1  [by t.c_43.a:=0]
	        80 Reset : 0
	        80 _Reset : 1
	        80 t.go.r : 1
	       300 t.var_x.v.f : 0  [by t.s_0.in.t:=1]
	       320 t.var_x.v.t : 1  [by t.var_x.v.f:=0]
	       560 t.var_y.v.f : 0  [by t.s_3.in.t:=1]
	       580 t.var_y.v.t : 1  [by t.var_y.v.f:=0]
	       820 t.var_z.v.f : 0  [by t.s_6.in.t:=1]
	       840 t.var_z.v.t : 1  [by t.var_z.v.f:=0]
	      1080 t.var_w.v.f : 0  [by t.s_9.in.t:=1]
	      1100 t.var_w.v.t : 1  [by t.var_w.v.f:=0]
	      1310 t.var_x.v.t : 0  [by t.s_12.in.f:=1]
	      1330 t.var_x.v.f : 1  [by t.var_x.v.t:=0]
	      1540 t.var_y.v.t : 0  [by t.s_15.in.f:=1]
	      1560 t.var_y.v.f : 1  [by t.var_y.v.t:=0]
	      1770 t.var_z.v.t : 0  [by t.s_18.in.f:=1]
	      1790 t.var_z.v.f : 1  [by t.var_z.v.t:=0]
	      2000 t.var_w.v.t : 0  [by t.s_21.in.f:=1]
	      2020 t.var_w.v.f : 1  [by t.var_w.v.t:=0]
	      2260 t.var_x.v.f : 0  [by t.s_24.in.t:=1]
	      2280 t.var_x.v.t : 1  [by t.var_x.v.f:=0]
	      2520 t.var_y.v.f : 0  [by t.s_27.in.t:=1]
	      2540 t.var_y.v.t : 1  [by t.var_y.v.f:=0]
	      2780 t.var_z.v.f : 0  [by t.s_30.in.t:=1]
	      2800 t.var_z.v.t : 1  [by t.var_z.v.f:=0]
	      3040 t.var_w.v.f : 0  [by t.s_33.in.t:=1]
	      3060 t.var_w.v.t : 1  [by t.var_w.v.f:=0]
	      3270 t.var_x.v.t : 0  [by t.s_36.in.f:=1]
	      3290 t.var_x.v.f : 1  [by t.var_x.v.t:=0]
	      3500 t.var_y.v.t : 0  [by t.s_39.in.f:=1]
	      3520 t.var_y.v.f : 1  [by t.var_y.v.t:=0]
	      3730 t.var_z.v.t : 0  [by t.s_42.in.f:=1]
	      3750 t.var_z.v.f : 1  [by t.var_z.v.t:=0]
	      3960 t.var_w.v.t : 0  [by t.s_45.in.f:=1]
	      3980 t.var_w.v.f : 1  [by t.var_w.v.t:=0]
	      4220 t.var_x.v.f : 0  [by t.s_48.in.t:=1]
	      4240 t.var_x.v.t : 1  [by t.var_x.v.f:=0]
	      4480 t.var_y.v.f : 0  [by t.s_51.in.t:=1]
	      4500 t.var_y.v.t : 1  [by t.var_y.v.f:=0]
	      4740 t.var_z.v.f : 0  [by t.s_54.in.t:=1]
	      4760 t.var_z.v.t : 1  [by t.var_z.v.f:=0]
	      5000 t.var_w.v.f : 0  [by t.s_57.in.t:=1]
	      5020 t.var_w.v.t : 1  [by t.var_w.v.f:=0]
	      5230 t.var_x.v.t : 0  [by t.s_60.in.f:=1]
	      5250 t.var_x.v.f : 1  [by t.var_x.v.t:=0]
	      5460 t.var_y.v.t : 0  [by t.s_63.in.f:=1]
	      5480 t.var_y.v.f : 1  [by t.var_y.v.t:=0]
	      5690 t.var_z.v.t : 0  [by t.s_66.in.f:=1]
	      5710 t.var_z.v.f : 1  [by t.var_z.v.t:=0]
	      5920 t.var_w.v.t : 0  [by t.s_69.in.f:=1]
	      5940 t.var_w.v.f : 1  [by t.var_w.v.t:=0]
	      5960 t.go.a : 1  [by t.s_69._goa:=0]
	      5960 t.go.r : 0
	      7880 t.go.a : 0  [by t.s_69._goa:=1]
	      7880 t.go.r : 1
	      8070 t.var_x.v.f : 0  [by t.s_0.in.t:=1]
	      8090 t.var_x.v.t : 1  [by t.var_x.v.f:=0]
	      8300 t.var_y.v.f : 0  [by t.s_3.in.t:=1]
	      8320 t.var_y.v.t : 1  [by t.var_y.v.f:=0]
	      8530 t.var_z.v.f : 0  [by t.s_6.in.t:=1]
	      8550 t.var_z.v.t : 1  [by t.var_z.v.f:=0]
	      8760 t.var_w.v.f : 0  [by t.s_9.in.t:=1]
	      8780 t.var_w.v.t : 1  [by t.var_w.v.f:=0]
	      8990 t.var_x.v.t : 0  [by t.s_12.in.f:=1]
	      9010 t.var_x.v.f : 1  [by t.var_x.v.t:=0]
	      9220 t.var_y.v.t : 0  [by t.s_15.in.f:=1]
	      9240 t.var_y.v.f : 1  [by t.var_y.v.t:=0]
	      9450 t.var_z.v.t : 0  [by t.s_18.in.f:=1]
	      9470 t.var_z.v.f : 1  [by t.var_z.v.t:=0]
	      9680 t.var_w.v.t : 0  [by t.s_21.in.f:=1]
	      9700 t.var_w.v.f : 1  [by t.var_w.v.t:=0]
	      9910 t.var_x.v.f : 0  [by t.s_24.in.t:=1]
	      9930 t.var_x.v.t : 1  [by t.var_x.v.f:=0]
	     10140 t.var_y.v.f : 0  [by t.s_27.in.t:=1]
	     10160 t.var_y.v.t : 1  [by t.var_y.v.f:=0]
	     10370 t.var_z.v.f : 0  [by t.s_30.in.t:=1]
	     10390 t.var_z.v.t : 1  [by t.var_z.v.f:=0]
	     10600 t.var_w.v.f : 0  [by t.s_33.in.t:=1]
	     10620 t.var_w.v.t : 1  [by t.var_w.v.f:=0]
	     10830 t.var_x.v.t : 0  [by t.s_36.in.f:=1]
	     10850 t.var_x.v.f : 1  [by t.var_x.v.t:=0]
	     11060 t.var_y.v.t : 0  [by t.s_39.in.f:=1]
	     11080 t.var_y.v.f : 1  [by t.var_y.v.t:=0]
	     11290 t.var_z.v.t : 0  [by t.s_42.in.f:=1]
	     11310 t.var_z.v.f : 1  [by t.var_z.v.t:=0]
	     11520 t.var_w.v.t : 0  [by t.s_45.in.f:=1]
	     11540 t.var_w.v.f : 1  [by t.var_w.v.t:=0]
	     11750 t.var_x.v.f : 0  [by t.s_48.in.t:=1]
	     11770 t.var_x.v.t : 1  [by t.var_x.v.f:=0]
	     11980 t.var_y.v.f : 0  [by t.s_51.in.t:=1]
	     12000 t.var_y.v.t : 1  [by t.var_y.v.f:=0]
	     12210 t.var_z.v.f : 0  [by t.s_54.in.t:=1]
	     12230 t.var_z.v.t : 1  [by t.var_z.v.f:=0]
	     12440 t.var_w.v.f : 0  [by t.s_57.in.t:=1]
	     12460 t.var_w.v.t : 1  [by t.var_w.v.f:=0]
	     12670 t.var_x.v.t : 0  [by t.s_60.in.f:=1]
	     12690 t.var_x.v.f : 1  [by t.var_x.v.t:=0]
	     12900 t.var_y.v.t : 0  [by t.s_63.in.f:=1]
	     12920 t.var_y.v.f : 1  [by t.var_y.v.t:=0]
	     13130 t.var_z.v.t : 0  [by t.s_66.in.f:=1]
	     13150 t.var_z.v.f : 1  [by t.var_z.v.t:=0]
	     13360 t.var_w.v.t : 0  [by t.s_69.in.f:=1]
	     13380 t.var_w.v.f : 1  [by t.var_w.v.t:=0]
	     13400 t.go.a : 1  [by t.s_69._goa:=0]
	     13400 t.go.r : 0
	     15320 t.go.a : 0  [by t.s_69._goa:=1]
	     15320 t.go.r : 1
	     15510 t.var_x.v.f : 0  [by t.s_0.in.t:=1]
	     15530 t.var_x.v.t : 1  [by t.var_x.v.f:=0]
	     15740 t.var_y.v.f : 0  [by t.s_3.in.t:=1]
	     15760 t.var_y.v.t : 1  [by t.var_y.v.f:=0]
	     15970 t.var_z.v.f : 0  [by t.s_6.in.t:=1]
	     15990 t.var_z.v.t : 1  [by t.var_z.v.f:=0]
	     16200 t.var_w.v.f : 0  [by t.s_9.in.t:=1]
	     16220 t.var_w.v.t : 1  [by t.var_w.v.f:=0]
	     16430 t.var_x.v.t : 0  [by t.s_12.in.f:=1]
	     16450 t.var_x.v.f : 1  [by t.var_x.v.t:=0]
	     16660 t.var_y.v.t : 0  [by t.s_15.in.f:=1]
	     16680 t.var_y.v.f : 1  [by t.var_y.v.t:=0]
	     16890 t.var_z.v.t : 0  [by t.s_18.in.f:=1]
	     16910 t.var_z.v.f : 1  [by t.var_z.v.t:=0]
	     17120 t.var_w.v.t : 0  [by t.s_21.in.f:=1]
	     17140 t.var_w.v.f : 1  [by t.var_w.v.t:=0]
	     17350 t.var_x.v.f : 0  [by t.s_24.in.t:=1]
	     17370 t.var_x.v.t : 1  [by t.var_x.v.f:=0]
	     17580 t.var_y.v.f : 0  [by t.s_27.in.t:=1]
	     17600 t.var_y.v.t : 1  [by t.var_y.v.f:=0]
	     17810 t.var_z.v.f : 0  [by t.s_30.in.t:=1]
	     17830 t.var_z.v.t : 1  [by t.var_z.v.f:=0]
	     18040 t.var_w.v.f : 0  [by t.s_33.in.t:=1]
	     18060 t.var_w.v.t : 1  [by t.var_w.v.f:=0]
	     18270 t.var_x.v.t : 0  [by t.s_36.in.f:=1]
	     18290 t.var_x.v.f : 1  [by t.var_x.v.t:=0]
	     18500 t.var_y.v.t : 0  [by t.s_39.in.f:=1]
	     18520 t.var_y.v.f : 1  [by t.var_y.v.t:=0]
	     18730 t.var_z.v.t : 0  [by t.s_42.in.f:=1]
	     18750 t.var_z.v.f : 1  [by t.var_z.v.t:=0]
	     18960 t.var_w.v.t : 0  [by t.s_45.in.f:=1]
	     18980 t.var_w.v.f : 1  [by t.var_w.v.t:=0]
	     19190 t.var_x.v.f : 0  [by t.s_48.in.t:=1]
	     19210 t.var_x.v.t : 1  [by t.var_x.v.f:=0]
	     19420 t.var_y.v.f : 0  [by t.s_51.in.t:=1]
	     19440 t.var_y.v.t : 1  [by t.var_y.v.f:=0]
	     19650 t.var_z.v.f : 0  [by t.s_54.in.t:=1]
	     19670 t.var_z.v.t : 1  [by t.var_z.v.f:=0]
	     19880 t.var_w.v.f : 0  [by t.s_57.in.t:=1]
	     19900 t.var_w.v.t : 1  [by t.var_w.v.f:=0]
	     20110 t.var_x.v.t : 0  [by t.s_60.in.f:=1]
	     20130 t.var_x.v.f : 1  [by t.var_x.v.t:=0]
	     20340 t.var_y.v.t : 0  [by t.s_63.in.f:=1]
	     20360 t.var_y.v.f : 1  [by t.var_y.v.t:=0]
	     20570 t.var_z.v.t : 0  [by t.s_66.in.f:=1]
	     20590 t.var_z.v.f : 1  [by t.var_z.v.t:=0]
	     20800 t.var_w.v.t : 0  [by t.s_69.in.f:=1]
	     20820 t.var_w.v.f : 1  [by t.var_w.v.t:=0]
	     20840 t.go.a : 1  [by t.s_69._goa:=0]
	     20840 t.go.r : 0
	     22760 t.go.a : 0  [by t.s_69._goa:=1]
	     22760 t.go.r : 1
	     22950 t.var_x.v.f : 0  [by t.s_0.in.t:=1]
	     22970 t.var_x.v.t : 1  [by t.var_x.v.f:=0]
	     23180 t.var_y.v.f : 0  [by t.s_3.in.t:=1]
	     23200 t.var_y.v.t : 1  [by t.var_y.v.f:=0]
	     23410 t.var_z.v.f : 0  [by t.s_6.in.t:=1]
	     23430 t.var_z.v.t : 1  [by t.var_z.v.f:=0]
	     23640 t.var_w.v.f : 0  [by t.s_9.in.t:=1]
	     23660 t.var_w.v.t : 1  [by t.var_w.v.f:=0]
	     23870 t.var_x.v.t : 0  [by t.s_12.in.f:=1]
	     23890 t.var_x.v.f : 1  [by t.var_x.v.t:=0]
	     24100 t.var_y.v.t : 0  [by t.s_15.in.f:=1]
	     24120 t.var_y.v.f : 1  [by t.var_y.v.t:=0]
	     24330 t.var_z.v.t : 0  [by t.s_18.in.f:=1]
	     24350 t.var_z.v.f : 1  [by t.var_z.v.t:=0]
	     24560 t.var_w.v.t : 0  [by t.s_21.in.f:=1]
	     24580 t.var_w.v.f : 1  [by t.var_w.v.t:=0]
	     24790 t.var_x.v.f : 0  [by t.s_24.in.t:=1]
	     24810 t.var_x.v.t : 1  [by t.var_x.v.f:=0]
	     25020 t.var_y.v.f : 0  [by t.s_27.in.t:=1]
	     25040 t.var_y.v.t : 1  [by t.var_y.v.f:=0]
	     25250 t.var_z.v.f : 0  [by t.s_30.in.t:=1]
	     25270 t.var_z.v.t : 1  [by t.var_z.v.f:=0]
	     25480 t.var_w.v.f : 0  [by t.s_33.in.t:=1]
	     25500 t.var_w.v.t : 1  [by t.var_w.v.f:=0]
	     25710 t.var_x.v.t : 0  [by t.s_36.in.f:=1]
	     25730 t.var_x.v.f : 1  [by t.var_x.v.t:=0]
	     25940 t.var_y.v.t : 0  [by t.s_39.in.f:=1]
	     25960 t.var_y.v.f : 1  [by t.var_y.v.t:=0]
	     26170 t.var_z.v.t : 0  [by t.s_42.in.f:=1]
	     26190 t.var_z.v.f : 1  [by t.var_z.v.t:=0]
	     26400 t.var_w.v.t : 0  [by t.s_45.in.f:=1]
	     26420 t.var_w.v.f : 1  [by t.var_w.v.t:=0]
	     26630 t.var_x.v.f : 0  [by t.s_48.in.t:=1]
	     26650 t.var_x.v.t : 1  [by t.var_x.v.f:=0]
	     26860 t.var_y.v.f : 0  [by t.s_51.in.t:=1]
	     26880 t.var_y.v.t : 1  [by t.var_y.v.f:=0]
	     27090 t.var_z.v.f : 0  [by t.s_54.in.t:=1]
	     27110 t.var_z.v.t : 1  [by t.var_z.v.f:=0]
	     27320 t.var_w.v.f : 0  [by t.s_57.in.t:=1]
	     27340 t.var_w.v.t : 1  [by t.var_w.v.f:=0]
	     27550 t.var_x.v.t : 0  [by t.s_60.in.f:=1]
	     27570 t.var_x.v.f : 1  [by t.var_x.v.t:=0]
	     27780 t.var_y.v.t : 0  [by t.s_63.in.f:=1]
	     27800 t.var_y.v.f : 1  [by t.var_y.v.t:=0]
	     28010 t.var_z.v.t : 0  [by t.s_66.in.f:=1]
	     28030 t.var_z.v.f : 1  [by t.var_z.v.t:=0]
	     28240 t.var_w.v.t : 0  [by t.s_69.in.f:=1]
	     28260 t.var_w.v.f : 1  [by t.var_w.v.t:=0]
	     28280 t.go.a : 1  [by t.s_69._goa:=0]
	     28280 t.go.r : 0
	     30200 t.go.a : 0  [by t.s_69._goa:=1]
	     30200 t.go.r : 1
	     30390 t.var_x.v.f : 0  [by t.s_0.in.t:=1]
	     30410 t.var_x.v.t : 1  [by t.var_x.v.f:=0]
	     30620 t.var_y.v.f : 0  [by t.s_3.in.t:=1]
	     30640 t.var_y.v.t : 1  [by t.var_y.v.f:=0]
	     30850 t.var_z.v.f : 0  [by t.s_6.in.t:=1]
	     30870 t.var_z.v.t : 1  [by t.var_z.v.f:=0]
	     31080 t.var_w.v.f : 0  [by t.s_9.in.t:=1]
	     31100 t.var_w.v.t : 1  [by t.var_w.v.f:=0]
	     31310 t.var_x.v.t : 0  [by t.s_12.in.f:=1]
	     31330 t.var_x.v.f : 1  [by t.var_x.v.t:=0]
	     31540 t.var_y.v.t : 0  [by t.s_15.in.f:=1]
	     31560 t.var_y.v.f : 1  [by t.var_y.v.t:=0]
	     31770 t.var_z.v.t : 0  [by t.s_18.in.f:=1]
	     31790 t.var_z.v.f : 1  [by t.var_z.v.t:=0]
	     32000 t.var_w.v.t : 0  [by t.s_21.in.f:=1]
	     32020 t.var_w.v.f : 1  [by t.var_w.v.t:=0]
	     32230 t.var_x.v.f : 0  [by t.s_24.in.t:=1]
	     32250 t.var_x.v.t : 1  [by t.var_x.v.f:=0]
	     32460 t.var_y.v.f : 0  [by t.s_27.in.t:=1]
	     32480 t.var_y.v.t : 1  [by t.var_y.v.f:=0]
	     32690 t.var_z.v.f : 0  [by t.s_30.in.t:=1]
	     32710 t.var_z.v.t : 1  [by t.var_z.v.f:=0]
	     32920 t.var_w.v.f : 0  [by t.s_33.in.t:=1]
	     32940 t.var_w.v.t : 1  [by t.var_w.v.f:=0]
	     33150 t.var_x.v.t : 0  [by t.s_36.in.f:=1]
	     33170 t.var_x.v.f : 1  [by t.var_x.v.t:=0]
	     33380 t.var_y.v.t : 0  [by t.s_39.in.f:=1]
	     33400 t.var_y.v.f : 1  [by t.var_y.v.t:=0]
	     33610 t.var_z.v.t : 0  [by t.s_42.in.f:=1]
	     33630 t.var_z.v.f : 1  [by t.var_z.v.t:=0]
	     33840 t.var_w.v.t : 0  [by t.s_45.in.f:=1]
	     33860 t.var_w.v.f : 1  [by t.var_w.v.t:=0]
	     34070 t.var_x.v.f : 0  [by t.s_48.in.t:=1]
	     34090 t.var_x.v.t : 1  [by t.var_x.v.f:=0]
	     34300 t.var_y.v.f : 0  [by t.s_51.in.t:=1]
	     34320 t.var_y.v.t : 1  [by t.var_y.v.f:=0]
	     34530 t.var_z.v.f : 0  [by t.s_54.in.t:=1]
	     34550 t.var_z.v.t : 1  [by t.var_z.v.f:=0]
	     34760 t.var_w.v.f : 0  [by t.s_57.in.t:=1]
	     34780 t.var_w.v.t : 1  [by t.var_w.v.f:=0]
	     34990 t.var_x.v.t : 0  [by t.s_60.in.f:=1]
	     35010 t.var_x.v.f : 1  [by t.var_x.v.t:=0]
	     35220 t.var_y.v.t : 0  [by t.s_63.in.f:=1]
	     35240 t.var_y.v.f : 1  [by t.var_y.v.t:=0]
	     35450 t.var_z.v.t : 0  [by t.s_66.in.f:=1]
	     35470 t.var_z.v.f : 1  [by t.var_z.v.t:=0]
	     35680 t.var_w.v.t : 0  [by t.s_69.in.f:=1]
	     35700 t.var_w.v.f : 1  [by t.var_w.v.t:=0]
	     35720 t.go.a : 1  [by t.s_69._goa:=0]
	     35720 t.go.r : 0
	     37640 t.go.a : 0  [by t.s_69._goa:=1]
