	         0 Reset : 1
	         0 t.go.r : 0
	         0 _Reset : 0
	        10 t.var_x[3].v.t : 0  [by Reset:=1]
	        10 t.var_x[11].v.t : 0  [by Reset:=1]
	        10 t.var_x[27].v.t : 0  [by Reset:=1]
	        10 t.var_y[26].v.t : 0  [by Reset:=1]
	        10 t.var_y[25].v.t : 0  [by Reset:=1]
	        10 t.var_y[24].v.t : 0  [by Reset:=1]
	        10 t.var_y[23].v.t : 0  [by Reset:=1]
	        10 t.var_x[26].v.t : 0  [by Reset:=1]
	        10 t.var_y[22].v.t : 0  [by Reset:=1]
	        10 t.var_y[21].v.t : 0  [by Reset:=1]
	        10 t.var_y[20].v.t : 0  [by Reset:=1]
	        10 t.var_y[19].v.t : 0  [by Reset:=1]
	        10 t.var_x[10].v.t : 0  [by Reset:=1]
	        10 t.var_x[25].v.t : 0  [by Reset:=1]
	        10 t.var_y[18].v.t : 0  [by Reset:=1]
	        10 t.var_y[17].v.t : 0  [by Reset:=1]
	        10 t.var_y[16].v.t : 0  [by Reset:=1]
	        10 t.var_y[15].v.t : 0  [by Reset:=1]
	        10 t.var_x[24].v.t : 0  [by Reset:=1]
	        10 t.var_y[14].v.t : 0  [by Reset:=1]
	        10 t.var_y[13].v.t : 0  [by Reset:=1]
	        10 t.var_y[12].v.t : 0  [by Reset:=1]
	        10 t.var_y[11].v.t : 0  [by Reset:=1]
	        10 t.var_x[2].v.t : 0  [by Reset:=1]
	        10 t.var_x[9].v.t : 0  [by Reset:=1]
	        10 t.var_x[23].v.t : 0  [by Reset:=1]
	        10 t.var_y[10].v.t : 0  [by Reset:=1]
	        10 t.var_y[9].v.t : 0  [by Reset:=1]
	        10 t.var_y[8].v.t : 0  [by Reset:=1]
	        10 t.var_y[7].v.t : 0  [by Reset:=1]
	        10 t.var_x[22].v.t : 0  [by Reset:=1]
	        10 t.var_y[6].v.t : 0  [by Reset:=1]
	        10 t.var_y[5].v.t : 0  [by Reset:=1]
	        10 t.var_y[4].v.t : 0  [by Reset:=1]
	        10 t.var_y[3].v.t : 0  [by Reset:=1]
	        10 t.var_x[8].v.t : 0  [by Reset:=1]
	        10 t.var_x[21].v.t : 0  [by Reset:=1]
	        10 t.var_y[2].v.t : 0  [by Reset:=1]
	        10 t.var_y[1].v.t : 0  [by Reset:=1]
	        10 t.var_y[0].v.t : 0  [by Reset:=1]
	        10 t.var_x[20].v.t : 0  [by Reset:=1]
	        10 t.var_x[1].v.t : 0  [by Reset:=1]
	        10 t.var_x[7].v.t : 0  [by Reset:=1]
	        10 t.var_x[19].v.t : 0  [by Reset:=1]
	        10 t.var_x[18].v.t : 0  [by Reset:=1]
	        10 t.var_x[6].v.t : 0  [by Reset:=1]
	        10 t.var_x[17].v.t : 0  [by Reset:=1]
	        10 t.var_x[16].v.t : 0  [by Reset:=1]
	        10 t.var_x[0].v.t : 0  [by Reset:=1]
	        10 t.var_x[5].v.t : 0  [by Reset:=1]
	        10 t.var_x[15].v.t : 0  [by Reset:=1]
	        10 t.var_x[14].v.t : 0  [by Reset:=1]
	        10 t.var_x[4].v.t : 0  [by Reset:=1]
	        10 t.var_x[13].v.t : 0  [by Reset:=1]
	        10 t.var_x[31].v.t : 0  [by Reset:=1]
	        10 t.var_x[30].v.t : 0  [by Reset:=1]
	        10 t.var_x[12].v.t : 0  [by Reset:=1]
	        10 t.var_x[29].v.t : 0  [by Reset:=1]
	        10 t.var_y[31].v.t : 0  [by Reset:=1]
	        10 t.var_x[28].v.t : 0  [by Reset:=1]
	        10 t.var_y[30].v.t : 0  [by Reset:=1]
	        10 t.var_y[29].v.t : 0  [by Reset:=1]
	        10 t.var_y[28].v.t : 0  [by Reset:=1]
	        10 t.var_y[27].v.t : 0  [by Reset:=1]
	        30 t.var_x[27].v.f : 1  [by t.var_x[27].v.t:=0]
	        30 t.var_x[26].v.f : 1  [by t.var_x[26].v.t:=0]
	        30 t.var_x[22].v.f : 1  [by t.var_x[22].v.t:=0]
	        30 t.var_x[11].v.f : 1  [by t.var_x[11].v.t:=0]
	        30 t.var_x[21].v.f : 1  [by t.var_x[21].v.t:=0]
	        30 t.var_x[8].v.f : 1  [by t.var_x[8].v.t:=0]
	        30 t.var_x[25].v.f : 1  [by t.var_x[25].v.t:=0]
	        30 t.var_x[10].v.f : 1  [by t.var_x[10].v.t:=0]
	        30 t.var_x[20].v.f : 1  [by t.var_x[20].v.t:=0]
	        30 t.var_x[3].v.f : 1  [by t.var_x[3].v.t:=0]
	        30 t.var_x[19].v.f : 1  [by t.var_x[19].v.t:=0]
	        30 t.var_x[1].v.f : 1  [by t.var_x[1].v.t:=0]
	        30 t.var_x[7].v.f : 1  [by t.var_x[7].v.t:=0]
	        30 t.var_x[18].v.f : 1  [by t.var_x[18].v.t:=0]
	        30 t.var_x[24].v.f : 1  [by t.var_x[24].v.t:=0]
	        30 t.var_x[17].v.f : 1  [by t.var_x[17].v.t:=0]
	        30 t.var_x[6].v.f : 1  [by t.var_x[6].v.t:=0]
	        30 t.var_x[16].v.f : 1  [by t.var_x[16].v.t:=0]
	        30 t.var_x[23].v.f : 1  [by t.var_x[23].v.t:=0]
	        30 t.var_x[2].v.f : 1  [by t.var_x[2].v.t:=0]
	        30 t.var_x[15].v.f : 1  [by t.var_x[15].v.t:=0]
	        30 t.var_x[0].v.f : 1  [by t.var_x[0].v.t:=0]
	        30 t.var_x[5].v.f : 1  [by t.var_x[5].v.t:=0]
	        30 t.var_x[9].v.f : 1  [by t.var_x[9].v.t:=0]
	        30 t.var_x[14].v.f : 1  [by t.var_x[14].v.t:=0]
	        30 t.var_x[31].v.f : 1  [by t.var_x[31].v.t:=0]
	        30 t.var_x[13].v.f : 1  [by t.var_x[13].v.t:=0]
	        30 t.var_x[4].v.f : 1  [by t.var_x[4].v.t:=0]
	        30 t.var_x[30].v.f : 1  [by t.var_x[30].v.t:=0]
	        30 t.var_x[29].v.f : 1  [by t.var_x[29].v.t:=0]
	        30 t.var_x[12].v.f : 1  [by t.var_x[12].v.t:=0]
	        30 t.var_x[28].v.f : 1  [by t.var_x[28].v.t:=0]
	        50 t.var_y[5].v.f : 1  [by t.s_6[5].in.t:=0]
	        50 t.var_y[6].v.f : 1  [by t.s_6[6].in.t:=0]
	        50 t.var_y[17].v.f : 1  [by t.s_6[17].in.t:=0]
	        50 t.var_y[18].v.f : 1  [by t.s_6[18].in.t:=0]
	        50 t.var_y[2].v.f : 1  [by t.s_6[2].in.t:=0]
	        50 t.var_y[30].v.f : 1  [by t.c_4.r:=0]
	        50 t.var_y[29].v.f : 1  [by t.s_6[29].in.t:=0]
	        50 t.var_y[15].v.f : 1  [by t.s_6[15].in.t:=0]
	        50 t.var_y[12].v.f : 1  [by t.s_6[12].in.t:=0]
	        50 t.var_y[4].v.f : 1  [by t.s_6[4].in.t:=0]
	        50 t.var_y[26].v.f : 1  [by t.s_6[26].in.t:=0]
	        50 t.var_y[9].v.f : 1  [by t.s_6[9].in.t:=0]
	        50 t.var_y[10].v.f : 1  [by t.s_6[10].in.t:=0]
	        50 t.var_y[14].v.f : 1  [by t.s_6[14].in.t:=0]
	        50 t.var_y[21].v.f : 1  [by t.s_6[21].in.t:=0]
	        50 t.var_y[22].v.f : 1  [by t.s_6[22].in.t:=0]
	        50 t.var_y[8].v.f : 1  [by t.s_6[8].in.t:=0]
	        50 t.var_y[23].v.f : 1  [by t.s_6[23].in.t:=0]
	        50 t.var_y[19].v.f : 1  [by t.s_6[19].in.t:=0]
	        50 t.var_y[3].v.f : 1  [by t.s_6[3].in.t:=0]
	        50 t.var_y[1].v.f : 1  [by t.s_6[1].in.t:=0]
	        50 t.var_y[16].v.f : 1  [by t.s_6[16].in.t:=0]
	        50 t.var_y[28].v.f : 1  [by t.c_4.r:=0]
	        50 t.var_y[11].v.f : 1  [by t.s_6[11].in.t:=0]
	        50 t.var_y[20].v.f : 1  [by t.s_6[20].in.t:=0]
	        50 t.var_y[31].v.f : 1  [by t.c_4.r:=0]
	        50 t.var_y[27].v.f : 1  [by t.s_6[27].in.t:=0]
	        50 t.var_y[7].v.f : 1  [by t.s_6[7].in.t:=0]
	        50 t.var_y[13].v.f : 1  [by t.s_6[13].in.t:=0]
	        50 t.var_y[25].v.f : 1  [by t.s_6[25].in.t:=0]
	        50 t.var_y[0].v.f : 1  [by t.c_4.r:=0]
	        50 t.var_y[24].v.f : 1  [by t.s_6[24].in.t:=0]
	       130 t.go.a : 0  [by t.s_4._c:=1]
	       160 Reset : 0
	       160 _Reset : 1
	       160 t.go.r : 1
	       500 t.var_x[0].v.f : 0  [by t.s_0[0].in.t:=1]
	       500 t.var_x[20].v.f : 0  [by t.s_0[20].in.t:=1]
	       500 t.var_x[16].v.f : 0  [by t.s_0[16].in.t:=1]
	       500 t.var_x[2].v.f : 0  [by t.s_0[2].in.t:=1]
	       500 t.var_x[17].v.f : 0  [by t.s_0[17].in.t:=1]
	       500 t.var_x[1].v.f : 0  [by t.s_0[1].in.t:=1]
	       500 t.var_x[18].v.f : 0  [by t.s_0[18].in.t:=1]
	       500 t.var_x[6].v.f : 0  [by t.s_0[6].in.t:=1]
	       500 t.var_x[4].v.f : 0  [by t.s_0[4].in.t:=1]
	       500 t.var_x[13].v.f : 0  [by t.s_0[13].in.t:=1]
	       500 t.var_x[24].v.f : 0  [by t.s_0[24].in.t:=1]
	       500 t.var_x[11].v.f : 0  [by t.s_0[11].in.t:=1]
	       500 t.var_x[9].v.f : 0  [by t.s_0[9].in.t:=1]
	       500 t.var_x[27].v.f : 0  [by t.s_0[27].in.t:=1]
	       500 t.var_x[22].v.f : 0  [by t.s_0[22].in.t:=1]
	       520 t.var_x[6].v.t : 1  [by t.var_x[6].v.f:=0]
	       520 t.var_x[18].v.t : 1  [by t.var_x[18].v.f:=0]
	       520 t.var_x[9].v.t : 1  [by t.var_x[9].v.f:=0]
	       520 t.var_x[16].v.t : 1  [by t.var_x[16].v.f:=0]
	       520 t.var_x[2].v.t : 1  [by t.var_x[2].v.f:=0]
	       520 t.var_x[20].v.t : 1  [by t.var_x[20].v.f:=0]
	       520 t.var_x[0].v.t : 1  [by t.var_x[0].v.f:=0]
	       520 t.var_x[27].v.t : 1  [by t.var_x[27].v.f:=0]
	       520 t.var_x[17].v.t : 1  [by t.var_x[17].v.f:=0]
	       520 t.var_x[13].v.t : 1  [by t.var_x[13].v.f:=0]
	       520 t.var_x[1].v.t : 1  [by t.var_x[1].v.f:=0]
	       520 t.var_x[24].v.t : 1  [by t.var_x[24].v.f:=0]
	       520 t.var_x[4].v.t : 1  [by t.var_x[4].v.f:=0]
	       520 t.var_x[11].v.t : 1  [by t.var_x[11].v.f:=0]
	       520 t.var_x[22].v.t : 1  [by t.var_x[22].v.f:=0]
WARNING: unstable `t.e_5.probe[18]._out.f'-
>> cause: t.e_5.probe[18]._t (val: 0)
>> time:        940
WARNING: unstable `t.e_5.probe[6]._out.f'-
>> cause: t.e_5.probe[6]._t (val: 0)
>> time:        940
WARNING: unstable `t.e_5.probe[0]._out.f'-
>> cause: t.e_5.probe[0]._t (val: 0)
>> time:        940
WARNING: unstable `t.e_5.probe[4]._out.f'-
>> cause: t.e_5.probe[4]._t (val: 0)
>> time:        940
WARNING: unstable `t.e_5.probe[19]._out.f'-
>> cause: t.e_5.probe[19]._f (val: 0)
>> time:        940
WARNING: unstable `t.e_5.probe[29]._out.f'-
>> cause: t.e_5.probe[29]._f (val: 0)
>> time:        940
WARNING: unstable `t.e_5.probe[9]._out.f'-
>> cause: t.e_5.probe[9]._t (val: 0)
>> time:        940
WARNING: unstable `t.e_5.probe[16]._out.f'-
>> cause: t.e_5.probe[16]._t (val: 0)
>> time:        940
WARNING: unstable `t.e_5.probe[8]._out.f'-
>> cause: t.e_5.probe[8]._f (val: 0)
>> time:        940
WARNING: unstable `t.e_5.probe[15]._out.f'-
>> cause: t.e_5.probe[15]._f (val: 0)
>> time:        940
WARNING: unstable `t.e_5.probe[22]._out.f'-
>> cause: t.e_5.probe[22]._t (val: 0)
>> time:        940
WARNING: unstable `t.e_5.probe[12]._out.f'-
>> cause: t.e_5.probe[12]._f (val: 0)
>> time:        940
WARNING: weak-interference `t.e_5.probe[8].out.f'
>> cause: t.e_5.probe[8]._out.f (val: X)
>> time:        950
WARNING: weak-interference `t.e_5.probe[0].out.f'
>> cause: t.e_5.probe[0]._out.f (val: X)
>> time:        950
WARNING: weak-interference `t.e_5.probe[18].out.f'
>> cause: t.e_5.probe[18]._out.f (val: X)
>> time:        950
WARNING: weak-interference `t.e_5.probe[19].out.f'
>> cause: t.e_5.probe[19]._out.f (val: X)
>> time:        950
WARNING: weak-interference `t.e_5.probe[22].out.f'
>> cause: t.e_5.probe[22]._out.f (val: X)
>> time:        950
WARNING: weak-interference `t.e_5.probe[4].out.f'
>> cause: t.e_5.probe[4]._out.f (val: X)
>> time:        950
WARNING: weak-interference `t.e_5.probe[9].out.f'
>> cause: t.e_5.probe[9]._out.f (val: X)
>> time:        950
WARNING: weak-interference `t.e_5.probe[12].out.f'
>> cause: t.e_5.probe[12]._out.f (val: X)
>> time:        950
WARNING: weak-interference `t.e_5.probe[6].out.f'
>> cause: t.e_5.probe[6]._out.f (val: X)
>> time:        950
WARNING: weak-interference `t.e_5.probe[15].out.f'
>> cause: t.e_5.probe[15]._out.f (val: X)
>> time:        950
WARNING: weak-interference `t.e_5.probe[29].out.f'
>> cause: t.e_5.probe[29]._out.f (val: X)
>> time:        950
WARNING: weak-interference `t.e_5.probe[16].out.f'
>> cause: t.e_5.probe[16]._out.f (val: X)
>> time:        950
WARNING: weak-interference `t.e_5._out.f'
>> cause: t.e_5.probe[16].out.f (val: X)
>> time:        960
WARNING: weak-interference `t.e_5.out.f'
>> cause: t.e_5._out.f (val: X)
>> time:        970
WARNING: weak-unstable `t.e_6.v.f'-
>> cause: t.rtv_5._goa (val: X)
>> time:        990
WARNING: weak-interference `t.s_5.r.a'
>> cause: t.rtv_5._goa (val: X)
>> time:        990
WARNING: weak-interference `t.s_5._ra'
>> cause: t.s_5.r.a (val: X)
>> time:       1000
WARNING: weak-interference `t.e_5.go_r'
>> cause: t.s_5.x (val: X)
>> time:       1020
WARNING: weak-interference `t.s_5._goa'
>> cause: t.s_5.x (val: X)
>> time:       1020
WARNING: weak-interference `t.e_5.probe[31]._out.t'
>> cause: t.e_5.go_r (val: X)
>> time:       1030
WARNING: weak-interference `t.e_5.probe[30]._out.t'
>> cause: t.e_5.go_r (val: X)
>> time:       1030
WARNING: weak-interference `t.e_5.probe[29]._out.t'
>> cause: t.e_5.go_r (val: X)
>> time:       1030
WARNING: weak-interference `t.e_5.probe[28]._out.t'
>> cause: t.e_5.go_r (val: X)
>> time:       1030
WARNING: weak-interference `t.e_5.probe[27]._out.t'
>> cause: t.e_5.go_r (val: X)
>> time:       1030
WARNING: weak-interference `t.e_5.probe[26]._out.t'
>> cause: t.e_5.go_r (val: X)
>> time:       1030
WARNING: weak-interference `t.e_5.probe[25]._out.t'
>> cause: t.e_5.go_r (val: X)
>> time:       1030
WARNING: weak-interference `t.e_5.probe[24]._out.t'
>> cause: t.e_5.go_r (val: X)
>> time:       1030
WARNING: weak-interference `t.e_5.probe[23]._out.t'
>> cause: t.e_5.go_r (val: X)
>> time:       1030
WARNING: weak-interference `t.e_5.probe[22]._out.t'
>> cause: t.e_5.go_r (val: X)
>> time:       1030
WARNING: weak-interference `t.e_5.probe[21]._out.t'
>> cause: t.e_5.go_r (val: X)
>> time:       1030
WARNING: weak-interference `t.e_5.probe[20]._out.t'
>> cause: t.e_5.go_r (val: X)
>> time:       1030
WARNING: weak-interference `t.e_5.probe[19]._out.t'
>> cause: t.e_5.go_r (val: X)
>> time:       1030
WARNING: weak-interference `t.e_5.probe[18]._out.t'
>> cause: t.e_5.go_r (val: X)
>> time:       1030
WARNING: weak-interference `t.e_5.probe[17]._out.t'
>> cause: t.e_5.go_r (val: X)
>> time:       1030
WARNING: weak-interference `t.e_5.probe[16]._out.t'
>> cause: t.e_5.go_r (val: X)
>> time:       1030
WARNING: weak-interference `t.e_5.probe[15]._out.t'
>> cause: t.e_5.go_r (val: X)
>> time:       1030
WARNING: weak-interference `t.e_5.probe[14]._out.t'
>> cause: t.e_5.go_r (val: X)
>> time:       1030
WARNING: weak-interference `t.e_5.probe[13]._out.t'
>> cause: t.e_5.go_r (val: X)
>> time:       1030
WARNING: weak-interference `t.e_5.probe[12]._out.t'
>> cause: t.e_5.go_r (val: X)
>> time:       1030
WARNING: weak-interference `t.e_5.probe[11]._out.t'
>> cause: t.e_5.go_r (val: X)
>> time:       1030
WARNING: weak-interference `t.e_5.probe[10]._out.t'
>> cause: t.e_5.go_r (val: X)
>> time:       1030
WARNING: weak-interference `t.e_5.probe[9]._out.t'
>> cause: t.e_5.go_r (val: X)
>> time:       1030
WARNING: weak-interference `t.e_5.probe[8]._out.t'
>> cause: t.e_5.go_r (val: X)
>> time:       1030
WARNING: weak-interference `t.e_5.probe[7]._out.t'
>> cause: t.e_5.go_r (val: X)
>> time:       1030
WARNING: weak-interference `t.e_5.probe[6]._out.t'
>> cause: t.e_5.go_r (val: X)
>> time:       1030
WARNING: weak-interference `t.e_5.probe[5]._out.t'
>> cause: t.e_5.go_r (val: X)
>> time:       1030
WARNING: weak-interference `t.e_5.probe[4]._out.t'
>> cause: t.e_5.go_r (val: X)
>> time:       1030
WARNING: weak-interference `t.e_5.probe[3]._out.t'
>> cause: t.e_5.go_r (val: X)
>> time:       1030
WARNING: weak-interference `t.e_5.probe[2]._out.t'
>> cause: t.e_5.go_r (val: X)
>> time:       1030
WARNING: weak-interference `t.e_5.probe[1]._out.t'
>> cause: t.e_5.go_r (val: X)
>> time:       1030
WARNING: weak-interference `t.e_5.probe[0]._out.t'
>> cause: t.e_5.go_r (val: X)
>> time:       1030
WARNING: weak-interference `t.e_6.go_r'
>> cause: t.s_5._goa (val: X)
>> time:       1030
WARNING: weak-interference `t.e_5.probe[0].out.t'
>> cause: t.e_5.probe[0]._out.t (val: X)
>> time:       1040
WARNING: weak-interference `t.e_6._out.f'
>> cause: t.e_6.go_r (val: X)
>> time:       1040
WARNING: weak-interference `t.e_5.probe[30].out.t'
>> cause: t.e_5.probe[30]._out.t (val: X)
>> time:       1040
WARNING: weak-interference `t.e_5.probe[26].out.t'
>> cause: t.e_5.probe[26]._out.t (val: X)
>> time:       1040
WARNING: weak-interference `t.e_5.probe[18].out.t'
>> cause: t.e_5.probe[18]._out.t (val: X)
>> time:       1040
WARNING: weak-interference `t.e_5.probe[2].out.t'
>> cause: t.e_5.probe[2]._out.t (val: X)
>> time:       1040
WARNING: weak-interference `t.e_5.probe[3].out.t'
>> cause: t.e_5.probe[3]._out.t (val: X)
>> time:       1040
WARNING: weak-interference `t.e_5.probe[19].out.t'
>> cause: t.e_5.probe[19]._out.t (val: X)
>> time:       1040
WARNING: weak-interference `t.e_5.probe[4].out.t'
>> cause: t.e_5.probe[4]._out.t (val: X)
>> time:       1040
WARNING: weak-interference `t.e_5.probe[5].out.t'
>> cause: t.e_5.probe[5]._out.t (val: X)
>> time:       1040
WARNING: weak-interference `t.e_5.probe[27].out.t'
>> cause: t.e_5.probe[27]._out.t (val: X)
>> time:       1040
WARNING: weak-interference `t.e_5.probe[20].out.t'
>> cause: t.e_5.probe[20]._out.t (val: X)
>> time:       1040
WARNING: weak-interference `t.e_5.probe[6].out.t'
>> cause: t.e_5.probe[6]._out.t (val: X)
>> time:       1040
WARNING: weak-interference `t.e_5.probe[7].out.t'
>> cause: t.e_5.probe[7]._out.t (val: X)
>> time:       1040
WARNING: weak-interference `t.e_5.probe[21].out.t'
>> cause: t.e_5.probe[21]._out.t (val: X)
>> time:       1040
WARNING: weak-interference `t.e_5.probe[8].out.t'
>> cause: t.e_5.probe[8]._out.t (val: X)
>> time:       1040
WARNING: weak-interference `t.e_5.probe[9].out.t'
>> cause: t.e_5.probe[9]._out.t (val: X)
>> time:       1040
WARNING: weak-interference `t.e_5.probe[31].out.t'
>> cause: t.e_5.probe[31]._out.t (val: X)
>> time:       1040
WARNING: weak-interference `t.e_5.probe[28].out.t'
>> cause: t.e_5.probe[28]._out.t (val: X)
>> time:       1040
WARNING: weak-interference `t.e_5.probe[22].out.t'
>> cause: t.e_5.probe[22]._out.t (val: X)
>> time:       1040
WARNING: weak-interference `t.e_5.probe[10].out.t'
>> cause: t.e_5.probe[10]._out.t (val: X)
>> time:       1040
WARNING: weak-interference `t.e_5.probe[11].out.t'
>> cause: t.e_5.probe[11]._out.t (val: X)
>> time:       1040
WARNING: weak-interference `t.e_5.probe[23].out.t'
>> cause: t.e_5.probe[23]._out.t (val: X)
>> time:       1040
WARNING: weak-interference `t.e_5.probe[12].out.t'
>> cause: t.e_5.probe[12]._out.t (val: X)
>> time:       1040
WARNING: weak-interference `t.e_5.probe[13].out.t'
>> cause: t.e_5.probe[13]._out.t (val: X)
>> time:       1040
WARNING: weak-interference `t.e_5.probe[29].out.t'
>> cause: t.e_5.probe[29]._out.t (val: X)
>> time:       1040
WARNING: weak-interference `t.e_5.probe[24].out.t'
>> cause: t.e_5.probe[24]._out.t (val: X)
>> time:       1040
WARNING: weak-interference `t.e_5.probe[14].out.t'
>> cause: t.e_5.probe[14]._out.t (val: X)
>> time:       1040
WARNING: weak-interference `t.e_5.probe[15].out.t'
>> cause: t.e_5.probe[15]._out.t (val: X)
>> time:       1040
WARNING: weak-interference `t.e_5.probe[25].out.t'
>> cause: t.e_5.probe[25]._out.t (val: X)
>> time:       1040
WARNING: weak-interference `t.e_5.probe[16].out.t'
>> cause: t.e_5.probe[16]._out.t (val: X)
>> time:       1040
WARNING: weak-interference `t.e_5.probe[17].out.t'
>> cause: t.e_5.probe[17]._out.t (val: X)
>> time:       1040
WARNING: weak-interference `t.e_5.probe[1].out.t'
>> cause: t.e_5.probe[1]._out.t (val: X)
>> time:       1040
WARNING: weak-interference `t.e_5._out.t'
>> cause: t.e_5.probe[17].out.t (val: X)
>> time:       1050
WARNING: weak-interference `t.gc_0.f'
>> cause: t.e_6._out.f (val: X)
>> time:       1050
WARNING: weak-interference `t.e_5.out.t'
>> cause: t.e_5._out.t (val: X)
>> time:       1060
WARNING: weak-interference `t.gc_0.r'
>> cause: t.gc_0.f (val: X)
>> time:       1060
WARNING: weak-interference `t.s_5._gor'
>> cause: t.gc_0.r (val: X)
>> time:       1070
WRONG ASSERT:	"t.var_y[0].v.t" has value 0 and not 1.
WRONG ASSERT:	"t.var_y[0].v.f" has value 1 and not 0.
WRONG ASSERT:	"t.var_y[1].v.t" has value 0 and not 1.
WRONG ASSERT:	"t.var_y[1].v.f" has value 1 and not 0.
WRONG ASSERT:	"t.var_y[2].v.t" has value 0 and not 1.
WRONG ASSERT:	"t.var_y[2].v.f" has value 1 and not 0.
WRONG ASSERT:	"t.var_y[4].v.t" has value 0 and not 1.
WRONG ASSERT:	"t.var_y[4].v.f" has value 1 and not 0.
WRONG ASSERT:	"t.var_y[6].v.t" has value 0 and not 1.
WRONG ASSERT:	"t.var_y[6].v.f" has value 1 and not 0.
WRONG ASSERT:	"t.var_y[9].v.t" has value 0 and not 1.
WRONG ASSERT:	"t.var_y[9].v.f" has value 1 and not 0.
WRONG ASSERT:	"t.var_y[11].v.t" has value 0 and not 1.
WRONG ASSERT:	"t.var_y[11].v.f" has value 1 and not 0.
WRONG ASSERT:	"t.var_y[13].v.t" has value 0 and not 1.
WRONG ASSERT:	"t.var_y[13].v.f" has value 1 and not 0.
WRONG ASSERT:	"t.var_y[16].v.t" has value 0 and not 1.
WRONG ASSERT:	"t.var_y[16].v.f" has value 1 and not 0.
WRONG ASSERT:	"t.var_y[17].v.t" has value 0 and not 1.
WRONG ASSERT:	"t.var_y[17].v.f" has value 1 and not 0.
WRONG ASSERT:	"t.var_y[18].v.t" has value 0 and not 1.
WRONG ASSERT:	"t.var_y[18].v.f" has value 1 and not 0.
WRONG ASSERT:	"t.var_y[20].v.t" has value 0 and not 1.
WRONG ASSERT:	"t.var_y[20].v.f" has value 1 and not 0.
WRONG ASSERT:	"t.var_y[22].v.t" has value 0 and not 1.
WRONG ASSERT:	"t.var_y[22].v.f" has value 1 and not 0.
WRONG ASSERT:	"t.var_y[24].v.t" has value 0 and not 1.
WRONG ASSERT:	"t.var_y[24].v.f" has value 1 and not 0.
WRONG ASSERT:	"t.var_y[27].v.t" has value 0 and not 1.
WRONG ASSERT:	"t.var_y[27].v.f" has value 1 and not 0.
WRONG ASSERT:	"t.go.a" has value 0 and not 1.
