	         0 Reset : 1
	         0 t.go.a : 0
	         0 t.go.r : 0
	         0 _Reset : 0
	        10 t.var_x.v.t : 0  [by Reset:=1]
	        30 t.var_x.v.f : 1  [by t.c_7.a:=0]
	        80 Reset : 0
	        80 _Reset : 1
	        80 t.go.r : 1
	       300 t.var_x.v.f : 0  [by t.s_0.in.t:=1]
	       320 t.var_x.v.t : 1  [by t.var_x.v.f:=0]
	       530 t.var_x.v.t : 0  [by t.s_3.in.f:=1]
	       550 t.var_x.v.f : 1  [by t.var_x.v.t:=0]
	       790 t.var_x.v.f : 0  [by t.s_6.in.t:=1]
	       810 t.var_x.v.t : 1  [by t.var_x.v.f:=0]
	      1020 t.var_x.v.t : 0  [by t.s_9.in.f:=1]
	      1040 t.var_x.v.f : 1  [by t.var_x.v.t:=0]
	      1280 t.var_x.v.f : 0  [by t.s_12.in.t:=1]
	      1300 t.var_x.v.t : 1  [by t.var_x.v.f:=0]
	      1510 t.var_x.v.t : 0  [by t.s_15.in.f:=1]
	      1530 t.var_x.v.f : 1  [by t.var_x.v.t:=0]
	      1550 t.go.a : 1  [by t.s_15._goa:=0]
	      1550 t.go.r : 0
	      2030 t.go.a : 0  [by t.s_15._goa:=1]
	      2030 t.go.r : 1
	      2220 t.var_x.v.f : 0  [by t.s_0.in.t:=1]
	      2240 t.var_x.v.t : 1  [by t.var_x.v.f:=0]
	      2450 t.var_x.v.t : 0  [by t.s_3.in.f:=1]
	      2470 t.var_x.v.f : 1  [by t.var_x.v.t:=0]
	      2680 t.var_x.v.f : 0  [by t.s_6.in.t:=1]
	      2700 t.var_x.v.t : 1  [by t.var_x.v.f:=0]
	      2910 t.var_x.v.t : 0  [by t.s_9.in.f:=1]
	      2930 t.var_x.v.f : 1  [by t.var_x.v.t:=0]
	      3140 t.var_x.v.f : 0  [by t.s_12.in.t:=1]
	      3160 t.var_x.v.t : 1  [by t.var_x.v.f:=0]
	      3370 t.var_x.v.t : 0  [by t.s_15.in.f:=1]
	      3390 t.var_x.v.f : 1  [by t.var_x.v.t:=0]
	      3410 t.go.a : 1  [by t.s_15._goa:=0]
	      3410 t.go.r : 0
	      3890 t.go.a : 0  [by t.s_15._goa:=1]
	      3890 t.go.r : 1
	      4080 t.var_x.v.f : 0  [by t.s_0.in.t:=1]
	      4100 t.var_x.v.t : 1  [by t.var_x.v.f:=0]
	      4310 t.var_x.v.t : 0  [by t.s_3.in.f:=1]
	      4330 t.var_x.v.f : 1  [by t.var_x.v.t:=0]
	      4540 t.var_x.v.f : 0  [by t.s_6.in.t:=1]
	      4560 t.var_x.v.t : 1  [by t.var_x.v.f:=0]
	      4770 t.var_x.v.t : 0  [by t.s_9.in.f:=1]
	      4790 t.var_x.v.f : 1  [by t.var_x.v.t:=0]
	      5000 t.var_x.v.f : 0  [by t.s_12.in.t:=1]
	      5020 t.var_x.v.t : 1  [by t.var_x.v.f:=0]
	      5230 t.var_x.v.t : 0  [by t.s_15.in.f:=1]
	      5250 t.var_x.v.f : 1  [by t.var_x.v.t:=0]
	      5270 t.go.a : 1  [by t.s_15._goa:=0]
	      5270 t.go.r : 0
	      5750 t.go.a : 0  [by t.s_15._goa:=1]
	      5750 t.go.r : 1
	      5940 t.var_x.v.f : 0  [by t.s_0.in.t:=1]
	      5960 t.var_x.v.t : 1  [by t.var_x.v.f:=0]
	      6170 t.var_x.v.t : 0  [by t.s_3.in.f:=1]
	      6190 t.var_x.v.f : 1  [by t.var_x.v.t:=0]
	      6400 t.var_x.v.f : 0  [by t.s_6.in.t:=1]
	      6420 t.var_x.v.t : 1  [by t.var_x.v.f:=0]
	      6630 t.var_x.v.t : 0  [by t.s_9.in.f:=1]
	      6650 t.var_x.v.f : 1  [by t.var_x.v.t:=0]
	      6860 t.var_x.v.f : 0  [by t.s_12.in.t:=1]
	      6880 t.var_x.v.t : 1  [by t.var_x.v.f:=0]
	      7090 t.var_x.v.t : 0  [by t.s_15.in.f:=1]
	      7110 t.var_x.v.f : 1  [by t.var_x.v.t:=0]
	      7130 t.go.a : 1  [by t.s_15._goa:=0]
	      7130 t.go.r : 0
	      7610 t.go.a : 0  [by t.s_15._goa:=1]
	      7610 t.go.r : 1
	      7800 t.var_x.v.f : 0  [by t.s_0.in.t:=1]
	      7820 t.var_x.v.t : 1  [by t.var_x.v.f:=0]
	      8030 t.var_x.v.t : 0  [by t.s_3.in.f:=1]
	      8050 t.var_x.v.f : 1  [by t.var_x.v.t:=0]
	      8260 t.var_x.v.f : 0  [by t.s_6.in.t:=1]
	      8280 t.var_x.v.t : 1  [by t.var_x.v.f:=0]
	      8490 t.var_x.v.t : 0  [by t.s_9.in.f:=1]
	      8510 t.var_x.v.f : 1  [by t.var_x.v.t:=0]
	      8720 t.var_x.v.f : 0  [by t.s_12.in.t:=1]
	      8740 t.var_x.v.t : 1  [by t.var_x.v.f:=0]
	      8950 t.var_x.v.t : 0  [by t.s_15.in.f:=1]
	      8970 t.var_x.v.f : 1  [by t.var_x.v.t:=0]
	      8990 t.go.a : 1  [by t.s_15._goa:=0]
	      8990 t.go.r : 0
	      9470 t.go.a : 0  [by t.s_15._goa:=1]
