	         0 Reset : 1
	         0 t.go.a : 0
	         0 t.go.r : 0
	         0 _Reset : 0
	        10 t.var_x.v.t : 0  [by Reset:=1]
	        10 t.var_y.v.t : 0  [by Reset:=1]
	        10 t.var_z.v.t : 0  [by Reset:=1]
	        10 t.var_w.v.t : 0  [by Reset:=1]
	        30 t.var_x.v.f : 1  [by t.c_7.a:=0]
	        30 t.var_y.v.f : 1  [by t.var_y.v.t:=0]
	        30 t.var_w.v.f : 1  [by t.var_w.v.t:=0]
	        30 t.var_z.v.f : 1  [by t.var_z.v.t:=0]
	        80 Reset : 0
	        80 _Reset : 1
	        80 t.go.r : 1
	       300 t.var_x.v.f : 0  [by t.s_0.in.t:=1]
	       320 t.var_x.v.t : 1  [by t.var_x.v.f:=0]
	       560 t.var_y.v.f : 0  [by t.s_3.in.t:=1]
	       580 t.var_y.v.t : 1  [by t.var_y.v.f:=0]
	       820 t.var_z.v.f : 0  [by t.s_6.in.t:=1]
	       840 t.var_z.v.t : 1  [by t.var_z.v.f:=0]
	      1080 t.var_w.v.f : 0  [by t.s_9.in.t:=1]
	      1100 t.var_w.v.t : 1  [by t.var_w.v.f:=0]
	      1310 t.var_x.v.t : 0  [by t.s_12.in.f:=1]
	      1330 t.var_x.v.f : 1  [by t.var_x.v.t:=0]
	      1540 t.var_y.v.t : 0  [by t.s_15.in.f:=1]
	      1560 t.var_y.v.f : 1  [by t.var_y.v.t:=0]
	      1770 t.var_z.v.t : 0  [by t.s_18.in.f:=1]
	      1790 t.var_z.v.f : 1  [by t.var_z.v.t:=0]
	      2000 t.var_w.v.t : 0  [by t.s_21.in.f:=1]
	      2020 t.var_w.v.f : 1  [by t.var_w.v.t:=0]
	      2040 t.go.a : 1  [by t.s_21._goa:=0]
	      2040 t.go.r : 0
	      2680 t.go.a : 0  [by t.s_21._goa:=1]
	      2680 t.go.r : 1
	      2870 t.var_x.v.f : 0  [by t.s_0.in.t:=1]
	      2890 t.var_x.v.t : 1  [by t.var_x.v.f:=0]
	      3100 t.var_y.v.f : 0  [by t.s_3.in.t:=1]
	      3120 t.var_y.v.t : 1  [by t.var_y.v.f:=0]
	      3330 t.var_z.v.f : 0  [by t.s_6.in.t:=1]
	      3350 t.var_z.v.t : 1  [by t.var_z.v.f:=0]
	      3560 t.var_w.v.f : 0  [by t.s_9.in.t:=1]
	      3580 t.var_w.v.t : 1  [by t.var_w.v.f:=0]
	      3790 t.var_x.v.t : 0  [by t.s_12.in.f:=1]
	      3810 t.var_x.v.f : 1  [by t.var_x.v.t:=0]
	      4020 t.var_y.v.t : 0  [by t.s_15.in.f:=1]
	      4040 t.var_y.v.f : 1  [by t.var_y.v.t:=0]
	      4250 t.var_z.v.t : 0  [by t.s_18.in.f:=1]
	      4270 t.var_z.v.f : 1  [by t.var_z.v.t:=0]
	      4480 t.var_w.v.t : 0  [by t.s_21.in.f:=1]
	      4500 t.var_w.v.f : 1  [by t.var_w.v.t:=0]
	      4520 t.go.a : 1  [by t.s_21._goa:=0]
	      4520 t.go.r : 0
	      5160 t.go.a : 0  [by t.s_21._goa:=1]
	      5160 t.go.r : 1
	      5350 t.var_x.v.f : 0  [by t.s_0.in.t:=1]
	      5370 t.var_x.v.t : 1  [by t.var_x.v.f:=0]
	      5580 t.var_y.v.f : 0  [by t.s_3.in.t:=1]
	      5600 t.var_y.v.t : 1  [by t.var_y.v.f:=0]
	      5810 t.var_z.v.f : 0  [by t.s_6.in.t:=1]
	      5830 t.var_z.v.t : 1  [by t.var_z.v.f:=0]
	      6040 t.var_w.v.f : 0  [by t.s_9.in.t:=1]
	      6060 t.var_w.v.t : 1  [by t.var_w.v.f:=0]
	      6270 t.var_x.v.t : 0  [by t.s_12.in.f:=1]
	      6290 t.var_x.v.f : 1  [by t.var_x.v.t:=0]
	      6500 t.var_y.v.t : 0  [by t.s_15.in.f:=1]
	      6520 t.var_y.v.f : 1  [by t.var_y.v.t:=0]
	      6730 t.var_z.v.t : 0  [by t.s_18.in.f:=1]
	      6750 t.var_z.v.f : 1  [by t.var_z.v.t:=0]
	      6960 t.var_w.v.t : 0  [by t.s_21.in.f:=1]
	      6980 t.var_w.v.f : 1  [by t.var_w.v.t:=0]
	      7000 t.go.a : 1  [by t.s_21._goa:=0]
	      7000 t.go.r : 0
	      7640 t.go.a : 0  [by t.s_21._goa:=1]
	      7640 t.go.r : 1
	      7830 t.var_x.v.f : 0  [by t.s_0.in.t:=1]
	      7850 t.var_x.v.t : 1  [by t.var_x.v.f:=0]
	      8060 t.var_y.v.f : 0  [by t.s_3.in.t:=1]
	      8080 t.var_y.v.t : 1  [by t.var_y.v.f:=0]
	      8290 t.var_z.v.f : 0  [by t.s_6.in.t:=1]
	      8310 t.var_z.v.t : 1  [by t.var_z.v.f:=0]
	      8520 t.var_w.v.f : 0  [by t.s_9.in.t:=1]
	      8540 t.var_w.v.t : 1  [by t.var_w.v.f:=0]
	      8750 t.var_x.v.t : 0  [by t.s_12.in.f:=1]
	      8770 t.var_x.v.f : 1  [by t.var_x.v.t:=0]
	      8980 t.var_y.v.t : 0  [by t.s_15.in.f:=1]
	      9000 t.var_y.v.f : 1  [by t.var_y.v.t:=0]
	      9210 t.var_z.v.t : 0  [by t.s_18.in.f:=1]
	      9230 t.var_z.v.f : 1  [by t.var_z.v.t:=0]
	      9440 t.var_w.v.t : 0  [by t.s_21.in.f:=1]
	      9460 t.var_w.v.f : 1  [by t.var_w.v.t:=0]
	      9480 t.go.a : 1  [by t.s_21._goa:=0]
	      9480 t.go.r : 0
	     10120 t.go.a : 0  [by t.s_21._goa:=1]
	     10120 t.go.r : 1
	     10310 t.var_x.v.f : 0  [by t.s_0.in.t:=1]
	     10330 t.var_x.v.t : 1  [by t.var_x.v.f:=0]
	     10540 t.var_y.v.f : 0  [by t.s_3.in.t:=1]
	     10560 t.var_y.v.t : 1  [by t.var_y.v.f:=0]
	     10770 t.var_z.v.f : 0  [by t.s_6.in.t:=1]
	     10790 t.var_z.v.t : 1  [by t.var_z.v.f:=0]
	     11000 t.var_w.v.f : 0  [by t.s_9.in.t:=1]
	     11020 t.var_w.v.t : 1  [by t.var_w.v.f:=0]
	     11230 t.var_x.v.t : 0  [by t.s_12.in.f:=1]
	     11250 t.var_x.v.f : 1  [by t.var_x.v.t:=0]
	     11460 t.var_y.v.t : 0  [by t.s_15.in.f:=1]
	     11480 t.var_y.v.f : 1  [by t.var_y.v.t:=0]
	     11690 t.var_z.v.t : 0  [by t.s_18.in.f:=1]
	     11710 t.var_z.v.f : 1  [by t.var_z.v.t:=0]
	     11920 t.var_w.v.t : 0  [by t.s_21.in.f:=1]
	     11940 t.var_w.v.f : 1  [by t.var_w.v.t:=0]
	     11960 t.go.a : 1  [by t.s_21._goa:=0]
	     11960 t.go.r : 0
	     12600 t.go.a : 0  [by t.s_21._goa:=1]
