	         0 Reset : 1
	         0 t.go.a : 0
	         0 t.go.r : 0
	         0 _Reset : 0
	        10 t.var_x.v.t : 0  [by Reset:=1]
	        30 t.var_x.v.f : 1  [by t.c_1.a:=0]
	        80 Reset : 0
	        80 _Reset : 1
	        80 t.go.r : 1
	       300 t.var_x.v.f : 0  [by t.s_0.in.t:=1]
	       320 t.var_x.v.t : 1  [by t.var_x.v.f:=0]
	       530 t.var_x.v.t : 0  [by t.s_3.in.f:=1]
	       550 t.var_x.v.f : 1  [by t.var_x.v.t:=0]
	       570 t.go.a : 1  [by t.s_3._goa:=0]
	       570 t.go.r : 0
	       730 t.go.a : 0  [by t.s_3._goa:=1]
	       730 t.go.r : 1
	       920 t.var_x.v.f : 0  [by t.s_0.in.t:=1]
	       940 t.var_x.v.t : 1  [by t.var_x.v.f:=0]
	      1150 t.var_x.v.t : 0  [by t.s_3.in.f:=1]
	      1170 t.var_x.v.f : 1  [by t.var_x.v.t:=0]
	      1190 t.go.a : 1  [by t.s_3._goa:=0]
	      1190 t.go.r : 0
	      1350 t.go.a : 0  [by t.s_3._goa:=1]
	      1350 t.go.r : 1
	      1540 t.var_x.v.f : 0  [by t.s_0.in.t:=1]
	      1560 t.var_x.v.t : 1  [by t.var_x.v.f:=0]
	      1770 t.var_x.v.t : 0  [by t.s_3.in.f:=1]
	      1790 t.var_x.v.f : 1  [by t.var_x.v.t:=0]
	      1810 t.go.a : 1  [by t.s_3._goa:=0]
	      1810 t.go.r : 0
	      1970 t.go.a : 0  [by t.s_3._goa:=1]
	      1970 t.go.r : 1
	      2160 t.var_x.v.f : 0  [by t.s_0.in.t:=1]
	      2180 t.var_x.v.t : 1  [by t.var_x.v.f:=0]
	      2390 t.var_x.v.t : 0  [by t.s_3.in.f:=1]
	      2410 t.var_x.v.f : 1  [by t.var_x.v.t:=0]
	      2430 t.go.a : 1  [by t.s_3._goa:=0]
	      2430 t.go.r : 0
	      2590 t.go.a : 0  [by t.s_3._goa:=1]
	      2590 t.go.r : 1
	      2780 t.var_x.v.f : 0  [by t.s_0.in.t:=1]
	      2800 t.var_x.v.t : 1  [by t.var_x.v.f:=0]
	      3010 t.var_x.v.t : 0  [by t.s_3.in.f:=1]
	      3030 t.var_x.v.f : 1  [by t.var_x.v.t:=0]
	      3050 t.go.a : 1  [by t.s_3._goa:=0]
	      3050 t.go.r : 0
	      3210 t.go.a : 0  [by t.s_3._goa:=1]
