	         0 Reset : 1
	         0 t.go.a : 0
	         0 t.go.r : 0
	         0 _Reset : 0
	        10 t.var_c.v.t : 0  [by Reset:=1]
	        10 t.var_y.v.t : 0  [by Reset:=1]
	        10 t.var_z.v.t : 0  [by Reset:=1]
	        10 t.var_w.v.t : 0  [by Reset:=1]
	        10 t.var_d.v.t : 0  [by Reset:=1]
	        10 t.var_b.v.t : 0  [by Reset:=1]
	        10 t.var_a.v.t : 0  [by Reset:=1]
	        10 t.var_x.v.t : 0  [by Reset:=1]
	        30 t.var_z.v.f : 1  [by t.c_83.a:=0]
	        30 t.var_w.v.f : 1  [by t.c_5.a:=0]
	        30 t.var_c.v.f : 1  [by t.c_59.a:=0]
	        30 t.var_y.v.f : 1  [by t.c_17.a:=0]
	        30 t.var_b.v.f : 1  [by t.c_57.a:=0]
	        30 t.var_x.v.f : 1  [by t.var_x.v.t:=0]
	        30 t.var_a.v.f : 1  [by t.c_87.a:=0]
	        30 t.var_d.v.f : 1  [by t.c_29.a:=0]
	        80 Reset : 0
	        80 _Reset : 1
	        80 t.go.r : 1
	       300 t.var_x.v.f : 0  [by t.s_0.in.t:=1]
	       320 t.var_x.v.t : 1  [by t.var_x.v.f:=0]
	       560 t.var_y.v.f : 0  [by t.s_3.in.t:=1]
	       580 t.var_y.v.t : 1  [by t.var_y.v.f:=0]
	       820 t.var_z.v.f : 0  [by t.s_6.in.t:=1]
	       840 t.var_z.v.t : 1  [by t.var_z.v.f:=0]
	      1080 t.var_w.v.f : 0  [by t.s_9.in.t:=1]
	      1100 t.var_w.v.t : 1  [by t.var_w.v.f:=0]
	      1340 t.var_a.v.f : 0  [by t.s_12.in.t:=1]
	      1360 t.var_a.v.t : 1  [by t.var_a.v.f:=0]
	      1600 t.var_b.v.f : 0  [by t.s_15.in.t:=1]
	      1620 t.var_b.v.t : 1  [by t.var_b.v.f:=0]
	      1860 t.var_c.v.f : 0  [by t.s_18.in.t:=1]
	      1880 t.var_c.v.t : 1  [by t.var_c.v.f:=0]
	      2120 t.var_d.v.f : 0  [by t.s_21.in.t:=1]
	      2140 t.var_d.v.t : 1  [by t.var_d.v.f:=0]
	      2350 t.var_x.v.t : 0  [by t.s_24.in.f:=1]
	      2370 t.var_x.v.f : 1  [by t.var_x.v.t:=0]
	      2580 t.var_y.v.t : 0  [by t.s_27.in.f:=1]
	      2600 t.var_y.v.f : 1  [by t.var_y.v.t:=0]
	      2810 t.var_z.v.t : 0  [by t.s_30.in.f:=1]
	      2830 t.var_z.v.f : 1  [by t.var_z.v.t:=0]
	      3040 t.var_w.v.t : 0  [by t.s_33.in.f:=1]
	      3060 t.var_w.v.f : 1  [by t.var_w.v.t:=0]
	      3270 t.var_a.v.t : 0  [by t.s_36.in.f:=1]
	      3290 t.var_a.v.f : 1  [by t.var_a.v.t:=0]
	      3500 t.var_b.v.t : 0  [by t.s_39.in.f:=1]
	      3520 t.var_b.v.f : 1  [by t.var_b.v.t:=0]
	      3730 t.var_c.v.t : 0  [by t.s_42.in.f:=1]
	      3750 t.var_c.v.f : 1  [by t.var_c.v.t:=0]
	      3960 t.var_d.v.t : 0  [by t.s_45.in.f:=1]
	      3980 t.var_d.v.f : 1  [by t.var_d.v.t:=0]
	      4220 t.var_x.v.f : 0  [by t.s_48.in.t:=1]
	      4240 t.var_x.v.t : 1  [by t.var_x.v.f:=0]
	      4480 t.var_y.v.f : 0  [by t.s_51.in.t:=1]
	      4500 t.var_y.v.t : 1  [by t.var_y.v.f:=0]
	      4740 t.var_z.v.f : 0  [by t.s_54.in.t:=1]
	      4760 t.var_z.v.t : 1  [by t.var_z.v.f:=0]
	      5000 t.var_w.v.f : 0  [by t.s_57.in.t:=1]
	      5020 t.var_w.v.t : 1  [by t.var_w.v.f:=0]
	      5260 t.var_a.v.f : 0  [by t.s_60.in.t:=1]
	      5280 t.var_a.v.t : 1  [by t.var_a.v.f:=0]
	      5520 t.var_b.v.f : 0  [by t.s_63.in.t:=1]
	      5540 t.var_b.v.t : 1  [by t.var_b.v.f:=0]
	      5780 t.var_c.v.f : 0  [by t.s_66.in.t:=1]
	      5800 t.var_c.v.t : 1  [by t.var_c.v.f:=0]
	      6040 t.var_d.v.f : 0  [by t.s_69.in.t:=1]
	      6060 t.var_d.v.t : 1  [by t.var_d.v.f:=0]
	      6270 t.var_x.v.t : 0  [by t.s_72.in.f:=1]
	      6290 t.var_x.v.f : 1  [by t.var_x.v.t:=0]
	      6500 t.var_y.v.t : 0  [by t.s_75.in.f:=1]
	      6520 t.var_y.v.f : 1  [by t.var_y.v.t:=0]
	      6730 t.var_z.v.t : 0  [by t.s_78.in.f:=1]
	      6750 t.var_z.v.f : 1  [by t.var_z.v.t:=0]
	      6960 t.var_w.v.t : 0  [by t.s_81.in.f:=1]
	      6980 t.var_w.v.f : 1  [by t.var_w.v.t:=0]
	      7190 t.var_a.v.t : 0  [by t.s_84.in.f:=1]
	      7210 t.var_a.v.f : 1  [by t.var_a.v.t:=0]
	      7420 t.var_b.v.t : 0  [by t.s_87.in.f:=1]
	      7440 t.var_b.v.f : 1  [by t.var_b.v.t:=0]
	      7650 t.var_c.v.t : 0  [by t.s_90.in.f:=1]
	      7670 t.var_c.v.f : 1  [by t.var_c.v.t:=0]
	      7880 t.var_d.v.t : 0  [by t.s_93.in.f:=1]
	      7900 t.var_d.v.f : 1  [by t.var_d.v.t:=0]
	      8140 t.var_x.v.f : 0  [by t.s_96.in.t:=1]
	      8160 t.var_x.v.t : 1  [by t.var_x.v.f:=0]
	      8400 t.var_y.v.f : 0  [by t.s_99.in.t:=1]
	      8420 t.var_y.v.t : 1  [by t.var_y.v.f:=0]
	      8660 t.var_z.v.f : 0  [by t.e_70.out.t:=1]
	      8680 t.var_z.v.t : 1  [by t.var_z.v.f:=0]
	      8920 t.var_w.v.f : 0  [by t.e_72.out.t:=1]
	      8940 t.var_w.v.t : 1  [by t.var_w.v.f:=0]
	      9180 t.var_a.v.f : 0  [by t.e_74.out.t:=1]
	      9200 t.var_a.v.t : 1  [by t.var_a.v.f:=0]
	      9440 t.var_b.v.f : 0  [by t.e_76.out.t:=1]
	      9460 t.var_b.v.t : 1  [by t.var_b.v.f:=0]
	      9700 t.var_c.v.f : 0  [by t.e_78.out.t:=1]
	      9720 t.var_c.v.t : 1  [by t.var_c.v.f:=0]
	      9960 t.var_d.v.f : 0  [by t.e_80.out.t:=1]
	      9980 t.var_d.v.t : 1  [by t.var_d.v.f:=0]
	     10190 t.var_x.v.t : 0  [by t.e_82.out.f:=1]
	     10210 t.var_x.v.f : 1  [by t.var_x.v.t:=0]
	     10420 t.var_y.v.t : 0  [by t.e_84.out.f:=1]
	     10440 t.var_y.v.f : 1  [by t.var_y.v.t:=0]
	     10650 t.var_z.v.t : 0  [by t.e_86.out.f:=1]
	     10670 t.var_z.v.f : 1  [by t.var_z.v.t:=0]
	     10880 t.var_w.v.t : 0  [by t.e_88.out.f:=1]
	     10900 t.var_w.v.f : 1  [by t.var_w.v.t:=0]
	     11110 t.var_a.v.t : 0  [by t.e_90.out.f:=1]
	     11130 t.var_a.v.f : 1  [by t.var_a.v.t:=0]
	     11340 t.var_b.v.t : 0  [by t.e_92.out.f:=1]
	     11360 t.var_b.v.f : 1  [by t.var_b.v.t:=0]
	     11570 t.var_c.v.t : 0  [by t.e_94.out.f:=1]
	     11590 t.var_c.v.f : 1  [by t.var_c.v.t:=0]
	     11800 t.var_d.v.t : 0  [by t.e_96.out.f:=1]
	     11820 t.var_d.v.f : 1  [by t.var_d.v.t:=0]
	     11840 t.go.a : 1  [by t.s_141._goa:=0]
	     11840 t.go.r : 0
	     15680 t.go.a : 0  [by t.s_141._goa:=1]
	     15680 t.go.r : 1
	     15870 t.var_x.v.f : 0  [by t.s_0.in.t:=1]
	     15890 t.var_x.v.t : 1  [by t.var_x.v.f:=0]
	     16100 t.var_y.v.f : 0  [by t.s_3.in.t:=1]
	     16120 t.var_y.v.t : 1  [by t.var_y.v.f:=0]
	     16330 t.var_z.v.f : 0  [by t.s_6.in.t:=1]
	     16350 t.var_z.v.t : 1  [by t.var_z.v.f:=0]
	     16560 t.var_w.v.f : 0  [by t.s_9.in.t:=1]
	     16580 t.var_w.v.t : 1  [by t.var_w.v.f:=0]
	     16790 t.var_a.v.f : 0  [by t.s_12.in.t:=1]
	     16810 t.var_a.v.t : 1  [by t.var_a.v.f:=0]
	     17020 t.var_b.v.f : 0  [by t.s_15.in.t:=1]
	     17040 t.var_b.v.t : 1  [by t.var_b.v.f:=0]
	     17250 t.var_c.v.f : 0  [by t.s_18.in.t:=1]
	     17270 t.var_c.v.t : 1  [by t.var_c.v.f:=0]
	     17480 t.var_d.v.f : 0  [by t.s_21.in.t:=1]
	     17500 t.var_d.v.t : 1  [by t.var_d.v.f:=0]
	     17710 t.var_x.v.t : 0  [by t.s_24.in.f:=1]
	     17730 t.var_x.v.f : 1  [by t.var_x.v.t:=0]
	     17940 t.var_y.v.t : 0  [by t.s_27.in.f:=1]
	     17960 t.var_y.v.f : 1  [by t.var_y.v.t:=0]
	     18170 t.var_z.v.t : 0  [by t.s_30.in.f:=1]
	     18190 t.var_z.v.f : 1  [by t.var_z.v.t:=0]
	     18400 t.var_w.v.t : 0  [by t.s_33.in.f:=1]
	     18420 t.var_w.v.f : 1  [by t.var_w.v.t:=0]
	     18630 t.var_a.v.t : 0  [by t.s_36.in.f:=1]
	     18650 t.var_a.v.f : 1  [by t.var_a.v.t:=0]
	     18860 t.var_b.v.t : 0  [by t.s_39.in.f:=1]
	     18880 t.var_b.v.f : 1  [by t.var_b.v.t:=0]
	     19090 t.var_c.v.t : 0  [by t.s_42.in.f:=1]
	     19110 t.var_c.v.f : 1  [by t.var_c.v.t:=0]
	     19320 t.var_d.v.t : 0  [by t.s_45.in.f:=1]
	     19340 t.var_d.v.f : 1  [by t.var_d.v.t:=0]
	     19550 t.var_x.v.f : 0  [by t.s_48.in.t:=1]
	     19570 t.var_x.v.t : 1  [by t.var_x.v.f:=0]
	     19780 t.var_y.v.f : 0  [by t.s_51.in.t:=1]
	     19800 t.var_y.v.t : 1  [by t.var_y.v.f:=0]
	     20010 t.var_z.v.f : 0  [by t.s_54.in.t:=1]
	     20030 t.var_z.v.t : 1  [by t.var_z.v.f:=0]
	     20240 t.var_w.v.f : 0  [by t.s_57.in.t:=1]
	     20260 t.var_w.v.t : 1  [by t.var_w.v.f:=0]
	     20470 t.var_a.v.f : 0  [by t.s_60.in.t:=1]
	     20490 t.var_a.v.t : 1  [by t.var_a.v.f:=0]
	     20700 t.var_b.v.f : 0  [by t.s_63.in.t:=1]
	     20720 t.var_b.v.t : 1  [by t.var_b.v.f:=0]
	     20930 t.var_c.v.f : 0  [by t.s_66.in.t:=1]
	     20950 t.var_c.v.t : 1  [by t.var_c.v.f:=0]
	     21160 t.var_d.v.f : 0  [by t.s_69.in.t:=1]
	     21180 t.var_d.v.t : 1  [by t.var_d.v.f:=0]
	     21390 t.var_x.v.t : 0  [by t.s_72.in.f:=1]
	     21410 t.var_x.v.f : 1  [by t.var_x.v.t:=0]
	     21620 t.var_y.v.t : 0  [by t.s_75.in.f:=1]
	     21640 t.var_y.v.f : 1  [by t.var_y.v.t:=0]
	     21850 t.var_z.v.t : 0  [by t.s_78.in.f:=1]
	     21870 t.var_z.v.f : 1  [by t.var_z.v.t:=0]
	     22080 t.var_w.v.t : 0  [by t.s_81.in.f:=1]
	     22100 t.var_w.v.f : 1  [by t.var_w.v.t:=0]
	     22310 t.var_a.v.t : 0  [by t.s_84.in.f:=1]
	     22330 t.var_a.v.f : 1  [by t.var_a.v.t:=0]
	     22540 t.var_b.v.t : 0  [by t.s_87.in.f:=1]
	     22560 t.var_b.v.f : 1  [by t.var_b.v.t:=0]
	     22770 t.var_c.v.t : 0  [by t.s_90.in.f:=1]
	     22790 t.var_c.v.f : 1  [by t.var_c.v.t:=0]
	     23000 t.var_d.v.t : 0  [by t.s_93.in.f:=1]
	     23020 t.var_d.v.f : 1  [by t.var_d.v.t:=0]
	     23230 t.var_x.v.f : 0  [by t.s_96.in.t:=1]
	     23250 t.var_x.v.t : 1  [by t.var_x.v.f:=0]
	     23460 t.var_y.v.f : 0  [by t.s_99.in.t:=1]
	     23480 t.var_y.v.t : 1  [by t.var_y.v.f:=0]
	     23690 t.var_z.v.f : 0  [by t.e_70.out.t:=1]
	     23710 t.var_z.v.t : 1  [by t.var_z.v.f:=0]
	     23920 t.var_w.v.f : 0  [by t.e_72.out.t:=1]
	     23940 t.var_w.v.t : 1  [by t.var_w.v.f:=0]
	     24150 t.var_a.v.f : 0  [by t.e_74.out.t:=1]
	     24170 t.var_a.v.t : 1  [by t.var_a.v.f:=0]
	     24380 t.var_b.v.f : 0  [by t.e_76.out.t:=1]
	     24400 t.var_b.v.t : 1  [by t.var_b.v.f:=0]
	     24610 t.var_c.v.f : 0  [by t.e_78.out.t:=1]
	     24630 t.var_c.v.t : 1  [by t.var_c.v.f:=0]
	     24840 t.var_d.v.f : 0  [by t.e_80.out.t:=1]
	     24860 t.var_d.v.t : 1  [by t.var_d.v.f:=0]
	     25070 t.var_x.v.t : 0  [by t.e_82.out.f:=1]
	     25090 t.var_x.v.f : 1  [by t.var_x.v.t:=0]
	     25300 t.var_y.v.t : 0  [by t.e_84.out.f:=1]
	     25320 t.var_y.v.f : 1  [by t.var_y.v.t:=0]
	     25530 t.var_z.v.t : 0  [by t.e_86.out.f:=1]
	     25550 t.var_z.v.f : 1  [by t.var_z.v.t:=0]
	     25760 t.var_w.v.t : 0  [by t.e_88.out.f:=1]
	     25780 t.var_w.v.f : 1  [by t.var_w.v.t:=0]
	     25990 t.var_a.v.t : 0  [by t.e_90.out.f:=1]
	     26010 t.var_a.v.f : 1  [by t.var_a.v.t:=0]
	     26220 t.var_b.v.t : 0  [by t.e_92.out.f:=1]
	     26240 t.var_b.v.f : 1  [by t.var_b.v.t:=0]
	     26450 t.var_c.v.t : 0  [by t.e_94.out.f:=1]
	     26470 t.var_c.v.f : 1  [by t.var_c.v.t:=0]
	     26680 t.var_d.v.t : 0  [by t.e_96.out.f:=1]
	     26700 t.var_d.v.f : 1  [by t.var_d.v.t:=0]
	     26720 t.go.a : 1  [by t.s_141._goa:=0]
	     26720 t.go.r : 0
	     30560 t.go.a : 0  [by t.s_141._goa:=1]
	     30560 t.go.r : 1
	     30750 t.var_x.v.f : 0  [by t.s_0.in.t:=1]
	     30770 t.var_x.v.t : 1  [by t.var_x.v.f:=0]
	     30980 t.var_y.v.f : 0  [by t.s_3.in.t:=1]
	     31000 t.var_y.v.t : 1  [by t.var_y.v.f:=0]
	     31210 t.var_z.v.f : 0  [by t.s_6.in.t:=1]
	     31230 t.var_z.v.t : 1  [by t.var_z.v.f:=0]
	     31440 t.var_w.v.f : 0  [by t.s_9.in.t:=1]
	     31460 t.var_w.v.t : 1  [by t.var_w.v.f:=0]
	     31670 t.var_a.v.f : 0  [by t.s_12.in.t:=1]
	     31690 t.var_a.v.t : 1  [by t.var_a.v.f:=0]
	     31900 t.var_b.v.f : 0  [by t.s_15.in.t:=1]
	     31920 t.var_b.v.t : 1  [by t.var_b.v.f:=0]
	     32130 t.var_c.v.f : 0  [by t.s_18.in.t:=1]
	     32150 t.var_c.v.t : 1  [by t.var_c.v.f:=0]
	     32360 t.var_d.v.f : 0  [by t.s_21.in.t:=1]
	     32380 t.var_d.v.t : 1  [by t.var_d.v.f:=0]
	     32590 t.var_x.v.t : 0  [by t.s_24.in.f:=1]
	     32610 t.var_x.v.f : 1  [by t.var_x.v.t:=0]
	     32820 t.var_y.v.t : 0  [by t.s_27.in.f:=1]
	     32840 t.var_y.v.f : 1  [by t.var_y.v.t:=0]
	     33050 t.var_z.v.t : 0  [by t.s_30.in.f:=1]
	     33070 t.var_z.v.f : 1  [by t.var_z.v.t:=0]
	     33280 t.var_w.v.t : 0  [by t.s_33.in.f:=1]
	     33300 t.var_w.v.f : 1  [by t.var_w.v.t:=0]
	     33510 t.var_a.v.t : 0  [by t.s_36.in.f:=1]
	     33530 t.var_a.v.f : 1  [by t.var_a.v.t:=0]
	     33740 t.var_b.v.t : 0  [by t.s_39.in.f:=1]
	     33760 t.var_b.v.f : 1  [by t.var_b.v.t:=0]
	     33970 t.var_c.v.t : 0  [by t.s_42.in.f:=1]
	     33990 t.var_c.v.f : 1  [by t.var_c.v.t:=0]
	     34200 t.var_d.v.t : 0  [by t.s_45.in.f:=1]
	     34220 t.var_d.v.f : 1  [by t.var_d.v.t:=0]
	     34430 t.var_x.v.f : 0  [by t.s_48.in.t:=1]
	     34450 t.var_x.v.t : 1  [by t.var_x.v.f:=0]
	     34660 t.var_y.v.f : 0  [by t.s_51.in.t:=1]
	     34680 t.var_y.v.t : 1  [by t.var_y.v.f:=0]
	     34890 t.var_z.v.f : 0  [by t.s_54.in.t:=1]
	     34910 t.var_z.v.t : 1  [by t.var_z.v.f:=0]
	     35120 t.var_w.v.f : 0  [by t.s_57.in.t:=1]
	     35140 t.var_w.v.t : 1  [by t.var_w.v.f:=0]
	     35350 t.var_a.v.f : 0  [by t.s_60.in.t:=1]
	     35370 t.var_a.v.t : 1  [by t.var_a.v.f:=0]
	     35580 t.var_b.v.f : 0  [by t.s_63.in.t:=1]
	     35600 t.var_b.v.t : 1  [by t.var_b.v.f:=0]
	     35810 t.var_c.v.f : 0  [by t.s_66.in.t:=1]
	     35830 t.var_c.v.t : 1  [by t.var_c.v.f:=0]
	     36040 t.var_d.v.f : 0  [by t.s_69.in.t:=1]
	     36060 t.var_d.v.t : 1  [by t.var_d.v.f:=0]
	     36270 t.var_x.v.t : 0  [by t.s_72.in.f:=1]
	     36290 t.var_x.v.f : 1  [by t.var_x.v.t:=0]
	     36500 t.var_y.v.t : 0  [by t.s_75.in.f:=1]
	     36520 t.var_y.v.f : 1  [by t.var_y.v.t:=0]
	     36730 t.var_z.v.t : 0  [by t.s_78.in.f:=1]
	     36750 t.var_z.v.f : 1  [by t.var_z.v.t:=0]
	     36960 t.var_w.v.t : 0  [by t.s_81.in.f:=1]
	     36980 t.var_w.v.f : 1  [by t.var_w.v.t:=0]
	     37190 t.var_a.v.t : 0  [by t.s_84.in.f:=1]
	     37210 t.var_a.v.f : 1  [by t.var_a.v.t:=0]
	     37420 t.var_b.v.t : 0  [by t.s_87.in.f:=1]
	     37440 t.var_b.v.f : 1  [by t.var_b.v.t:=0]
	     37650 t.var_c.v.t : 0  [by t.s_90.in.f:=1]
	     37670 t.var_c.v.f : 1  [by t.var_c.v.t:=0]
	     37880 t.var_d.v.t : 0  [by t.s_93.in.f:=1]
	     37900 t.var_d.v.f : 1  [by t.var_d.v.t:=0]
	     38110 t.var_x.v.f : 0  [by t.s_96.in.t:=1]
	     38130 t.var_x.v.t : 1  [by t.var_x.v.f:=0]
	     38340 t.var_y.v.f : 0  [by t.s_99.in.t:=1]
	     38360 t.var_y.v.t : 1  [by t.var_y.v.f:=0]
	     38570 t.var_z.v.f : 0  [by t.e_70.out.t:=1]
	     38590 t.var_z.v.t : 1  [by t.var_z.v.f:=0]
	     38800 t.var_w.v.f : 0  [by t.e_72.out.t:=1]
	     38820 t.var_w.v.t : 1  [by t.var_w.v.f:=0]
	     39030 t.var_a.v.f : 0  [by t.e_74.out.t:=1]
	     39050 t.var_a.v.t : 1  [by t.var_a.v.f:=0]
	     39260 t.var_b.v.f : 0  [by t.e_76.out.t:=1]
	     39280 t.var_b.v.t : 1  [by t.var_b.v.f:=0]
	     39490 t.var_c.v.f : 0  [by t.e_78.out.t:=1]
	     39510 t.var_c.v.t : 1  [by t.var_c.v.f:=0]
	     39720 t.var_d.v.f : 0  [by t.e_80.out.t:=1]
	     39740 t.var_d.v.t : 1  [by t.var_d.v.f:=0]
	     39950 t.var_x.v.t : 0  [by t.e_82.out.f:=1]
	     39970 t.var_x.v.f : 1  [by t.var_x.v.t:=0]
	     40180 t.var_y.v.t : 0  [by t.e_84.out.f:=1]
	     40200 t.var_y.v.f : 1  [by t.var_y.v.t:=0]
	     40410 t.var_z.v.t : 0  [by t.e_86.out.f:=1]
	     40430 t.var_z.v.f : 1  [by t.var_z.v.t:=0]
	     40640 t.var_w.v.t : 0  [by t.e_88.out.f:=1]
	     40660 t.var_w.v.f : 1  [by t.var_w.v.t:=0]
	     40870 t.var_a.v.t : 0  [by t.e_90.out.f:=1]
	     40890 t.var_a.v.f : 1  [by t.var_a.v.t:=0]
	     41100 t.var_b.v.t : 0  [by t.e_92.out.f:=1]
	     41120 t.var_b.v.f : 1  [by t.var_b.v.t:=0]
	     41330 t.var_c.v.t : 0  [by t.e_94.out.f:=1]
	     41350 t.var_c.v.f : 1  [by t.var_c.v.t:=0]
	     41560 t.var_d.v.t : 0  [by t.e_96.out.f:=1]
	     41580 t.var_d.v.f : 1  [by t.var_d.v.t:=0]
	     41600 t.go.a : 1  [by t.s_141._goa:=0]
	     41600 t.go.r : 0
	     45440 t.go.a : 0  [by t.s_141._goa:=1]
	     45440 t.go.r : 1
	     45630 t.var_x.v.f : 0  [by t.s_0.in.t:=1]
	     45650 t.var_x.v.t : 1  [by t.var_x.v.f:=0]
	     45860 t.var_y.v.f : 0  [by t.s_3.in.t:=1]
	     45880 t.var_y.v.t : 1  [by t.var_y.v.f:=0]
	     46090 t.var_z.v.f : 0  [by t.s_6.in.t:=1]
	     46110 t.var_z.v.t : 1  [by t.var_z.v.f:=0]
	     46320 t.var_w.v.f : 0  [by t.s_9.in.t:=1]
	     46340 t.var_w.v.t : 1  [by t.var_w.v.f:=0]
	     46550 t.var_a.v.f : 0  [by t.s_12.in.t:=1]
	     46570 t.var_a.v.t : 1  [by t.var_a.v.f:=0]
	     46780 t.var_b.v.f : 0  [by t.s_15.in.t:=1]
	     46800 t.var_b.v.t : 1  [by t.var_b.v.f:=0]
	     47010 t.var_c.v.f : 0  [by t.s_18.in.t:=1]
	     47030 t.var_c.v.t : 1  [by t.var_c.v.f:=0]
	     47240 t.var_d.v.f : 0  [by t.s_21.in.t:=1]
	     47260 t.var_d.v.t : 1  [by t.var_d.v.f:=0]
	     47470 t.var_x.v.t : 0  [by t.s_24.in.f:=1]
	     47490 t.var_x.v.f : 1  [by t.var_x.v.t:=0]
	     47700 t.var_y.v.t : 0  [by t.s_27.in.f:=1]
	     47720 t.var_y.v.f : 1  [by t.var_y.v.t:=0]
	     47930 t.var_z.v.t : 0  [by t.s_30.in.f:=1]
	     47950 t.var_z.v.f : 1  [by t.var_z.v.t:=0]
	     48160 t.var_w.v.t : 0  [by t.s_33.in.f:=1]
	     48180 t.var_w.v.f : 1  [by t.var_w.v.t:=0]
	     48390 t.var_a.v.t : 0  [by t.s_36.in.f:=1]
	     48410 t.var_a.v.f : 1  [by t.var_a.v.t:=0]
	     48620 t.var_b.v.t : 0  [by t.s_39.in.f:=1]
	     48640 t.var_b.v.f : 1  [by t.var_b.v.t:=0]
	     48850 t.var_c.v.t : 0  [by t.s_42.in.f:=1]
	     48870 t.var_c.v.f : 1  [by t.var_c.v.t:=0]
	     49080 t.var_d.v.t : 0  [by t.s_45.in.f:=1]
	     49100 t.var_d.v.f : 1  [by t.var_d.v.t:=0]
	     49310 t.var_x.v.f : 0  [by t.s_48.in.t:=1]
	     49330 t.var_x.v.t : 1  [by t.var_x.v.f:=0]
	     49540 t.var_y.v.f : 0  [by t.s_51.in.t:=1]
	     49560 t.var_y.v.t : 1  [by t.var_y.v.f:=0]
	     49770 t.var_z.v.f : 0  [by t.s_54.in.t:=1]
	     49790 t.var_z.v.t : 1  [by t.var_z.v.f:=0]
	     50000 t.var_w.v.f : 0  [by t.s_57.in.t:=1]
	     50020 t.var_w.v.t : 1  [by t.var_w.v.f:=0]
	     50230 t.var_a.v.f : 0  [by t.s_60.in.t:=1]
	     50250 t.var_a.v.t : 1  [by t.var_a.v.f:=0]
	     50460 t.var_b.v.f : 0  [by t.s_63.in.t:=1]
	     50480 t.var_b.v.t : 1  [by t.var_b.v.f:=0]
	     50690 t.var_c.v.f : 0  [by t.s_66.in.t:=1]
	     50710 t.var_c.v.t : 1  [by t.var_c.v.f:=0]
	     50920 t.var_d.v.f : 0  [by t.s_69.in.t:=1]
	     50940 t.var_d.v.t : 1  [by t.var_d.v.f:=0]
	     51150 t.var_x.v.t : 0  [by t.s_72.in.f:=1]
	     51170 t.var_x.v.f : 1  [by t.var_x.v.t:=0]
	     51380 t.var_y.v.t : 0  [by t.s_75.in.f:=1]
	     51400 t.var_y.v.f : 1  [by t.var_y.v.t:=0]
	     51610 t.var_z.v.t : 0  [by t.s_78.in.f:=1]
	     51630 t.var_z.v.f : 1  [by t.var_z.v.t:=0]
	     51840 t.var_w.v.t : 0  [by t.s_81.in.f:=1]
	     51860 t.var_w.v.f : 1  [by t.var_w.v.t:=0]
	     52070 t.var_a.v.t : 0  [by t.s_84.in.f:=1]
	     52090 t.var_a.v.f : 1  [by t.var_a.v.t:=0]
	     52300 t.var_b.v.t : 0  [by t.s_87.in.f:=1]
	     52320 t.var_b.v.f : 1  [by t.var_b.v.t:=0]
	     52530 t.var_c.v.t : 0  [by t.s_90.in.f:=1]
	     52550 t.var_c.v.f : 1  [by t.var_c.v.t:=0]
	     52760 t.var_d.v.t : 0  [by t.s_93.in.f:=1]
	     52780 t.var_d.v.f : 1  [by t.var_d.v.t:=0]
	     52990 t.var_x.v.f : 0  [by t.s_96.in.t:=1]
	     53010 t.var_x.v.t : 1  [by t.var_x.v.f:=0]
	     53220 t.var_y.v.f : 0  [by t.s_99.in.t:=1]
	     53240 t.var_y.v.t : 1  [by t.var_y.v.f:=0]
	     53450 t.var_z.v.f : 0  [by t.e_70.out.t:=1]
	     53470 t.var_z.v.t : 1  [by t.var_z.v.f:=0]
	     53680 t.var_w.v.f : 0  [by t.e_72.out.t:=1]
	     53700 t.var_w.v.t : 1  [by t.var_w.v.f:=0]
	     53910 t.var_a.v.f : 0  [by t.e_74.out.t:=1]
	     53930 t.var_a.v.t : 1  [by t.var_a.v.f:=0]
	     54140 t.var_b.v.f : 0  [by t.e_76.out.t:=1]
	     54160 t.var_b.v.t : 1  [by t.var_b.v.f:=0]
	     54370 t.var_c.v.f : 0  [by t.e_78.out.t:=1]
	     54390 t.var_c.v.t : 1  [by t.var_c.v.f:=0]
	     54600 t.var_d.v.f : 0  [by t.e_80.out.t:=1]
	     54620 t.var_d.v.t : 1  [by t.var_d.v.f:=0]
	     54830 t.var_x.v.t : 0  [by t.e_82.out.f:=1]
	     54850 t.var_x.v.f : 1  [by t.var_x.v.t:=0]
	     55060 t.var_y.v.t : 0  [by t.e_84.out.f:=1]
	     55080 t.var_y.v.f : 1  [by t.var_y.v.t:=0]
	     55290 t.var_z.v.t : 0  [by t.e_86.out.f:=1]
	     55310 t.var_z.v.f : 1  [by t.var_z.v.t:=0]
	     55520 t.var_w.v.t : 0  [by t.e_88.out.f:=1]
	     55540 t.var_w.v.f : 1  [by t.var_w.v.t:=0]
	     55750 t.var_a.v.t : 0  [by t.e_90.out.f:=1]
	     55770 t.var_a.v.f : 1  [by t.var_a.v.t:=0]
	     55980 t.var_b.v.t : 0  [by t.e_92.out.f:=1]
	     56000 t.var_b.v.f : 1  [by t.var_b.v.t:=0]
	     56210 t.var_c.v.t : 0  [by t.e_94.out.f:=1]
	     56230 t.var_c.v.f : 1  [by t.var_c.v.t:=0]
	     56440 t.var_d.v.t : 0  [by t.e_96.out.f:=1]
	     56460 t.var_d.v.f : 1  [by t.var_d.v.t:=0]
	     56480 t.go.a : 1  [by t.s_141._goa:=0]
	     56480 t.go.r : 0
	     60320 t.go.a : 0  [by t.s_141._goa:=1]
	     60320 t.go.r : 1
	     60510 t.var_x.v.f : 0  [by t.s_0.in.t:=1]
	     60530 t.var_x.v.t : 1  [by t.var_x.v.f:=0]
	     60740 t.var_y.v.f : 0  [by t.s_3.in.t:=1]
	     60760 t.var_y.v.t : 1  [by t.var_y.v.f:=0]
	     60970 t.var_z.v.f : 0  [by t.s_6.in.t:=1]
	     60990 t.var_z.v.t : 1  [by t.var_z.v.f:=0]
	     61200 t.var_w.v.f : 0  [by t.s_9.in.t:=1]
	     61220 t.var_w.v.t : 1  [by t.var_w.v.f:=0]
	     61430 t.var_a.v.f : 0  [by t.s_12.in.t:=1]
	     61450 t.var_a.v.t : 1  [by t.var_a.v.f:=0]
	     61660 t.var_b.v.f : 0  [by t.s_15.in.t:=1]
	     61680 t.var_b.v.t : 1  [by t.var_b.v.f:=0]
	     61890 t.var_c.v.f : 0  [by t.s_18.in.t:=1]
	     61910 t.var_c.v.t : 1  [by t.var_c.v.f:=0]
	     62120 t.var_d.v.f : 0  [by t.s_21.in.t:=1]
	     62140 t.var_d.v.t : 1  [by t.var_d.v.f:=0]
	     62350 t.var_x.v.t : 0  [by t.s_24.in.f:=1]
	     62370 t.var_x.v.f : 1  [by t.var_x.v.t:=0]
	     62580 t.var_y.v.t : 0  [by t.s_27.in.f:=1]
	     62600 t.var_y.v.f : 1  [by t.var_y.v.t:=0]
	     62810 t.var_z.v.t : 0  [by t.s_30.in.f:=1]
	     62830 t.var_z.v.f : 1  [by t.var_z.v.t:=0]
	     63040 t.var_w.v.t : 0  [by t.s_33.in.f:=1]
	     63060 t.var_w.v.f : 1  [by t.var_w.v.t:=0]
	     63270 t.var_a.v.t : 0  [by t.s_36.in.f:=1]
	     63290 t.var_a.v.f : 1  [by t.var_a.v.t:=0]
	     63500 t.var_b.v.t : 0  [by t.s_39.in.f:=1]
	     63520 t.var_b.v.f : 1  [by t.var_b.v.t:=0]
	     63730 t.var_c.v.t : 0  [by t.s_42.in.f:=1]
	     63750 t.var_c.v.f : 1  [by t.var_c.v.t:=0]
	     63960 t.var_d.v.t : 0  [by t.s_45.in.f:=1]
	     63980 t.var_d.v.f : 1  [by t.var_d.v.t:=0]
	     64190 t.var_x.v.f : 0  [by t.s_48.in.t:=1]
	     64210 t.var_x.v.t : 1  [by t.var_x.v.f:=0]
	     64420 t.var_y.v.f : 0  [by t.s_51.in.t:=1]
	     64440 t.var_y.v.t : 1  [by t.var_y.v.f:=0]
	     64650 t.var_z.v.f : 0  [by t.s_54.in.t:=1]
	     64670 t.var_z.v.t : 1  [by t.var_z.v.f:=0]
	     64880 t.var_w.v.f : 0  [by t.s_57.in.t:=1]
	     64900 t.var_w.v.t : 1  [by t.var_w.v.f:=0]
	     65110 t.var_a.v.f : 0  [by t.s_60.in.t:=1]
	     65130 t.var_a.v.t : 1  [by t.var_a.v.f:=0]
	     65340 t.var_b.v.f : 0  [by t.s_63.in.t:=1]
	     65360 t.var_b.v.t : 1  [by t.var_b.v.f:=0]
	     65570 t.var_c.v.f : 0  [by t.s_66.in.t:=1]
	     65590 t.var_c.v.t : 1  [by t.var_c.v.f:=0]
	     65800 t.var_d.v.f : 0  [by t.s_69.in.t:=1]
	     65820 t.var_d.v.t : 1  [by t.var_d.v.f:=0]
	     66030 t.var_x.v.t : 0  [by t.s_72.in.f:=1]
	     66050 t.var_x.v.f : 1  [by t.var_x.v.t:=0]
	     66260 t.var_y.v.t : 0  [by t.s_75.in.f:=1]
	     66280 t.var_y.v.f : 1  [by t.var_y.v.t:=0]
	     66490 t.var_z.v.t : 0  [by t.s_78.in.f:=1]
	     66510 t.var_z.v.f : 1  [by t.var_z.v.t:=0]
	     66720 t.var_w.v.t : 0  [by t.s_81.in.f:=1]
	     66740 t.var_w.v.f : 1  [by t.var_w.v.t:=0]
	     66950 t.var_a.v.t : 0  [by t.s_84.in.f:=1]
	     66970 t.var_a.v.f : 1  [by t.var_a.v.t:=0]
	     67180 t.var_b.v.t : 0  [by t.s_87.in.f:=1]
	     67200 t.var_b.v.f : 1  [by t.var_b.v.t:=0]
	     67410 t.var_c.v.t : 0  [by t.s_90.in.f:=1]
	     67430 t.var_c.v.f : 1  [by t.var_c.v.t:=0]
	     67640 t.var_d.v.t : 0  [by t.s_93.in.f:=1]
	     67660 t.var_d.v.f : 1  [by t.var_d.v.t:=0]
	     67870 t.var_x.v.f : 0  [by t.s_96.in.t:=1]
	     67890 t.var_x.v.t : 1  [by t.var_x.v.f:=0]
	     68100 t.var_y.v.f : 0  [by t.s_99.in.t:=1]
	     68120 t.var_y.v.t : 1  [by t.var_y.v.f:=0]
	     68330 t.var_z.v.f : 0  [by t.e_70.out.t:=1]
	     68350 t.var_z.v.t : 1  [by t.var_z.v.f:=0]
	     68560 t.var_w.v.f : 0  [by t.e_72.out.t:=1]
	     68580 t.var_w.v.t : 1  [by t.var_w.v.f:=0]
	     68790 t.var_a.v.f : 0  [by t.e_74.out.t:=1]
	     68810 t.var_a.v.t : 1  [by t.var_a.v.f:=0]
	     69020 t.var_b.v.f : 0  [by t.e_76.out.t:=1]
	     69040 t.var_b.v.t : 1  [by t.var_b.v.f:=0]
	     69250 t.var_c.v.f : 0  [by t.e_78.out.t:=1]
	     69270 t.var_c.v.t : 1  [by t.var_c.v.f:=0]
	     69480 t.var_d.v.f : 0  [by t.e_80.out.t:=1]
	     69500 t.var_d.v.t : 1  [by t.var_d.v.f:=0]
	     69710 t.var_x.v.t : 0  [by t.e_82.out.f:=1]
	     69730 t.var_x.v.f : 1  [by t.var_x.v.t:=0]
	     69940 t.var_y.v.t : 0  [by t.e_84.out.f:=1]
	     69960 t.var_y.v.f : 1  [by t.var_y.v.t:=0]
	     70170 t.var_z.v.t : 0  [by t.e_86.out.f:=1]
	     70190 t.var_z.v.f : 1  [by t.var_z.v.t:=0]
	     70400 t.var_w.v.t : 0  [by t.e_88.out.f:=1]
	     70420 t.var_w.v.f : 1  [by t.var_w.v.t:=0]
	     70630 t.var_a.v.t : 0  [by t.e_90.out.f:=1]
	     70650 t.var_a.v.f : 1  [by t.var_a.v.t:=0]
	     70860 t.var_b.v.t : 0  [by t.e_92.out.f:=1]
	     70880 t.var_b.v.f : 1  [by t.var_b.v.t:=0]
	     71090 t.var_c.v.t : 0  [by t.e_94.out.f:=1]
	     71110 t.var_c.v.f : 1  [by t.var_c.v.t:=0]
	     71320 t.var_d.v.t : 0  [by t.e_96.out.f:=1]
	     71340 t.var_d.v.f : 1  [by t.var_d.v.t:=0]
	     71360 t.go.a : 1  [by t.s_141._goa:=0]
	     71360 t.go.r : 0
	     75200 t.go.a : 0  [by t.s_141._goa:=1]
